Component: ARM Compiler 5.06 update 7 (build 960) Tool: armlink [4d3601]

==============================================================================

Section Cross References

    startup_stm32f411xe.o(RESET) refers to startup_stm32f411xe.o(STACK) for __initial_sp
    startup_stm32f411xe.o(RESET) refers to startup_stm32f411xe.o(.text) for Reset_Handler
    startup_stm32f411xe.o(RESET) refers to stm32f4xx_it.o(i.NMI_Handler) for NMI_Handler
    startup_stm32f411xe.o(RESET) refers to stm32f4xx_it.o(i.HardFault_Handler) for HardFault_Handler
    startup_stm32f411xe.o(RESET) refers to stm32f4xx_it.o(i.MemManage_Handler) for MemManage_Handler
    startup_stm32f411xe.o(RESET) refers to stm32f4xx_it.o(i.BusFault_Handler) for BusFault_Handler
    startup_stm32f411xe.o(RESET) refers to stm32f4xx_it.o(i.UsageFault_Handler) for UsageFault_Handler
    startup_stm32f411xe.o(RESET) refers to port.o(.emb_text) for SVC_Handler
    startup_stm32f411xe.o(RESET) refers to stm32f4xx_it.o(i.DebugMon_Handler) for DebugMon_Handler
    startup_stm32f411xe.o(RESET) refers to cmsis_os2.o(i.SysTick_Handler) for SysTick_Handler
    startup_stm32f411xe.o(RESET) refers to stm32f4xx_it.o(i.DMA1_Stream0_IRQHandler) for DMA1_Stream0_IRQHandler
    startup_stm32f411xe.o(RESET) refers to stm32f4xx_it.o(i.DMA1_Stream4_IRQHandler) for DMA1_Stream4_IRQHandler
    startup_stm32f411xe.o(RESET) refers to stm32f4xx_it.o(i.TIM1_TRG_COM_TIM11_IRQHandler) for TIM1_TRG_COM_TIM11_IRQHandler
    startup_stm32f411xe.o(RESET) refers to stm32f4xx_it.o(i.USART1_IRQHandler) for USART1_IRQHandler
    startup_stm32f411xe.o(RESET) refers to stm32f4xx_it.o(i.DMA2_Stream2_IRQHandler) for DMA2_Stream2_IRQHandler
    startup_stm32f411xe.o(RESET) refers to stm32f4xx_it.o(i.DMA2_Stream7_IRQHandler) for DMA2_Stream7_IRQHandler
    startup_stm32f411xe.o(RESET) refers to stm32f4xx_it.o(i.USART6_IRQHandler) for USART6_IRQHandler
    startup_stm32f411xe.o(RESET) refers to stm32f4xx_it.o(i.I2C3_EV_IRQHandler) for I2C3_EV_IRQHandler
    startup_stm32f411xe.o(.text) refers to system_stm32f4xx.o(i.SystemInit) for SystemInit
    startup_stm32f411xe.o(.text) refers to entry.o(.ARM.Collect$$$$00000000) for __main
    main.o(i.HAL_TIM_PeriodElapsedCallback) refers to stm32f4xx_hal.o(i.HAL_IncTick) for HAL_IncTick
    main.o(i.SystemClock_Config) refers to memseta.o(.text) for __aeabi_memclr4
    main.o(i.SystemClock_Config) refers to stm32f4xx_hal_rcc.o(i.HAL_RCC_OscConfig) for HAL_RCC_OscConfig
    main.o(i.SystemClock_Config) refers to stm32f4xx_hal_rcc.o(i.HAL_RCC_ClockConfig) for HAL_RCC_ClockConfig
    main.o(i.main) refers to stm32f4xx_hal.o(i.HAL_Init) for HAL_Init
    main.o(i.main) refers to main.o(i.SystemClock_Config) for SystemClock_Config
    main.o(i.main) refers to gpio.o(i.MX_GPIO_Init) for MX_GPIO_Init
    main.o(i.main) refers to stm32f4xx_hal_gpio.o(i.HAL_GPIO_WritePin) for HAL_GPIO_WritePin
    main.o(i.main) refers to cmsis_os2.o(i.osDelay) for osDelay
    main.o(i.main) refers to delay.o(i.delay_ms) for delay_ms
    main.o(i.main) refers to dma.o(i.MX_DMA_Init) for MX_DMA_Init
    main.o(i.main) refers to tim.o(i.MX_TIM9_Init) for MX_TIM9_Init
    main.o(i.main) refers to i2c.o(i.MX_I2C3_Init) for MX_I2C3_Init
    main.o(i.main) refers to tim.o(i.MX_TIM3_Init) for MX_TIM3_Init
    main.o(i.main) refers to i2c.o(i.MX_I2C1_Init) for MX_I2C1_Init
    main.o(i.main) refers to usart.o(i.MX_USART1_UART_Init) for MX_USART1_UART_Init
    main.o(i.main) refers to i2c.o(i.MX_I2C2_Init) for MX_I2C2_Init
    main.o(i.main) refers to adc.o(i.MX_ADC1_Init) for MX_ADC1_Init
    main.o(i.main) refers to usart.o(i.MX_USART6_UART_Init) for MX_USART6_UART_Init
    main.o(i.main) refers to tim.o(i.MX_TIM2_Init) for MX_TIM2_Init
    main.o(i.main) refers to tim.o(i.MX_TIM4_Init) for MX_TIM4_Init
    main.o(i.main) refers to delay.o(i.delay_init) for delay_init
    main.o(i.main) refers to uart_dma.o(i.StartUartRxDMA) for StartUartRxDMA
    main.o(i.main) refers to stm32f4xx_hal_tim.o(i.HAL_TIM_PWM_Start) for HAL_TIM_PWM_Start
    main.o(i.main) refers to oled_basic.o(i.InitGraph) for InitGraph
    main.o(i.main) refers to delay.o(i.HAL_Delay) for HAL_Delay
    main.o(i.main) refers to oled_draw.o(i.DrawString) for DrawString
    main.o(i.main) refers to oled_basic.o(i.UpdateScreen) for UpdateScreen
    main.o(i.main) refers to ws2812.o(i.WS_WriteAll_RGB) for WS_WriteAll_RGB
    main.o(i.main) refers to verfint_adc.o(i.Get_Vrefint_Proportion) for Get_Vrefint_Proportion
    main.o(i.main) refers to verfint_adc.o(i.Get_Temprate) for Get_Temprate
    main.o(i.main) refers to ms5837.o(i.MS5837_init) for MS5837_init
    main.o(i.main) refers to esc.o(i.ESC_Init) for ESC_Init
    main.o(i.main) refers to cmsis_os2.o(i.osKernelInitialize) for osKernelInitialize
    main.o(i.main) refers to freertos.o(i.MX_FREERTOS_Init) for MX_FREERTOS_Init
    main.o(i.main) refers to cmsis_os2.o(i.osKernelStart) for osKernelStart
    main.o(i.main) refers to tim.o(.bss) for htim2
[...]
    I2C1_ER_IRQHandler                       0x0800028b   Thumb Code     0  startup_stm32f411xe.o(.text)
    I2C1_EV_IRQHandler                       0x0800028b   Thumb Code     0  startup_stm32f411xe.o(.text)
    I2C2_ER_IRQHandler                       0x0800028b   Thumb Code     0  startup_stm32f411xe.o(.text)
    I2C2_EV_IRQHandler                       0x0800028b   Thumb Code     0  startup_stm32f411xe.o(.text)
    I2C3_ER_IRQHandler                       0x0800028b   Thumb Code     0  startup_stm32f411xe.o(.text)
    OTG_FS_IRQHandler                        0x0800028b   Thumb Code     0  startup_stm32f411xe.o(.text)
    OTG_FS_WKUP_IRQHandler                   0x0800028b   Thumb Code     0  startup_stm32f411xe.o(.text)
    PVD_IRQHandler                           0x0800028b   Thumb Code     0  startup_stm32f411xe.o(.text)
    RCC_IRQHandler                           0x0800028b   Thumb Code     0  startup_stm32f411xe.o(.text)
    RTC_Alarm_IRQHandler                     0x0800028b   Thumb Code     0  startup_stm32f411xe.o(.text)
    RTC_WKUP_IRQHandler                      0x0800028b   Thumb Code     0  startup_stm32f411xe.o(.text)
    SDIO_IRQHandler                          0x0800028b   Thumb Code     0  startup_stm32f411xe.o(.text)
    SPI1_IRQHandler                          0x0800028b   Thumb Code     0  startup_stm32f411xe.o(.text)
    SPI2_IRQHandler                          0x0800028b   Thumb Code     0  startup_stm32f411xe.o(.text)
    SPI3_IRQHandler                          0x0800028b   Thumb Code     0  startup_stm32f411xe.o(.text)
    SPI4_IRQHandler                          0x0800028b   Thumb Code     0  startup_stm32f411xe.o(.text)
    SPI5_IRQHandler                          0x0800028b   Thumb Code     0  startup_stm32f411xe.o(.text)
    TAMP_STAMP_IRQHandler                    0x0800028b   Thumb Code     0  startup_stm32f411xe.o(.text)
    TIM1_BRK_TIM9_IRQHandler                 0x0800028b   Thumb Code     0  startup_stm32f411xe.o(.text)
    TIM1_CC_IRQHandler                       0x0800028b   Thumb Code     0  startup_stm32f411xe.o(.text)
    TIM1_UP_TIM10_IRQHandler                 0x0800028b   Thumb Code     0  startup_stm32f411xe.o(.text)
    TIM2_IRQHandler                          0x0800028b   Thumb Code     0  startup_stm32f411xe.o(.text)
    TIM3_IRQHandler                          0x0800028b   Thumb Code     0  startup_stm32f411xe.o(.text)
    TIM4_IRQHandler                          0x0800028b   Thumb Code     0  startup_stm32f411xe.o(.text)
    TIM5_IRQHandler                          0x0800028b   Thumb Code     0  startup_stm32f411xe.o(.text)
    USART2_IRQHandler                        0x0800028b   Thumb Code     0  startup_stm32f411xe.o(.text)
    WWDG_IRQHandler                          0x0800028b   Thumb Code     0  startup_stm32f411xe.o(.text)
    __aeabi_uldivmod                         0x08000295   Thumb Code    98  uldiv.o(.text)
    __aeabi_ldivmod                          0x080002f7   Thumb Code    98  ldiv.o(.text)
    __aeabi_memcpy                           0x08000359   Thumb Code    36  memcpya.o(.text)
    __aeabi_memcpy4                          0x08000359   Thumb Code     0  memcpya.o(.text)
    __aeabi_memcpy8                          0x08000359   Thumb Code     0  memcpya.o(.text)
    __aeabi_memset                           0x0800037d   Thumb Code    14  memseta.o(.text)
    __aeabi_memset4                          0x0800037d   Thumb Code     0  memseta.o(.text)
    __aeabi_memset8                          0x0800037d   Thumb Code     0  memseta.o(.text)
    __aeabi_memclr                           0x0800038b   Thumb Code     4  memseta.o(.text)
    __aeabi_memclr4                          0x0800038b   Thumb Code     0  memseta.o(.text)
    __aeabi_memclr8                          0x0800038b   Thumb Code     0  memseta.o(.text)
    memset                                   0x0800038f   Thumb Code    18  memseta.o(.text)
    atoi                                     0x080003a1   Thumb Code    26  atoi.o(.text)
    __aeabi_dadd                             0x080003bb   Thumb Code   322  dadd.o(.text)
    __aeabi_dsub                             0x080004fd   Thumb Code     6  dadd.o(.text)
    __aeabi_drsub                            0x08000503   Thumb Code     6  dadd.o(.text)
    __aeabi_dmul                             0x08000509   Thumb Code   228  dmul.o(.text)
    __aeabi_ddiv                             0x080005ed   Thumb Code   222  ddiv.o(.text)
    __aeabi_i2d                              0x080006cb   Thumb Code    34  dflti.o(.text)
    __aeabi_f2d                              0x080006ed   Thumb Code    38  f2d.o(.text)
    __aeabi_cdcmpeq                          0x08000715   Thumb Code     0  cdcmple.o(.text)
    __aeabi_cdcmple                          0x08000715   Thumb Code    48  cdcmple.o(.text)
    __aeabi_cdrcmple                         0x08000745   Thumb Code    48  cdrcmple.o(.text)
    __aeabi_uidiv                            0x08000775   Thumb Code     0  uidiv.o(.text)
    __aeabi_uidivmod                         0x08000775   Thumb Code    44  uidiv.o(.text)
    __aeabi_llsl                             0x080007a1   Thumb Code    30  llshl.o(.text)
    _ll_shift_l                              0x080007a1   Thumb Code     0  llshl.o(.text)
    __aeabi_llsr                             0x080007bf   Thumb Code    32  llushr.o(.text)
    _ll_ushift_r                             0x080007bf   Thumb Code     0  llushr.o(.text)
    __aeabi_lasr                             0x080007df   Thumb Code    36  llsshr.o(.text)
    _ll_sshift_r                             0x080007df   Thumb Code     0  llsshr.o(.text)
    strtol                                   0x08000803   Thumb Code   112  strtol.o(.text)
    __I$use$fp                               0x08000873   Thumb Code     0  iusefp.o(.text)
    _double_round                            0x08000873   Thumb Code    30  depilogue.o(.text)
    _double_epilogue                         0x08000891   Thumb Code   156  depilogue.o(.text)
    __aeabi_d2ulz                            0x0800092d   Thumb Code    48  dfixul.o(.text)
    __scatterload                            0x0800095d   Thumb Code    28  init.o(.text)
    __scatterload_rt2                        0x0800095d   Thumb Code     0  init.o(.text)
    __rt_ctype_table                         0x08000981   Thumb Code     4  ctype_o.o(.text)
    _strtoul                                 0x08000989   Thumb Code   158  _strtoul.o(.text)
    _chval                                   0x08000a27   Thumb Code    28  _chval.o(.text)
    __decompress                             0x08000a43   Thumb Code     0  __dczerorl.o(.text)
    __decompress0                            0x08000a43   Thumb Code    58  __dczerorl.o(.text)
    BEEP_Task                                0x08000ba5   Thumb Code    16  freertos_task.o(i.BEEP_Task)
    BusFault_Handler                         0x08000bb9   Thumb Code     2  stm32f4xx_it.o(i.BusFault_Handler)
    DMA1_Stream0_IRQHandler                  0x08000bbd   Thumb Code     6  stm32f4xx_it.o(i.DMA1_Stream0_IRQHandler)
    DMA1_Stream4_IRQHandler                  0x08000bc9   Thumb Code     6  stm32f4xx_it.o(i.DMA1_Stream4_IRQHandler)
    DMA2_Stream2_IRQHandler                  0x08000bd5   Thumb Code     6  stm32f4xx_it.o(i.DMA2_Stream2_IRQHandler)
    DMA2_Stream7_IRQHandler                  0x08000be1   Thumb Code     6  stm32f4xx_it.o(i.DMA2_Stream7_IRQHandler)
    DataProcess                              0x08000c91   Thumb Code   122  uart_dma.o(i.DataProcess)
    DebugMon_Handler                         0x08000d19   Thumb Code     2  stm32f4xx_it.o(i.DebugMon_Handler)
    DrawChar                                 0x08000d1d   Thumb Code   282  oled_draw.o(i.DrawChar)
    DrawString                               0x08000e41   Thumb Code   112  oled_draw.o(i.DrawString)
    DriverInit                               0x08000eb1   Thumb Code     4  oled_config.o(i.DriverInit)
    ESC_Init                                 0x08000eb5   Thumb Code   266  esc.o(i.ESC_Init)
    Error_Handler                            0x08000fc9   Thumb Code     4  main.o(i.Error_Handler)
    GetDrawColor                             0x08000fcd   Thumb Code     6  oled_color.o(i.GetDrawColor)
    GetFontSize                              0x08000fd9   Thumb Code     6  oled_font.o(i.GetFontSize)
    GetTextBkMode                            0x08000fe5   Thumb Code     6  oled_font.o(i.GetTextBkMode)
    Get_Temprate                             0x08000ff1   Thumb Code    54  verfint_adc.o(i.Get_Temprate)
    Get_Vrefint_Proportion                   0x0800103d   Thumb Code    48  verfint_adc.o(i.Get_Vrefint_Proportion)
    Grap                                     0x08001079   Thumb Code    28  freertos_task.o(i.Grap)
    HAL_ADC_ConfigChannel                    0x0800109d   Thumb Code   334  stm32f4xx_hal_adc.o(i.HAL_ADC_ConfigChannel)
    HAL_ADC_GetValue                         0x08001201   Thumb Code     6  stm32f4xx_hal_adc.o(i.HAL_ADC_GetValue)
    HAL_ADC_Init                             0x08001207   Thumb Code    84  stm32f4xx_hal_adc.o(i.HAL_ADC_Init)
    HAL_ADC_MspInit                          0x0800125d   Thumb Code    30  adc.o(i.HAL_ADC_MspInit)
    HAL_ADC_PollForConversion                0x08001285   Thumb Code   170  stm32f4xx_hal_adc.o(i.HAL_ADC_PollForConversion)
    HAL_ADC_Start                            0x08001331   Thumb Code   188  stm32f4xx_hal_adc.o(i.HAL_ADC_Start)
    HAL_ADC_Stop                             0x080013fd   Thumb Code    60  stm32f4xx_hal_adc.o(i.HAL_ADC_Stop)
    HAL_DMA_Abort                            0x08001439   Thumb Code   146  stm32f4xx_hal_dma.o(i.HAL_DMA_Abort)
    HAL_DMA_Abort_IT                         0x080014cb   Thumb Code    36  stm32f4xx_hal_dma.o(i.HAL_DMA_Abort_IT)
    HAL_DMA_GetError                         0x080014ef   Thumb Code     4  stm32f4xx_hal_dma.o(i.HAL_DMA_GetError)
    HAL_DMA_GetState                         0x080014f3   Thumb Code     6  stm32f4xx_hal_dma.o(i.HAL_DMA_GetState)
    HAL_DMA_IRQHandler                       0x080014f9   Thumb Code   412  stm32f4xx_hal_dma.o(i.HAL_DMA_IRQHandler)
    HAL_DMA_Init                             0x08001699   Thumb Code   206  stm32f4xx_hal_dma.o(i.HAL_DMA_Init)
    HAL_DMA_Start_IT                         0x0800176d   Thumb Code   110  stm32f4xx_hal_dma.o(i.HAL_DMA_Start_IT)
    HAL_Delay                                0x080017dd   Thumb Code    24  delay.o(i.HAL_Delay)
    HAL_GPIO_Init                            0x080017f5   Thumb Code   446  stm32f4xx_hal_gpio.o(i.HAL_GPIO_Init)
    HAL_GPIO_ReadPin                         0x080019d5   Thumb Code    10  stm32f4xx_hal_gpio.o(i.HAL_GPIO_ReadPin)
    HAL_GPIO_WritePin                        0x080019df   Thumb Code    10  stm32f4xx_hal_gpio.o(i.HAL_GPIO_WritePin)
    HAL_GetTick                              0x080019e9   Thumb Code     6  stm32f4xx_hal.o(i.HAL_GetTick)
    HAL_I2C_AbortCpltCallback                0x080019f5   Thumb Code     2  stm32f4xx_hal_i2c.o(i.HAL_I2C_AbortCpltCallback)
    HAL_I2C_AddrCallback                     0x080019f7   Thumb Code     2  stm32f4xx_hal_i2c.o(i.HAL_I2C_AddrCallback)
    HAL_I2C_EV_IRQHandler                    0x080019f9   Thumb Code   560  stm32f4xx_hal_i2c.o(i.HAL_I2C_EV_IRQHandler)
    HAL_I2C_ErrorCallback                    0x08001c29   Thumb Code     2  stm32f4xx_hal_i2c.o(i.HAL_I2C_ErrorCallback)
    HAL_I2C_Init                             0x08001c2d   Thumb Code   376  stm32f4xx_hal_i2c.o(i.HAL_I2C_Init)
    HAL_I2C_ListenCpltCallback               0x08001db5   Thumb Code     2  stm32f4xx_hal_i2c.o(i.HAL_I2C_ListenCpltCallback)
    HAL_I2C_MasterRxCpltCallback             0x08001db7   Thumb Code     2  stm32f4xx_hal_i2c.o(i.HAL_I2C_MasterRxCpltCallback)
    HAL_I2C_MasterTxCpltCallback             0x08001db9   Thumb Code     2  stm32f4xx_hal_i2c.o(i.HAL_I2C_MasterTxCpltCallback)
    HAL_I2C_Master_Receive                   0x08001dbd   Thumb Code   468  stm32f4xx_hal_i2c.o(i.HAL_I2C_Master_Receive)
    HAL_I2C_Master_Transmit                  0x08001f9d   Thumb Code   290  stm32f4xx_hal_i2c.o(i.HAL_I2C_Master_Transmit)
    HAL_I2C_MemRxCpltCallback                0x080020c9   Thumb Code     2  stm32f4xx_hal_i2c.o(i.HAL_I2C_MemRxCpltCallback)
    HAL_I2C_MemTxCpltCallback                0x080020cb   Thumb Code     2  stm32f4xx_hal_i2c.o(i.HAL_I2C_MemTxCpltCallback)
    HAL_I2C_Mem_Write_DMA                    0x080020cd   Thumb Code   396  stm32f4xx_hal_i2c.o(i.HAL_I2C_Mem_Write_DMA)
    HAL_I2C_MspInit                          0x08002269   Thumb Code   364  i2c.o(i.HAL_I2C_MspInit)
    HAL_I2C_SlaveRxCpltCallback              0x080023f5   Thumb Code     2  stm32f4xx_hal_i2c.o(i.HAL_I2C_SlaveRxCpltCallback)
    HAL_I2C_SlaveTxCpltCallback              0x080023f7   Thumb Code     2  stm32f4xx_hal_i2c.o(i.HAL_I2C_SlaveTxCpltCallback)
    HAL_IncTick                              0x080023f9   Thumb Code    12  stm32f4xx_hal.o(i.HAL_IncTick)
    HAL_Init                                 0x08002409   Thumb Code    48  stm32f4xx_hal.o(i.HAL_Init)
    HAL_InitTick                             0x0800243d   Thumb Code    98  stm32f4xx_hal_timebase_tim.o(i.HAL_InitTick)
    HAL_MspInit                              0x080024b1   Thumb Code    52  stm32f4xx_hal_msp.o(i.HAL_MspInit)
    HAL_NVIC_EnableIRQ                       0x080024e9   Thumb Code    26  stm32f4xx_hal_cortex.o(i.HAL_NVIC_EnableIRQ)
    HAL_NVIC_SetPriority                     0x08002505   Thumb Code    60  stm32f4xx_hal_cortex.o(i.HAL_NVIC_SetPriority)
    HAL_NVIC_SetPriorityGrouping             0x08002545   Thumb Code    26  stm32f4xx_hal_cortex.o(i.HAL_NVIC_SetPriorityGrouping)
    HAL_RCC_ClockConfig                      0x08002569   Thumb Code   288  stm32f4xx_hal_rcc.o(i.HAL_RCC_ClockConfig)
    HAL_RCC_GetClockConfig                   0x0800269d   Thumb Code    54  stm32f4xx_hal_rcc.o(i.HAL_RCC_GetClockConfig)
    HAL_RCC_GetPCLK1Freq                     0x080026dd   Thumb Code    20  stm32f4xx_hal_rcc.o(i.HAL_RCC_GetPCLK1Freq)
    HAL_RCC_GetPCLK2Freq                     0x080026fd   Thumb Code    20  stm32f4xx_hal_rcc.o(i.HAL_RCC_GetPCLK2Freq)
    HAL_RCC_GetSysClockFreq                  0x0800271d   Thumb Code    88  stm32f4xx_hal_rcc.o(i.HAL_RCC_GetSysClockFreq)
    HAL_RCC_OscConfig                        0x08002781   Thumb Code   856  stm32f4xx_hal_rcc.o(i.HAL_RCC_OscConfig)
    HAL_TIMEx_BreakCallback                  0x08002aed   Thumb Code     2  stm32f4xx_hal_tim_ex.o(i.HAL_TIMEx_BreakCallback)
    HAL_TIMEx_CommutCallback                 0x08002aef   Thumb Code     2  stm32f4xx_hal_tim_ex.o(i.HAL_TIMEx_CommutCallback)
    HAL_TIMEx_MasterConfigSynchronization    0x08002af1   Thumb Code   104  stm32f4xx_hal_tim_ex.o(i.HAL_TIMEx_MasterConfigSynchronization)
    HAL_TIM_Base_Init                        0x08002b6d   Thumb Code    90  stm32f4xx_hal_tim.o(i.HAL_TIM_Base_Init)
    HAL_TIM_Base_MspInit                     0x08002bc9   Thumb Code    84  tim.o(i.HAL_TIM_Base_MspInit)
    HAL_TIM_Base_Start_IT                    0x08002c2d   Thumb Code    88  stm32f4xx_hal_tim.o(i.HAL_TIM_Base_Start_IT)
    HAL_TIM_ConfigClockSource                0x08002c99   Thumb Code   220  stm32f4xx_hal_tim.o(i.HAL_TIM_ConfigClockSource)
    HAL_TIM_ErrorCallback                    0x08002d75   Thumb Code     2  stm32f4xx_hal_tim.o(i.HAL_TIM_ErrorCallback)
    HAL_TIM_IC_CaptureCallback               0x08002d77   Thumb Code     2  stm32f4xx_hal_tim.o(i.HAL_TIM_IC_CaptureCallback)
    HAL_TIM_IRQHandler                       0x08002d79   Thumb Code   358  stm32f4xx_hal_tim.o(i.HAL_TIM_IRQHandler)
    HAL_TIM_MspPostInit                      0x08002ee1   Thumb Code   232  tim.o(i.HAL_TIM_MspPostInit)
    HAL_TIM_OC_DelayElapsedCallback          0x08002fe1   Thumb Code     2  stm32f4xx_hal_tim.o(i.HAL_TIM_OC_DelayElapsedCallback)
    HAL_TIM_PWM_ConfigChannel                0x08002fe3   Thumb Code   204  stm32f4xx_hal_tim.o(i.HAL_TIM_PWM_ConfigChannel)
    HAL_TIM_PWM_Init                         0x080030af   Thumb Code    90  stm32f4xx_hal_tim.o(i.HAL_TIM_PWM_Init)
    HAL_TIM_PWM_MspInit                      0x08003109   Thumb Code    78  tim.o(i.HAL_TIM_PWM_MspInit)
    HAL_TIM_PWM_PulseFinishedCallback        0x08003165   Thumb Code     2  stm32f4xx_hal_tim.o(i.HAL_TIM_PWM_PulseFinishedCallback)
    HAL_TIM_PWM_PulseFinishedHalfCpltCallback 0x08003167   Thumb Code     2  stm32f4xx_hal_tim.o(i.HAL_TIM_PWM_PulseFinishedHalfCpltCallback)
    HAL_TIM_PWM_Start                        0x08003169   Thumb Code   156  stm32f4xx_hal_tim.o(i.HAL_TIM_PWM_Start)
    HAL_TIM_PWM_Start_DMA                    0x08003219   Thumb Code   388  stm32f4xx_hal_tim.o(i.HAL_TIM_PWM_Start_DMA)
    HAL_TIM_PWM_Stop                         0x080033bd   Thumb Code   108  stm32f4xx_hal_tim.o(i.HAL_TIM_PWM_Stop)
    HAL_TIM_PeriodElapsedCallback            0x0800342d   Thumb Code    14  main.o(i.HAL_TIM_PeriodElapsedCallback)
    HAL_TIM_TriggerCallback                  0x08003441   Thumb Code     2  stm32f4xx_hal_tim.o(i.HAL_TIM_TriggerCallback)
    HAL_UARTEx_RxEventCallback               0x08003443   Thumb Code     2  stm32f4xx_hal_uart.o(i.HAL_UARTEx_RxEventCallback)
    HAL_UART_DMAStop                         0x08003445   Thumb Code   112  stm32f4xx_hal_uart.o(i.HAL_UART_DMAStop)
    HAL_UART_ErrorCallback                   0x080034b5   Thumb Code     2  stm32f4xx_hal_uart.o(i.HAL_UART_ErrorCallback)
    HAL_UART_IRQHandler                      0x080034b9   Thumb Code   610  stm32f4xx_hal_uart.o(i.HAL_UART_IRQHandler)
    HAL_UART_IdleCallback                    0x08003721   Thumb Code    26  uart_dma.o(i.HAL_UART_IdleCallback)
    HAL_UART_Init                            0x0800373b   Thumb Code    98  stm32f4xx_hal_uart.o(i.HAL_UART_Init)
    HAL_UART_MspInit                         0x0800379d   Thumb Code   280  usart.o(i.HAL_UART_MspInit)
    HAL_UART_Receive_DMA                     0x080038cd   Thumb Code    42  stm32f4xx_hal_uart.o(i.HAL_UART_Receive_DMA)
    HAL_UART_RxCpltCallback                  0x080038f9   Thumb Code    22  uart_dma.o(i.HAL_UART_RxCpltCallback)
    HAL_UART_RxHalfCpltCallback              0x08003915   Thumb Code     2  stm32f4xx_hal_uart.o(i.HAL_UART_RxHalfCpltCallback)
    HAL_UART_Transmit_DMA                    0x08003919   Thumb Code   126  stm32f4xx_hal_uart.o(i.HAL_UART_Transmit_DMA)
    HAL_UART_TxCpltCallback                  0x080039a5   Thumb Code    14  uart_dma.o(i.HAL_UART_TxCpltCallback)
    HAL_UART_TxHalfCpltCallback              0x080039bd   Thumb Code     2  stm32f4xx_hal_uart.o(i.HAL_UART_TxHalfCpltCallback)
    HardFault_Handler                        0x080039bf   Thumb Code     2  stm32f4xx_it.o(i.HardFault_Handler)
    I2C3_EV_IRQHandler                       0x080039c1   Thumb Code     6  stm32f4xx_it.o(i.I2C3_EV_IRQHandler)
    InitGraph                                0x080048c3   Thumb Code     4  oled_basic.o(i.InitGraph)
    KalmanFilter                             0x080048c9   Thumb Code   286  kalman.o(i.KalmanFilter)
    Kalman_Init                              0x08004a19   Thumb Code    38  kalman.o(i.Kalman_Init)
    LED_Task                                 0x08004a59   Thumb Code   186  freertos_task.o(i.LED_Task)
    MPU6050_Task                             0x08004b35   Thumb Code     8  freertos_task.o(i.MPU6050_Task)
    MS5837_Read_Task                         0x08004b3d   Thumb Code    34  freertos_task.o(i.MS5837_Read_Task)
    MS5837_init                              0x08004b6d   Thumb Code   226  ms5837.o(i.MS5837_init)
    MS5837_read                              0x08004c59   Thumb Code    72  ms5837.o(i.MS5837_read)
    MX_ADC1_Init                             0x08004ca5   Thumb Code    88  adc.o(i.MX_ADC1_Init)
    MX_DMA_Init                              0x08004d09   Thumb Code   104  dma.o(i.MX_DMA_Init)
    MX_FREERTOS_Init                         0x08004d75   Thumb Code   128  freertos.o(i.MX_FREERTOS_Init)
    MX_GPIO_Init                             0x08004e25   Thumb Code   204  gpio.o(i.MX_GPIO_Init)
    MX_I2C1_Init                             0x08004f01   Thumb Code    50  i2c.o(i.MX_I2C1_Init)
    MX_I2C2_Init                             0x08004f41   Thumb Code    50  i2c.o(i.MX_I2C2_Init)
    MX_I2C3_Init                             0x08004f81   Thumb Code    50  i2c.o(i.MX_I2C3_Init)
    MX_TIM2_Init                             0x08004fc1   Thumb Code   126  tim.o(i.MX_TIM2_Init)
    MX_TIM3_Init                             0x08005045   Thumb Code   156  tim.o(i.MX_TIM3_Init)
    MX_TIM4_Init                             0x080050e9   Thumb Code   142  tim.o(i.MX_TIM4_Init)
    MX_TIM9_Init                             0x08005181   Thumb Code   102  tim.o(i.MX_TIM9_Init)
    MX_USART1_UART_Init                      0x080051f1   Thumb Code    48  usart.o(i.MX_USART1_UART_Init)
    MX_USART6_UART_Init                      0x08005229   Thumb Code    48  usart.o(i.MX_USART6_UART_Init)
    MemManage_Handler                        0x08005261   Thumb Code     2  stm32f4xx_it.o(i.MemManage_Handler)
    Motor_Set                                0x08005265   Thumb Code    60  movement.o(i.Motor_Set)
    Move_Task                                0x080052a9   Thumb Code   652  movement.o(i.Move_Task)
    NMI_Handler                              0x08005575   Thumb Code     2  stm32f4xx_it.o(i.NMI_Handler)
    OLED_CLS                                 0x08005579   Thumb Code    54  oled_driver.o(i.OLED_CLS)
    OLED_FILL                                0x080055b9   Thumb Code    24  oled_driver.o(i.OLED_FILL)
    OLED_Init                                0x080055d5   Thumb Code    42  oled_driver.o(i.OLED_Init)
    OLED_Task                                0x08005609   Thumb Code    64  freertos_task.o(i.OLED_Task)
    OledTimeMsFunc                           0x0800564d   Thumb Code    14  oled_config.o(i.OledTimeMsFunc)
    PID_calc                                 0x08005661   Thumb Code   292  pid.o(i.PID_calc)
    PID_init                                 0x08005789   Thumb Code    88  pid.o(i.PID_init)
    ProcessData                              0x080057e5   Thumb Code    60  uart_dma.o(i.ProcessData)
    Range2Percentage                         0x0800582d   Thumb Code    44  range2percentage.o(i.Range2Percentage)
    SetPointBuffer                           0x0800585d   Thumb Code    68  oled_buffer.o(i.SetPointBuffer)
    StartUartRxDMA                           0x080058ad   Thumb Code    10  uart_dma.o(i.StartUartRxDMA)
    StartUartTxDMA                           0x080058c1   Thumb Code    12  uart_dma.o(i.StartUartTxDMA)
    SysTick_Handler                          0x080058d9   Thumb Code    26  cmsis_os2.o(i.SysTick_Handler)
    SystemClock_Config                       0x080058f5   Thumb Code   136  main.o(i.SystemClock_Config)
    SystemInit                               0x08005985   Thumb Code    12  system_stm32f4xx.o(i.SystemInit)
    TIM1_TRG_COM_TIM11_IRQHandler            0x08005995   Thumb Code    16  stm32f4xx_it.o(i.TIM1_TRG_COM_TIM11_IRQHandler)
    TIM_Base_SetConfig                       0x080059a9   Thumb Code   122  stm32f4xx_hal_tim.o(i.TIM_Base_SetConfig)
    TIM_CCxChannelCmd                        0x08005a41   Thumb Code    26  stm32f4xx_hal_tim.o(i.TIM_CCxChannelCmd)
    TIM_DMADelayPulseHalfCplt                0x08005ab9   Thumb Code    56  stm32f4xx_hal_tim.o(i.TIM_DMADelayPulseHalfCplt)
    TIM_DMAError                             0x08005af1   Thumb Code    84  stm32f4xx_hal_tim.o(i.TIM_DMAError)
    TIM_ETR_SetConfig                        0x08005b45   Thumb Code    20  stm32f4xx_hal_tim.o(i.TIM_ETR_SetConfig)
    TIM_OC2_SetConfig                        0x08005bb9   Thumb Code    84  stm32f4xx_hal_tim.o(i.TIM_OC2_SetConfig)
    Turn_Check_Task                          0x08005cf5   Thumb Code   124  freertos_task.o(i.Turn_Check_Task)
    UART_Start_Receive_DMA                   0x08006101   Thumb Code   130  stm32f4xx_hal_uart.o(i.UART_Start_Receive_DMA)
    UKEY_Task                                0x08006191   Thumb Code    74  freertos_task.o(i.UKEY_Task)
    USART1_IRQHandler                        0x080061e5   Thumb Code    28  stm32f4xx_it.o(i.USART1_IRQHandler)
    USART6_IRQHandler                        0x08006205   Thumb Code     6  stm32f4xx_it.o(i.USART6_IRQHandler)
    UartRxData                               0x08006211   Thumb Code    32  uart_dma.o(i.UartRxData)
    UartTxData                               0x08006231   Thumb Code    38  uart_dma.o(i.UartTxData)
    UpdateScreen                             0x0800625d   Thumb Code     4  oled_basic.o(i.UpdateScreen)
    UpdateScreenBuffer                       0x08006261   Thumb Code     6  oled_config.o(i.UpdateScreenBuffer)
    UpdateScreenDisplay                      0x0800626d   Thumb Code     4  oled_buffer.o(i.UpdateScreenDisplay)
    UsageFault_Handler                       0x08006271   Thumb Code     2  stm32f4xx_it.o(i.UsageFault_Handler)
    WS2812_Task                              0x08006275   Thumb Code  1192  freertos_task.o(i.WS2812_Task)
    WS_Load                                  0x0800671d   Thumb Code    14  ws2812.o(i.WS_Load)
    WS_WriteAll_RGB                          0x08006735   Thumb Code   180  ws2812.o(i.WS_WriteAll_RGB)
    WriteByteBuffer                          0x080067ed   Thumb Code    20  oled_buffer.o(i.WriteByteBuffer)
    __0snprintf                              0x0800680d   Thumb Code    48  printfa.o(i.__0snprintf)
    __1snprintf                              0x0800680d   Thumb Code     0  printfa.o(i.__0snprintf)
    __2snprintf                              0x0800680d   Thumb Code     0  printfa.o(i.__0snprintf)
    __c89snprintf                            0x0800680d   Thumb Code     0  printfa.o(i.__0snprintf)
    snprintf                                 0x0800680d   Thumb Code     0  printfa.o(i.__0snprintf)
    __aeabi_errno_addr                       0x08006861   Thumb Code     4  errno.o(i.__aeabi_errno_addr)
    __rt_errno_addr                          0x08006861   Thumb Code     0  errno.o(i.__aeabi_errno_addr)
    __scatterload_copy                       0x08006869   Thumb Code    14  handlers.o(i.__scatterload_copy)
    __scatterload_null                       0x08006877   Thumb Code     2  handlers.o(i.__scatterload_null)
    __scatterload_zeroinit                   0x08006879   Thumb Code    14  handlers.o(i.__scatterload_zeroinit)
    adcx_get_chx_value                       0x08007129   Thumb Code    60  verfint_adc.o(i.adcx_get_chx_value)
    delay_init                               0x08007449   Thumb Code    18  delay.o(i.delay_init)
    delay_ms                                 0x08007465   Thumb Code    48  delay.o(i.delay_ms)
    main                                     0x0800749d   Thumb Code   272  main.o(i.main)
    oled_print_float                         0x080075d9   Thumb Code    52  oled_myapp.o(i.oled_print_float)
    osDelay                                  0x08007615   Thumb Code    26  cmsis_os2.o(i.osDelay)
    osKernelInitialize                       0x08007631   Thumb Code    32  cmsis_os2.o(i.osKernelInitialize)
    osKernelStart                            0x08007655   Thumb Code    48  cmsis_os2.o(i.osKernelStart)
    osThreadNew                              0x0800768d   Thumb Code   138  cmsis_os2.o(i.osThreadNew)
    osThreadResume                           0x08007717   Thumb Code    32  cmsis_os2.o(i.osThreadResume)
    osThreadSuspend                          0x08007737   Thumb Code    32  cmsis_os2.o(i.osThreadSuspend)
    pgm_read_byte                            0x08007757   Thumb Code     4  oled_basic.o(i.pgm_read_byte)
    pvPortMalloc                             0x08007f25   Thumb Code   216  heap_4.o(i.pvPortMalloc)
    pxPortInitialiseStack                    0x08008001   Thumb Code    40  port.o(i.pxPortInitialiseStack)
    str2int                                  0x0800802d   Thumb Code    68  numandstr.o(i.str2int)
    uxListRemove                             0x08008071   Thumb Code    38  list.o(i.uxListRemove)
    vApplicationGetIdleTaskMemory            0x08008099   Thumb Code    16  cmsis_os2.o(i.vApplicationGetIdleTaskMemory)
    vApplicationGetTimerTaskMemory           0x080080ad   Thumb Code    18  cmsis_os2.o(i.vApplicationGetTimerTaskMemory)
    vListInitialise                          0x080080c5   Thumb Code    22  list.o(i.vListInitialise)
    vListInitialiseItem                      0x080080db   Thumb Code     6  list.o(i.vListInitialiseItem)
    vListInsert                              0x080080e1   Thumb Code    48  list.o(i.vListInsert)
    vListInsertEnd                           0x08008111   Thumb Code    24  list.o(i.vListInsertEnd)
    vPortEnterCritical                       0x08008129   Thumb Code    54  port.o(i.vPortEnterCritical)
    vPortExitCritical                        0x08008169   Thumb Code    34  port.o(i.vPortExitCritical)
    vPortFree                                0x08008191   Thumb Code    94  heap_4.o(i.vPortFree)
    vPortSetupTimerInterrupt                 0x080081f5   Thumb Code    32  port.o(i.vPortSetupTimerInterrupt)
    vPortValidateInterruptPriority           0x08008219   Thumb Code    74  port.o(i.vPortValidateInterruptPriority)
    vQueueAddToRegistry                      0x0800826d   Thumb Code    34  queue.o(i.vQueueAddToRegistry)
    vQueueWaitForMessageRestricted           0x08008295   Thumb Code    68  queue.o(i.vQueueWaitForMessageRestricted)
    vTaskDelay                               0x080082d9   Thumb Code    66  tasks.o(i.vTaskDelay)
    vTaskInternalSetTimeOutState             0x08008325   Thumb Code    12  tasks.o(i.vTaskInternalSetTimeOutState)
    vTaskMissedYield                         0x08008335   Thumb Code     8  tasks.o(i.vTaskMissedYield)
    vTaskPlaceOnEventList                    0x08008341   Thumb Code    44  tasks.o(i.vTaskPlaceOnEventList)
    vTaskPlaceOnEventListRestricted          0x08008371   Thumb Code    52  tasks.o(i.vTaskPlaceOnEventListRestricted)
    vTaskResume                              0x080083a9   Thumb Code   110  tasks.o(i.vTaskResume)
    vTaskStartScheduler                      0x08008425   Thumb Code   118  tasks.o(i.vTaskStartScheduler)
    vTaskSuspend                             0x080084ad   Thumb Code   144  tasks.o(i.vTaskSuspend)
    vTaskSuspendAll                          0x08008549   Thumb Code    10  tasks.o(i.vTaskSuspendAll)
    vTaskSwitchContext                       0x08008559   Thumb Code    90  tasks.o(i.vTaskSwitchContext)
    xPortStartScheduler                      0x080085bd   Thumb Code   222  port.o(i.xPortStartScheduler)
    xPortSysTickHandler                      0x080086b1   Thumb Code    38  port.o(i.xPortSysTickHandler)
    xQueueGenericCreateStatic                0x080086dd   Thumb Code   102  queue.o(i.xQueueGenericCreateStatic)
    xQueueGenericReset                       0x08008745   Thumb Code   132  queue.o(i.xQueueGenericReset)
    xQueueGenericSend                        0x080087cd   Thumb Code   346  queue.o(i.xQueueGenericSend)
    xQueueGenericSendFromISR                 0x0800892d   Thumb Code   190  queue.o(i.xQueueGenericSendFromISR)
    xQueueReceive                            0x080089ed   Thumb Code   308  queue.o(i.xQueueReceive)
    xTaskCheckForTimeOut                     0x08008b25   Thumb Code   112  tasks.o(i.xTaskCheckForTimeOut)
    xTaskCreate                              0x08008b99   Thumb Code    90  tasks.o(i.xTaskCreate)
    xTaskCreateStatic                        0x08008bf3   Thumb Code    86  tasks.o(i.xTaskCreateStatic)
    xTaskGetSchedulerState                   0x08008c49   Thumb Code    22  tasks.o(i.xTaskGetSchedulerState)
    xTaskGetTickCount                        0x08008c65   Thumb Code     6  tasks.o(i.xTaskGetTickCount)
    xTaskIncrementTick                       0x08008c71   Thumb Code   192  tasks.o(i.xTaskIncrementTick)
    xTaskPriorityDisinherit                  0x08008d39   Thumb Code   118  tasks.o(i.xTaskPriorityDisinherit)
    xTaskRemoveFromEventList                 0x08008db9   Thumb Code    98  tasks.o(i.xTaskRemoveFromEventList)
    xTaskResumeAll                           0x08008e29   Thumb Code   182  tasks.o(i.xTaskResumeAll)
    xTimerCreateTimerTask                    0x08008eed   Thumb Code    78  timers.o(i.xTimerCreateTimerTask)
    xTimerGenericCommand                     0x08008f4d   Thumb Code    98  timers.o(i.xTimerGenericCommand)
    led_Task_attributes                      0x08008fb4   Data          36  freertos.o(.constdata)
    ukey_Task_attributes                     0x08008fd8   Data          36  freertos.o(.constdata)
    mpu6050_task_attributes                  0x08008ffc   Data          36  freertos.o(.constdata)
    oled_task_attributes                     0x08009020   Data          36  freertos.o(.constdata)
    beep_task_attributes                     0x08009044   Data          36  freertos.o(.constdata)
    ms5837_read_tas_attributes               0x08009068   Data          36  freertos.o(.constdata)
    move_task_attributes                     0x0800908c   Data          36  freertos.o(.constdata)
    turn_check_task_attributes               0x080090b0   Data          36  freertos.o(.constdata)
    ws2812_task_attributes                   0x080090d4   Data          36  freertos.o(.constdata)
    font5x7                                  0x08009164   Data        1280  oled_font.o(.constdata)
    F8X16                                    0x08009664   Data        1520  oled_font.o(.constdata)
    AHBPrescTable                            0x08009c5c   Data          16  system_stm32f4xx.o(.constdata)
    APBPrescTable                            0x08009c6c   Data           8  system_stm32f4xx.o(.constdata)
    __ctype_table                            0x08009c74   Data         129  ctype_o.o(.constdata)
    Region$$Table$$Base                      0x08009d74   Number         0  anon$$obj.o(Region$$Table)
    Region$$Table$$Limit                     0x08009d94   Number         0  anon$$obj.o(Region$$Table)
    led_TaskHandle                           0x20000000   Data           4  freertos.o(.data)
    ukey_TaskHandle                          0x20000004   Data           4  freertos.o(.data)
    mpu6050_taskHandle                       0x20000008   Data           4  freertos.o(.data)
    oled_taskHandle                          0x2000000c   Data           4  freertos.o(.data)
    beep_taskHandle                          0x20000010   Data           4  freertos.o(.data)
    ms5837_read_tasHandle                    0x20000014   Data           4  freertos.o(.data)
    move_taskHandle                          0x20000018   Data           4  freertos.o(.data)
    turn_check_taskHandle                    0x2000001c   Data           4  freertos.o(.data)
    ws2812_taskHandle                        0x20000020   Data           4  freertos.o(.data)
    sendCompleteSign                         0x2000002c   Data           1  uart_dma.o(.data)
    TxLen                                    0x2000002d   Data           1  uart_dma.o(.data)
    Line_Key                                 0x20000030   Data           4  uart_dma.o(.data)
    Line_Angle                               0x20000034   Data           4  uart_dma.o(.data)
    Line_x                                   0x20000038   Data           4  uart_dma.o(.data)
    Line_y                                   0x2000003c   Data           4  uart_dma.o(.data)
    Target_Flag                              0x20000040   Data           4  uart_dma.o(.data)
    RGB_Flag                                 0x20000044   Data           1  uart_dma.o(.data)
    Vrefint_Proportion                       0x20000048   Data           4  verfint_adc.o(.data)
    CPU_Temprate                             0x2000004c   Data           4  verfint_adc.o(.data)
    Time_Count                               0x20000052   Data           2  freertos_task.o(.data)
    Servo_PWM                                0x20000054   Data           2  freertos_task.o(.data)
    Yaw_Delta                                0x20000058   Data           4  freertos_task.o(.data)
    Pressure_0                               0x2000005c   Data           4  freertos_task.o(.data)
    Deep_Time                                0x20000060   Data           4  freertos_task.o(.data)
    Target_High                              0x20000064   Data           4  freertos_task.o(.data)
    Pitch                                    0x2000006c   Data           4  freertos_task.o(.data)
    Roll                                     0x20000070   Data           4  freertos_task.o(.data)
    Yaw                                      0x20000074   Data           4  freertos_task.o(.data)
    Pitch_0                                  0x20000078   Data           4  freertos_task.o(.data)
    Roll_0                                   0x2000007c   Data           4  freertos_task.o(.data)
    Yaw_0                                    0x20000080   Data           4  freertos_task.o(.data)
    Pressure                                 0x20000084   Data           4  freertos_task.o(.data)
    gyro                                     0x20000088   Data           6  freertos_task.o(.data)
    Target_Yaw                               0x20000090   Data           4  movement.o(.data)
    Base_Speed                               0x20000094   Data           4  movement.o(.data)
    AW_Speed                                 0x20000098   Data           4  movement.o(.data)
    DW_Speed                                 0x2000009c   Data           4  movement.o(.data)
    AS_Speed                                 0x200000a0   Data           4  movement.o(.data)
    DS_Speed                                 0x200000a4   Data           4  movement.o(.data)
    OledTimeMs                               0x200000ac   Data           4  oled_config.o(.data)
    OLED_Init_CMD                            0x200000b0   Data          29  oled_driver.o(.data)
    uwTickFreq                               0x200000d0   Data           1  stm32f4xx_hal.o(.data)
    uwTickPrio                               0x200000d4   Data           4  stm32f4xx_hal.o(.data)
    uwTick                                   0x200000d8   Data           4  stm32f4xx_hal.o(.data)
    SystemCoreClock                          0x200000dc   Data           4  system_stm32f4xx.o(.data)
    pxCurrentTCB                             0x200000e0   Data           4  tasks.o(.data)
    hadc1                                    0x20000164   Data          72  adc.o(.bss)
    hi2c1                                    0x200001ac   Data          84  i2c.o(.bss)
    hi2c2                                    0x20000200   Data          84  i2c.o(.bss)
    hi2c3                                    0x20000254   Data          84  i2c.o(.bss)
    hdma_i2c3_tx                             0x200002a8   Data          96  i2c.o(.bss)
    htim2                                    0x20000308   Data          72  tim.o(.bss)
    htim3                                    0x20000350   Data          72  tim.o(.bss)
    htim4                                    0x20000398   Data          72  tim.o(.bss)
    htim9                                    0x200003e0   Data          72  tim.o(.bss)
    hdma_tim4_ch1                            0x20000428   Data          96  tim.o(.bss)
    huart1                                   0x20000488   Data          68  usart.o(.bss)
    huart6                                   0x200004cc   Data          68  usart.o(.bss)
    hdma_usart1_rx                           0x20000510   Data          96  usart.o(.bss)
    hdma_usart1_tx                           0x20000570   Data          96  usart.o(.bss)
    htim11                                   0x200005d0   Data          72  stm32f4xx_hal_timebase_tim.o(.bss)
    MS5837_values                            0x20000618   Data          32  ms5837.o(.bss)
    MS5837                                   0x20000638   Data          16  ms5837.o(.bss)
    RxBuffer                                 0x20000648   Data         128  uart_dma.o(.bss)
    TxBuffer                                 0x200006c8   Data         128  uart_dma.o(.bss)
    Target_Flag_Filter                       0x20000748   Data          48  uart_dma.o(.bss)
    Pitch_PID                                0x20000788   Data          72  movement.o(.bss)
    Pitch_Gyro_PID                           0x200007d0   Data          72  movement.o(.bss)
    Roll_PID                                 0x20000818   Data          72  movement.o(.bss)
    Roll_Gyro_PID                            0x20000860   Data          72  movement.o(.bss)
    Yaw_PID                                  0x200008a8   Data          72  movement.o(.bss)
    Yaw_Gyro_PID                             0x200008f0   Data          72  movement.o(.bss)
    High_PID                                 0x20000938   Data          72  movement.o(.bss)
    Line_x_PID                               0x20000980   Data          72  movement.o(.bss)
    Line_Angle_PID                           0x200009c8   Data          72  movement.o(.bss)
    ScreenBuffer                             0x20000a10   Data        1024  oled_buffer.o(.bss)
    TempBuffer                               0x20000e10   Data        1024  oled_buffer.o(.bss)
    send_Buf                                 0x20001210   Data         836  ws2812.o(.bss)
    xQueueRegistry                           0x20001554   Data          64  queue.o(.bss)
    __initial_sp                             0x20006228   Data           0  startup_stm32f411xe.o(STACK)



==============================================================================

Memory Map of the image

  Image Entry point : 0x08000199

  Load Region LR_IROM1 (Base: 0x08000000, Size: 0x00009ef8, Max: 0x00080000, ABSOLUTE, COMPRESSED[0x00009dd8])

    Execution Region ER_IROM1 (Exec base: 0x08000000, Load base: 0x08000000, Size: 0x00009d94, Max: 0x00080000, ABSOLUTE)

    Exec Addr    Load Addr    Size         Type   Attr      Idx    E Section Name        Object

    0x08000000   0x08000000   0x00000198   Data   RO            3    RESET               startup_stm32f411xe.o
    0x08000198   0x08000198   0x00000000   Code   RO         8252  * .ARM.Collect$$$$00000000  mc_w.l(entry.o)
    0x08000198   0x08000198   0x00000004   Code   RO         8617    .ARM.Collect$$$$00000001  mc_w.l(entry2.o)
    0x0800019c   0x0800019c   0x00000004   Code   RO         8620    .ARM.Collect$$$$00000004  mc_w.l(entry5.o)
    0x080001a0   0x080001a0   0x00000000   Code   RO         8622    .ARM.Collect$$$$00000008  mc_w.l(entry7b.o)
    0x080001a0   0x080001a0   0x00000000   Code   RO         8624    .ARM.Collect$$$$0000000A  mc_w.l(entry8b.o)
    0x080001a0   0x080001a0   0x00000008   Code   RO         8625    .ARM.Collect$$$$0000000B  mc_w.l(entry9a.o)
    0x080001a8   0x080001a8   0x00000004   Code   RO         8632    .ARM.Collect$$$$0000000E  mc_w.l(entry12b.o)
    0x080001ac   0x080001ac   0x00000000   Code   RO         8627    .ARM.Collect$$$$0000000F  mc_w.l(entry10a.o)
    0x080001ac   0x080001ac   0x00000000   Code   RO         8629    .ARM.Collect$$$$00000011  mc_w.l(entry11a.o)
    0x080001ac   0x080001ac   0x00000004   Code   RO         8618    .ARM.Collect$$$$00002712  mc_w.l(entry2.o)
    0x080001b0   0x080001b0   0x000000be   Code   RO         8111    .emb_text           port.o
    0x0800026e   0x0800026e   0x00000002   PAD
    0x08000270   0x08000270   0x00000024   Code   RO            4    .text               startup_stm32f411xe.o
    0x08000294   0x08000294   0x00000062   Code   RO         8255    .text               mc_w.l(uldiv.o)
    0x080002f6   0x080002f6   0x00000062   Code   RO         8257    .text               mc_w.l(ldiv.o)
    0x08000358   0x08000358   0x00000024   Code   RO         8259    .text               mc_w.l(memcpya.o)
    0x0800037c   0x0800037c   0x00000024   Code   RO         8263    .text               mc_w.l(memseta.o)
    0x080003a0   0x080003a0   0x0000001a   Code   RO         8532    .text               mc_w.l(atoi.o)
    0x080003ba   0x080003ba   0x0000014e   Code   RO         8534    .text               mf_w.l(dadd.o)
    0x08000508   0x08000508   0x000000e4   Code   RO         8536    .text               mf_w.l(dmul.o)
    0x080005ec   0x080005ec   0x000000de   Code   RO         8538    .text               mf_w.l(ddiv.o)
    0x080006ca   0x080006ca   0x00000022   Code   RO         8540    .text               mf_w.l(dflti.o)
    0x080006ec   0x080006ec   0x00000026   Code   RO         8544    .text               mf_w.l(f2d.o)
    0x08000712   0x08000712   0x00000002   PAD
    0x08000714   0x08000714   0x00000030   Code   RO         8546    .text               mf_w.l(cdcmple.o)
    0x08000744   0x08000744   0x00000030   Code   RO         8548    .text               mf_w.l(cdrcmple.o)
    0x08000774   0x08000774   0x0000002c   Code   RO         8636    .text               mc_w.l(uidiv.o)
    0x080007a0   0x080007a0   0x0000001e   Code   RO         8638    .text               mc_w.l(llshl.o)
    0x080007be   0x080007be   0x00000020   Code   RO         8640    .text               mc_w.l(llushr.o)
    0x080007de   0x080007de   0x00000024   Code   RO         8642    .text               mc_w.l(llsshr.o)
    0x08000802   0x08000802   0x00000070   Code   RO         8651    .text               mc_w.l(strtol.o)
    0x08000872   0x08000872   0x00000000   Code   RO         8653    .text               mc_w.l(iusefp.o)
    0x08000872   0x08000872   0x000000ba   Code   RO         8656    .text               mf_w.l(depilogue.o)
    0x0800092c   0x0800092c   0x00000030   Code   RO         8662    .text               mf_w.l(dfixul.o)
    0x0800095c   0x0800095c   0x00000024   Code   RO         8664    .text               mc_w.l(init.o)
    0x08000980   0x08000980   0x00000008   Code   RO         8667    .text               mc_w.l(ctype_o.o)
    0x08000988   0x08000988   0x0000009e   Code   RO         8695    .text               mc_w.l(_strtoul.o)
    0x08000a26   0x08000a26   0x0000001c   Code   RO         8702    .text               mc_w.l(_chval.o)
    0x08000a42   0x08000a42   0x0000003a   Code   RO         8712    .text               mc_w.l(__dczerorl.o)
    0x08000a7c   0x08000a7c   0x00000128   Code   RO         3130    i.ADC_Init          stm32f4xx_hal_adc.o
    0x08000ba4   0x08000ba4   0x00000014   Code   RO         1374    i.BEEP_Task         freertos_task.o
    0x08000bb8   0x08000bb8   0x00000002   Code   RO          746    i.BusFault_Handler  stm32f4xx_it.o
    0x08000bba   0x08000bba   0x00000002   PAD
    0x08000bbc   0x08000bbc   0x0000000c   Code   RO          747    i.DMA1_Stream0_IRQHandler  stm32f4xx_it.o
    0x08000bc8   0x08000bc8   0x0000000c   Code   RO          748    i.DMA1_Stream4_IRQHandler  stm32f4xx_it.o
    0x08000bd4   0x08000bd4   0x0000000c   Code   RO          749    i.DMA2_Stream2_IRQHandler  stm32f4xx_it.o
    0x08000be0   0x08000be0   0x0000000c   Code   RO          750    i.DMA2_Stream7_IRQHandler  stm32f4xx_it.o
    0x08000bec   0x08000bec   0x00000028   Code   RO         3918    i.DMA_CalcBaseAndBitshift  stm32f4xx_hal_dma.o
    0x08000c14   0x08000c14   0x00000054   Code   RO         3919    i.DMA_CheckFifoParam  stm32f4xx_hal_dma.o
    0x08000c68   0x08000c68   0x00000028   Code   RO         3920    i.DMA_SetConfig     stm32f4xx_hal_dma.o
    0x08000c90   0x08000c90   0x00000088   Code   RO         1104    i.DataProcess       uart_dma.o
    0x08000d18   0x08000d18   0x00000002   Code   RO          751    i.DebugMon_Handler  stm32f4xx_it.o
    0x08000d1a   0x08000d1a   0x00000002   PAD
    0x08000d1c   0x08000d1c   0x00000124   Code   RO         1997    i.DrawChar          oled_draw.o
    0x08000e40   0x08000e40   0x00000070   Code   RO         2018    i.DrawString        oled_draw.o
    0x08000eb0   0x08000eb0   0x00000004   Code   RO         1874    i.DriverInit        oled_config.o
    0x08000eb4   0x08000eb4   0x00000114   Code   RO          970    i.ESC_Init          esc.o
    0x08000fc8   0x08000fc8   0x00000004   Code   RO           13    i.Error_Handler     main.o
    0x08000fcc   0x08000fcc   0x0000000c   Code   RO         1838    i.GetDrawColor      oled_color.o
    0x08000fd8   0x08000fd8   0x0000000c   Code   RO         2237    i.GetFontSize       oled_font.o
    0x08000fe4   0x08000fe4   0x0000000c   Code   RO         2238    i.GetTextBkMode     oled_font.o
    0x08000ff0   0x08000ff0   0x0000004c   Code   RO         1333    i.Get_Temprate      verfint_adc.o
    0x0800103c   0x0800103c   0x0000003c   Code   RO         1334    i.Get_Vrefint_Proportion  verfint_adc.o
    0x08001078   0x08001078   0x00000024   Code   RO         1375    i.Grap              freertos_task.o
    0x0800109c   0x0800109c   0x00000164   Code   RO         3132    i.HAL_ADC_ConfigChannel  stm32f4xx_hal_adc.o
    0x08001200   0x08001200   0x00000006   Code   RO         3139    i.HAL_ADC_GetValue  stm32f4xx_hal_adc.o
    0x08001206   0x08001206   0x00000054   Code   RO         3141    i.HAL_ADC_Init      stm32f4xx_hal_adc.o
    0x0800125a   0x0800125a   0x00000002   PAD
    0x0800125c   0x0800125c   0x00000028   Code   RO          498    i.HAL_ADC_MspInit   adc.o
    0x08001284   0x08001284   0x000000aa   Code   RO         3145    i.HAL_ADC_PollForConversion  stm32f4xx_hal_adc.o
    0x0800132e   0x0800132e   0x00000002   PAD
    0x08001330   0x08001330   0x000000cc   Code   RO         3147    i.HAL_ADC_Start     stm32f4xx_hal_adc.o
    0x080013fc   0x080013fc   0x0000003c   Code   RO         3150    i.HAL_ADC_Stop      stm32f4xx_hal_adc.o
    0x08001438   0x08001438   0x00000092   Code   RO         3921    i.HAL_DMA_Abort     stm32f4xx_hal_dma.o
    0x080014ca   0x080014ca   0x00000024   Code   RO         3922    i.HAL_DMA_Abort_IT  stm32f4xx_hal_dma.o
    0x080014ee   0x080014ee   0x00000004   Code   RO         3924    i.HAL_DMA_GetError  stm32f4xx_hal_dma.o
    0x080014f2   0x080014f2   0x00000006   Code   RO         3925    i.HAL_DMA_GetState  stm32f4xx_hal_dma.o
    0x080014f8   0x080014f8   0x000001a0   Code   RO         3926    i.HAL_DMA_IRQHandler  stm32f4xx_hal_dma.o
    0x08001698   0x08001698   0x000000d4   Code   RO         3927    i.HAL_DMA_Init      stm32f4xx_hal_dma.o
    0x0800176c   0x0800176c   0x0000006e   Code   RO         3931    i.HAL_DMA_Start_IT  stm32f4xx_hal_dma.o
    0x080017da   0x080017da   0x00000002   PAD
    0x080017dc   0x080017dc   0x00000018   Code   RO          925    i.HAL_Delay         delay.o
    0x080017f4   0x080017f4   0x000001e0   Code   RO         3814    i.HAL_GPIO_Init     stm32f4xx_hal_gpio.o
    0x080019d4   0x080019d4   0x0000000a   Code   RO         3816    i.HAL_GPIO_ReadPin  stm32f4xx_hal_gpio.o
    0x080019de   0x080019de   0x0000000a   Code   RO         3818    i.HAL_GPIO_WritePin  stm32f4xx_hal_gpio.o
    0x080019e8   0x080019e8   0x0000000c   Code   RO         4370    i.HAL_GetTick       stm32f4xx_hal.o
    0x080019f4   0x080019f4   0x00000002   Code   RO         4615    i.HAL_I2C_AbortCpltCallback  stm32f4xx_hal_i2c.o
    0x080019f6   0x080019f6   0x00000002   Code   RO         4616    i.HAL_I2C_AddrCallback  stm32f4xx_hal_i2c.o
    0x080019f8   0x080019f8   0x00000230   Code   RO         4620    i.HAL_I2C_EV_IRQHandler  stm32f4xx_hal_i2c.o
    0x08001c28   0x08001c28   0x00000002   Code   RO         4622    i.HAL_I2C_ErrorCallback  stm32f4xx_hal_i2c.o
    0x08001c2a   0x08001c2a   0x00000002   PAD
    0x08001c2c   0x08001c2c   0x00000188   Code   RO         4626    i.HAL_I2C_Init      stm32f4xx_hal_i2c.o
    0x08001db4   0x08001db4   0x00000002   Code   RO         4628    i.HAL_I2C_ListenCpltCallback  stm32f4xx_hal_i2c.o
    0x08001db6   0x08001db6   0x00000002   Code   RO         4629    i.HAL_I2C_MasterRxCpltCallback  stm32f4xx_hal_i2c.o
    0x08001db8   0x08001db8   0x00000002   Code   RO         4630    i.HAL_I2C_MasterTxCpltCallback  stm32f4xx_hal_i2c.o
    0x08001dba   0x08001dba   0x00000002   PAD
    0x08001dbc   0x08001dbc   0x000001e0   Code   RO         4632    i.HAL_I2C_Master_Receive  stm32f4xx_hal_i2c.o
    0x08001f9c   0x08001f9c   0x0000012c   Code   RO         4639    i.HAL_I2C_Master_Transmit  stm32f4xx_hal_i2c.o
    0x080020c8   0x080020c8   0x00000002   Code   RO         4642    i.HAL_I2C_MemRxCpltCallback  stm32f4xx_hal_i2c.o
    0x080020ca   0x080020ca   0x00000002   Code   RO         4643    i.HAL_I2C_MemTxCpltCallback  stm32f4xx_hal_i2c.o
    0x080020cc   0x080020cc   0x0000019c   Code   RO         4648    i.HAL_I2C_Mem_Write_DMA  stm32f4xx_hal_i2c.o
    0x08002268   0x08002268   0x0000018c   Code   RO          567    i.HAL_I2C_MspInit   i2c.o
    0x080023f4   0x080023f4   0x00000002   Code   RO         4652    i.HAL_I2C_SlaveRxCpltCallback  stm32f4xx_hal_i2c.o
    0x080023f6   0x080023f6   0x00000002   Code   RO         4653    i.HAL_I2C_SlaveTxCpltCallback  stm32f4xx_hal_i2c.o
    0x080023f8   0x080023f8   0x00000010   Code   RO         4376    i.HAL_IncTick       stm32f4xx_hal.o
    0x08002408   0x08002408   0x00000034   Code   RO         4377    i.HAL_Init          stm32f4xx_hal.o
    0x0800243c   0x0800243c   0x00000074   Code   RO          886    i.HAL_InitTick      stm32f4xx_hal_timebase_tim.o
    0x080024b0   0x080024b0   0x00000038   Code   RO          862    i.HAL_MspInit       stm32f4xx_hal_msp.o
    0x080024e8   0x080024e8   0x0000001a   Code   RO         4227    i.HAL_NVIC_EnableIRQ  stm32f4xx_hal_cortex.o
    0x08002502   0x08002502   0x00000002   PAD
    0x08002504   0x08002504   0x00000040   Code   RO         4233    i.HAL_NVIC_SetPriority  stm32f4xx_hal_cortex.o
    0x08002544   0x08002544   0x00000024   Code   RO         4234    i.HAL_NVIC_SetPriorityGrouping  stm32f4xx_hal_cortex.o
    0x08002568   0x08002568   0x00000134   Code   RO         3406    i.HAL_RCC_ClockConfig  stm32f4xx_hal_rcc.o
    0x0800269c   0x0800269c   0x00000040   Code   RO         3410    i.HAL_RCC_GetClockConfig  stm32f4xx_hal_rcc.o
    0x080026dc   0x080026dc   0x00000020   Code   RO         3413    i.HAL_RCC_GetPCLK1Freq  stm32f4xx_hal_rcc.o
    0x080026fc   0x080026fc   0x00000020   Code   RO         3414    i.HAL_RCC_GetPCLK2Freq  stm32f4xx_hal_rcc.o
    0x0800271c   0x0800271c   0x00000064   Code   RO         3415    i.HAL_RCC_GetSysClockFreq  stm32f4xx_hal_rcc.o
    0x08002780   0x08002780   0x0000036c   Code   RO         3418    i.HAL_RCC_OscConfig  stm32f4xx_hal_rcc.o
    0x08002aec   0x08002aec   0x00000002   Code   RO         5783    i.HAL_TIMEx_BreakCallback  stm32f4xx_hal_tim_ex.o
    0x08002aee   0x08002aee   0x00000002   Code   RO         5784    i.HAL_TIMEx_CommutCallback  stm32f4xx_hal_tim_ex.o
    0x08002af0   0x08002af0   0x0000007c   Code   RO         5802    i.HAL_TIMEx_MasterConfigSynchronization  stm32f4xx_hal_tim_ex.o
    0x08002b6c   0x08002b6c   0x0000005a   Code   RO         5079    i.HAL_TIM_Base_Init  stm32f4xx_hal_tim.o
    0x08002bc6   0x08002bc6   0x00000002   PAD
    0x08002bc8   0x08002bc8   0x00000064   Code   RO          621    i.HAL_TIM_Base_MspInit  tim.o
    0x08002c2c   0x08002c2c   0x0000006c   Code   RO         5084    i.HAL_TIM_Base_Start_IT  stm32f4xx_hal_tim.o
    0x08002c98   0x08002c98   0x000000dc   Code   RO         5088    i.HAL_TIM_ConfigClockSource  stm32f4xx_hal_tim.o
    0x08002d74   0x08002d74   0x00000002   Code   RO         5109    i.HAL_TIM_ErrorCallback  stm32f4xx_hal_tim.o
    0x08002d76   0x08002d76   0x00000002   Code   RO         5113    i.HAL_TIM_IC_CaptureCallback  stm32f4xx_hal_tim.o
    0x08002d78   0x08002d78   0x00000166   Code   RO         5127    i.HAL_TIM_IRQHandler  stm32f4xx_hal_tim.o
    0x08002ede   0x08002ede   0x00000002   PAD
    0x08002ee0   0x08002ee0   0x00000100   Code   RO          622    i.HAL_TIM_MspPostInit  tim.o
    0x08002fe0   0x08002fe0   0x00000002   Code   RO         5130    i.HAL_TIM_OC_DelayElapsedCallback  stm32f4xx_hal_tim.o
    0x08002fe2   0x08002fe2   0x000000cc   Code   RO         5151    i.HAL_TIM_PWM_ConfigChannel  stm32f4xx_hal_tim.o
    0x080030ae   0x080030ae   0x0000005a   Code   RO         5154    i.HAL_TIM_PWM_Init  stm32f4xx_hal_tim.o
    0x08003108   0x08003108   0x0000005c   Code   RO          624    i.HAL_TIM_PWM_MspInit  tim.o
    0x08003164   0x08003164   0x00000002   Code   RO         5157    i.HAL_TIM_PWM_PulseFinishedCallback  stm32f4xx_hal_tim.o
    0x08003166   0x08003166   0x00000002   Code   RO         5158    i.HAL_TIM_PWM_PulseFinishedHalfCpltCallback  stm32f4xx_hal_tim.o
    0x08003168   0x08003168   0x000000b0   Code   RO         5159    i.HAL_TIM_PWM_Start  stm32f4xx_hal_tim.o
    0x08003218   0x08003218   0x000001a4   Code   RO         5160    i.HAL_TIM_PWM_Start_DMA  stm32f4xx_hal_tim.o
    0x080033bc   0x080033bc   0x00000070   Code   RO         5162    i.HAL_TIM_PWM_Stop  stm32f4xx_hal_tim.o
    0x0800342c   0x0800342c   0x00000014   Code   RO           14    i.HAL_TIM_PeriodElapsedCallback  main.o
    0x08003440   0x08003440   0x00000002   Code   RO         5170    i.HAL_TIM_TriggerCallback  stm32f4xx_hal_tim.o
    0x08003442   0x08003442   0x00000002   Code   RO         6061    i.HAL_UARTEx_RxEventCallback  stm32f4xx_hal_uart.o
    0x08003444   0x08003444   0x00000070   Code   RO         6073    i.HAL_UART_DMAStop  stm32f4xx_hal_uart.o
    0x080034b4   0x080034b4   0x00000002   Code   RO         6075    i.HAL_UART_ErrorCallback  stm32f4xx_hal_uart.o
    0x080034b6   0x080034b6   0x00000002   PAD
    0x080034b8   0x080034b8   0x00000268   Code   RO         6078    i.HAL_UART_IRQHandler  stm32f4xx_hal_uart.o
    0x08003720   0x08003720   0x0000001a   Code   RO         1105    i.HAL_UART_IdleCallback  uart_dma.o
    0x0800373a   0x0800373a   0x00000062   Code   RO         6079    i.HAL_UART_Init     stm32f4xx_hal_uart.o
    0x0800379c   0x0800379c   0x00000130   Code   RO          699    i.HAL_UART_MspInit  usart.o
    0x080038cc   0x080038cc   0x0000002a   Code   RO         6083    i.HAL_UART_Receive_DMA  stm32f4xx_hal_uart.o
    0x080038f6   0x080038f6   0x00000002   PAD
    0x080038f8   0x080038f8   0x0000001c   Code   RO         1106    i.HAL_UART_RxCpltCallback  uart_dma.o
    0x08003914   0x08003914   0x00000002   Code   RO         6086    i.HAL_UART_RxHalfCpltCallback  stm32f4xx_hal_uart.o
    0x08003916   0x08003916   0x00000002   PAD
    0x08003918   0x08003918   0x0000008c   Code   RO         6088    i.HAL_UART_Transmit_DMA  stm32f4xx_hal_uart.o
    0x080039a4   0x080039a4   0x00000018   Code   RO         1107    i.HAL_UART_TxCpltCallback  uart_dma.o
    0x080039bc   0x080039bc   0x00000002   Code   RO         6091    i.HAL_UART_TxHalfCpltCallback  stm32f4xx_hal_uart.o
    0x080039be   0x080039be   0x00000002   Code   RO          752    i.HardFault_Handler  stm32f4xx_it.o
    0x080039c0   0x080039c0   0x0000000c   Code   RO          753    i.I2C3_EV_IRQHandler  stm32f4xx_it.o
    0x080039cc   0x080039cc   0x000000bc   Code   RO         4664    i.I2C_DMAAbort      stm32f4xx_hal_i2c.o
    0x08003a88   0x08003a88   0x00000040   Code   RO         4665    i.I2C_DMAError      stm32f4xx_hal_i2c.o
    0x08003ac8   0x08003ac8   0x0000010a   Code   RO         4666    i.I2C_DMAXferCplt   stm32f4xx_hal_i2c.o
    0x08003bd2   0x08003bd2   0x00000002   PAD
    0x08003bd4   0x08003bd4   0x00000158   Code   RO         4667    i.I2C_ITError       stm32f4xx_hal_i2c.o
    0x08003d2c   0x08003d2c   0x0000002e   Code   RO         4668    i.I2C_IsAcknowledgeFailed  stm32f4xx_hal_i2c.o
    0x08003d5a   0x08003d5a   0x000000d2   Code   RO         4669    i.I2C_MasterReceive_BTF  stm32f4xx_hal_i2c.o
    0x08003e2c   0x08003e2c   0x000000e8   Code   RO         4670    i.I2C_MasterReceive_RXNE  stm32f4xx_hal_i2c.o
    0x08003f14   0x08003f14   0x000000ec   Code   RO         4671    i.I2C_MasterRequestRead  stm32f4xx_hal_i2c.o
    0x08004000   0x08004000   0x0000009c   Code   RO         4672    i.I2C_MasterRequestWrite  stm32f4xx_hal_i2c.o
    0x0800409c   0x0800409c   0x00000082   Code   RO         4673    i.I2C_MasterTransmit_BTF  stm32f4xx_hal_i2c.o
    0x0800411e   0x0800411e   0x00000002   PAD
    0x08004120   0x08004120   0x000000b6   Code   RO         4674    i.I2C_MasterTransmit_TXE  stm32f4xx_hal_i2c.o
    0x080041d6   0x080041d6   0x00000002   PAD
    0x080041d8   0x080041d8   0x00000118   Code   RO         4675    i.I2C_Master_ADDR   stm32f4xx_hal_i2c.o
    0x080042f0   0x080042f0   0x0000008c   Code   RO         4676    i.I2C_Master_SB     stm32f4xx_hal_i2c.o
    0x0800437c   0x0800437c   0x000000a0   Code   RO         4677    i.I2C_MemoryTransmit_TXE_BTF  stm32f4xx_hal_i2c.o
    0x0800441c   0x0800441c   0x000000a8   Code   RO         4679    i.I2C_RequestMemoryWrite  stm32f4xx_hal_i2c.o
    0x080044c4   0x080044c4   0x00000046   Code   RO         4680    i.I2C_Slave_ADDR    stm32f4xx_hal_i2c.o
    0x0800450a   0x0800450a   0x00000002   PAD
    0x0800450c   0x0800450c   0x0000015c   Code   RO         4682    i.I2C_Slave_STOPF   stm32f4xx_hal_i2c.o
    0x08004668   0x08004668   0x0000004c   Code   RO         4683    i.I2C_WaitOnBTFFlagUntilTimeout  stm32f4xx_hal_i2c.o
    0x080046b4   0x080046b4   0x00000068   Code   RO         4684    i.I2C_WaitOnFlagUntilTimeout  stm32f4xx_hal_i2c.o
    0x0800471c   0x0800471c   0x00000096   Code   RO         4685    i.I2C_WaitOnMasterAddressFlagUntilTimeout  stm32f4xx_hal_i2c.o
    0x080047b2   0x080047b2   0x00000066   Code   RO         4686    i.I2C_WaitOnRXNEFlagUntilTimeout  stm32f4xx_hal_i2c.o
    0x08004818   0x08004818   0x0000004c   Code   RO         4687    i.I2C_WaitOnTXEFlagUntilTimeout  stm32f4xx_hal_i2c.o
    0x08004864   0x08004864   0x00000048   Code   RO         1001    i.I2C_read32        ms5837.o
    0x080048ac   0x080048ac   0x00000016   Code   RO         1002    i.I2C_send          ms5837.o
    0x080048c2   0x080048c2   0x00000004   Code   RO         1607    i.InitGraph         oled_basic.o
    0x080048c6   0x080048c6   0x00000002   PAD
    0x080048c8   0x080048c8   0x00000150   Code   RO         3103    i.KalmanFilter      kalman.o
    0x08004a18   0x08004a18   0x00000040   Code   RO         3104    i.Kalman_Init       kalman.o
    0x08004a58   0x08004a58   0x000000dc   Code   RO         1376    i.LED_Task          freertos_task.o
    0x08004b34   0x08004b34   0x00000008   Code   RO         1377    i.MPU6050_Task      freertos_task.o
    0x08004b3c   0x08004b3c   0x00000030   Code   RO         1378    i.MS5837_Read_Task  freertos_task.o
    0x08004b6c   0x08004b6c   0x000000ec   Code   RO         1003    i.MS5837_init       ms5837.o
    0x08004c58   0x08004c58   0x0000004c   Code   RO         1004    i.MS5837_read       ms5837.o
    0x08004ca4   0x08004ca4   0x00000064   Code   RO          499    i.MX_ADC1_Init      adc.o
    0x08004d08   0x08004d08   0x0000006c   Code   RO          539    i.MX_DMA_Init       dma.o
    0x08004d74   0x08004d74   0x000000b0   Code   RO          425    i.MX_FREERTOS_Init  freertos.o
    0x08004e24   0x08004e24   0x000000dc   Code   RO          292    i.MX_GPIO_Init      gpio.o
    0x08004f00   0x08004f00   0x00000040   Code   RO          568    i.MX_I2C1_Init      i2c.o
    0x08004f40   0x08004f40   0x00000040   Code   RO          569    i.MX_I2C2_Init      i2c.o
    0x08004f80   0x08004f80   0x00000040   Code   RO          570    i.MX_I2C3_Init      i2c.o
    0x08004fc0   0x08004fc0   0x00000084   Code   RO          625    i.MX_TIM2_Init      tim.o
    0x08005044   0x08005044   0x000000a4   Code   RO          626    i.MX_TIM3_Init      tim.o
    0x080050e8   0x080050e8   0x00000098   Code   RO          627    i.MX_TIM4_Init      tim.o
    0x08005180   0x08005180   0x00000070   Code   RO          628    i.MX_TIM9_Init      tim.o
    0x080051f0   0x080051f0   0x00000038   Code   RO          700    i.MX_USART1_UART_Init  usart.o
    0x08005228   0x08005228   0x00000038   Code   RO          701    i.MX_USART6_UART_Init  usart.o
    0x08005260   0x08005260   0x00000002   Code   RO          754    i.MemManage_Handler  stm32f4xx_it.o
    0x08005262   0x08005262   0x00000002   PAD
    0x08005264   0x08005264   0x00000044   Code   RO         1525    i.Motor_Set         movement.o
    0x080052a8   0x080052a8   0x000002cc   Code   RO         1526    i.Move_Task         movement.o
    0x08005574   0x08005574   0x00000002   Code   RO          755    i.NMI_Handler       stm32f4xx_it.o
    0x08005576   0x08005576   0x00000002   PAD
    0x08005578   0x08005578   0x00000040   Code   RO         2200    i.OLED_CLS          oled_driver.o
    0x080055b8   0x080055b8   0x0000001c   Code   RO         2201    i.OLED_FILL         oled_driver.o
    0x080055d4   0x080055d4   0x00000034   Code   RO         2202    i.OLED_Init         oled_driver.o
    0x08005608   0x08005608   0x00000044   Code   RO         1379    i.OLED_Task         freertos_task.o
    0x0800564c   0x0800564c   0x00000014   Code   RO         1875    i.OledTimeMsFunc    oled_config.o
    0x08005660   0x08005660   0x00000128   Code   RO         1065    i.PID_calc          pid.o
    0x08005788   0x08005788   0x0000005c   Code   RO         1067    i.PID_init          pid.o
    0x080057e4   0x080057e4   0x00000048   Code   RO         1108    i.ProcessData       uart_dma.o
    0x0800582c   0x0800582c   0x00000030   Code   RO         2421    i.Range2Percentage  range2percentage.o
    0x0800585c   0x0800585c   0x00000050   Code   RO         1767    i.SetPointBuffer    oled_buffer.o
    0x080058ac   0x080058ac   0x00000014   Code   RO         1109    i.StartUartRxDMA    uart_dma.o
    0x080058c0   0x080058c0   0x00000018   Code   RO         1110    i.StartUartTxDMA    uart_dma.o
    0x080058d8   0x080058d8   0x0000001a   Code   RO         7543    i.SysTick_Handler   cmsis_os2.o
    0x080058f2   0x080058f2   0x00000002   PAD
    0x080058f4   0x080058f4   0x00000090   Code   RO           15    i.SystemClock_Config  main.o
    0x08005984   0x08005984   0x00000010   Code   RO         6408    i.SystemInit        system_stm32f4xx.o
    0x08005994   0x08005994   0x00000014   Code   RO          756    i.TIM1_TRG_COM_TIM11_IRQHandler  stm32f4xx_it.o
    0x080059a8   0x080059a8   0x00000098   Code   RO         5172    i.TIM_Base_SetConfig  stm32f4xx_hal_tim.o
    0x08005a40   0x08005a40   0x0000001a   Code   RO         5173    i.TIM_CCxChannelCmd  stm32f4xx_hal_tim.o
    0x08005a5a   0x08005a5a   0x0000005e   Code   RO         5176    i.TIM_DMADelayPulseCplt  stm32f4xx_hal_tim.o
    0x08005ab8   0x08005ab8   0x00000038   Code   RO         5177    i.TIM_DMADelayPulseHalfCplt  stm32f4xx_hal_tim.o
    0x08005af0   0x08005af0   0x00000054   Code   RO         5178    i.TIM_DMAError      stm32f4xx_hal_tim.o
    0x08005b44   0x08005b44   0x00000014   Code   RO         5183    i.TIM_ETR_SetConfig  stm32f4xx_hal_tim.o
    0x08005b58   0x08005b58   0x00000010   Code   RO         5184    i.TIM_ITRx_SetConfig  stm32f4xx_hal_tim.o
    0x08005b68   0x08005b68   0x00000050   Code   RO         5185    i.TIM_OC1_SetConfig  stm32f4xx_hal_tim.o
    0x08005bb8   0x08005bb8   0x00000058   Code   RO         5186    i.TIM_OC2_SetConfig  stm32f4xx_hal_tim.o
    0x08005c10   0x08005c10   0x00000058   Code   RO         5187    i.TIM_OC3_SetConfig  stm32f4xx_hal_tim.o
    0x08005c68   0x08005c68   0x00000044   Code   RO         5188    i.TIM_OC4_SetConfig  stm32f4xx_hal_tim.o
    0x08005cac   0x08005cac   0x00000022   Code   RO         5190    i.TIM_TI1_ConfigInputStage  stm32f4xx_hal_tim.o
    0x08005cce   0x08005cce   0x00000024   Code   RO         5192    i.TIM_TI2_ConfigInputStage  stm32f4xx_hal_tim.o
    0x08005cf2   0x08005cf2   0x00000002   PAD
    0x08005cf4   0x08005cf4   0x00000094   Code   RO         1380    i.Turn_Check_Task   freertos_task.o
    0x08005d88   0x08005d88   0x00000010   Code   RO         6092    i.UART_DMAAbortOnError  stm32f4xx_hal_uart.o
    0x08005d98   0x08005d98   0x0000004a   Code   RO         6093    i.UART_DMAError     stm32f4xx_hal_uart.o
    0x08005de2   0x08005de2   0x00000082   Code   RO         6094    i.UART_DMAReceiveCplt  stm32f4xx_hal_uart.o
    0x08005e64   0x08005e64   0x0000001a   Code   RO         6096    i.UART_DMARxHalfCplt  stm32f4xx_hal_uart.o
    0x08005e7e   0x08005e7e   0x00000042   Code   RO         6098    i.UART_DMATransmitCplt  stm32f4xx_hal_uart.o
    0x08005ec0   0x08005ec0   0x0000000a   Code   RO         6100    i.UART_DMATxHalfCplt  stm32f4xx_hal_uart.o
    0x08005eca   0x08005eca   0x0000004e   Code   RO         6102    i.UART_EndRxTransfer  stm32f4xx_hal_uart.o
    0x08005f18   0x08005f18   0x0000001c   Code   RO         6103    i.UART_EndTxTransfer  stm32f4xx_hal_uart.o
    0x08005f34   0x08005f34   0x000000c0   Code   RO         6104    i.UART_Receive_IT   stm32f4xx_hal_uart.o
    0x08005ff4   0x08005ff4   0x0000010c   Code   RO         6105    i.UART_SetConfig    stm32f4xx_hal_uart.o
    0x08006100   0x08006100   0x00000090   Code   RO         6106    i.UART_Start_Receive_DMA  stm32f4xx_hal_uart.o
    0x08006190   0x08006190   0x00000054   Code   RO         1381    i.UKEY_Task         freertos_task.o
    0x080061e4   0x080061e4   0x00000020   Code   RO          757    i.USART1_IRQHandler  stm32f4xx_it.o
    0x08006204   0x08006204   0x0000000c   Code   RO          758    i.USART6_IRQHandler  stm32f4xx_it.o
    0x08006210   0x08006210   0x00000020   Code   RO         1113    i.UartRxData        uart_dma.o
    0x08006230   0x08006230   0x0000002c   Code   RO         1114    i.UartTxData        uart_dma.o
    0x0800625c   0x0800625c   0x00000004   Code   RO         1613    i.UpdateScreen      oled_basic.o
    0x08006260   0x08006260   0x0000000c   Code   RO         1876    i.UpdateScreenBuffer  oled_config.o
    0x0800626c   0x0800626c   0x00000004   Code   RO         1771    i.UpdateScreenDisplay  oled_buffer.o
    0x08006270   0x08006270   0x00000002   Code   RO          759    i.UsageFault_Handler  stm32f4xx_it.o
    0x08006272   0x08006272   0x00000002   PAD
    0x08006274   0x08006274   0x000004a8   Code   RO         1382    i.WS2812_Task       freertos_task.o
    0x0800671c   0x0800671c   0x00000018   Code   RO         2347    i.WS_Load           ws2812.o
    0x08006734   0x08006734   0x000000b8   Code   RO         2348    i.WS_WriteAll_RGB   ws2812.o
    0x080067ec   0x080067ec   0x00000020   Code   RO         1772    i.WriteByteBuffer   oled_buffer.o
    0x0800680c   0x0800680c   0x00000034   Code   RO         8505    i.__0snprintf       mc_w.l(printfa.o)
    0x08006840   0x08006840   0x00000020   Code   RO         4240    i.__NVIC_SetPriority  stm32f4xx_hal_cortex.o
    0x08006860   0x08006860   0x00000008   Code   RO         8644    i.__aeabi_errno_addr  mc_w.l(errno.o)
    0x08006868   0x08006868   0x0000000e   Code   RO         8706    i.__scatterload_copy  mc_w.l(handlers.o)
    0x08006876   0x08006876   0x00000002   Code   RO         8707    i.__scatterload_null  mc_w.l(handlers.o)
    0x08006878   0x08006878   0x0000000e   Code   RO         8708    i.__scatterload_zeroinit  mc_w.l(handlers.o)
    0x08006886   0x08006886   0x00000002   PAD
    0x08006888   0x08006888   0x00000184   Code   RO         8511    i._fp_digits        mc_w.l(printfa.o)
    0x08006a0c   0x08006a0c   0x000006b4   Code   RO         8512    i._printf_core      mc_w.l(printfa.o)
    0x080070c0   0x080070c0   0x00000024   Code   RO         8513    i._printf_post_padding  mc_w.l(printfa.o)
    0x080070e4   0x080070e4   0x0000002e   Code   RO         8514    i._printf_pre_padding  mc_w.l(printfa.o)
    0x08007112   0x08007112   0x00000016   Code   RO         8515    i._snputc           mc_w.l(printfa.o)
    0x08007128   0x08007128   0x00000040   Code   RO         1335    i.adcx_get_chx_value  verfint_adc.o
    0x08007168   0x08007168   0x000002e0   Code   RO         1006    i.calculate         ms5837.o
    0x08007448   0x08007448   0x0000001c   Code   RO          926    i.delay_init        delay.o
    0x08007464   0x08007464   0x00000038   Code   RO          927    i.delay_ms          delay.o
    0x0800749c   0x0800749c   0x0000013c   Code   RO           16    i.main              main.o
    0x080075d8   0x080075d8   0x0000003c   Code   RO         2279    i.oled_print_float  oled_myapp.o
    0x08007614   0x08007614   0x0000001a   Code   RO         7545    i.osDelay           cmsis_os2.o
    0x0800762e   0x0800762e   0x00000002   PAD
    0x08007630   0x08007630   0x00000024   Code   RO         7559    i.osKernelInitialize  cmsis_os2.o
    0x08007654   0x08007654   0x00000038   Code   RO         7562    i.osKernelStart     cmsis_os2.o
    0x0800768c   0x0800768c   0x0000008a   Code   RO         7604    i.osThreadNew       cmsis_os2.o
    0x08007716   0x08007716   0x00000020   Code   RO         7605    i.osThreadResume    cmsis_os2.o
    0x08007736   0x08007736   0x00000020   Code   RO         7607    i.osThreadSuspend   cmsis_os2.o
    0x08007756   0x08007756   0x00000004   Code   RO         1617    i.pgm_read_byte     oled_basic.o
    0x0800775a   0x0800775a   0x00000002   PAD
    0x0800775c   0x0800775c   0x0000005c   Code   RO         7004    i.prvAddCurrentTaskToDelayedList  tasks.o
    0x080077b8   0x080077b8   0x000000d0   Code   RO         7005    i.prvAddNewTaskToReadyList  tasks.o
    0x08007888   0x08007888   0x00000058   Code   RO         7369    i.prvCheckForValidListAndQueue  timers.o
    0x080078e0   0x080078e0   0x00000026   Code   RO         6610    i.prvCopyDataFromQueue  queue.o
    0x08007906   0x08007906   0x0000006c   Code   RO         6611    i.prvCopyDataToQueue  queue.o
    0x08007972   0x08007972   0x00000034   Code   RO         7006    i.prvDeleteTCB      tasks.o
    0x080079a6   0x080079a6   0x00000002   PAD
    0x080079a8   0x080079a8   0x0000004c   Code   RO         8056    i.prvHeapInit       heap_4.o
    0x080079f4   0x080079f4   0x00000060   Code   RO         7007    i.prvIdleTask       tasks.o
    0x08007a54   0x08007a54   0x00000022   Code   RO         6613    i.prvInitialiseNewQueue  queue.o
    0x08007a76   0x08007a76   0x00000002   PAD
    0x08007a78   0x08007a78   0x000000b0   Code   RO         7008    i.prvInitialiseNewTask  tasks.o
    0x08007b28   0x08007b28   0x0000004c   Code   RO         8057    i.prvInsertBlockIntoFreeList  heap_4.o
    0x08007b74   0x08007b74   0x00000038   Code   RO         7371    i.prvInsertTimerInActiveList  timers.o
    0x08007bac   0x08007bac   0x0000001c   Code   RO         6614    i.prvIsQueueEmpty   queue.o
    0x08007bc8   0x08007bc8   0x000000fc   Code   RO         7372    i.prvProcessReceivedCommands  timers.o
    0x08007cc4   0x08007cc4   0x000000c0   Code   RO         7373    i.prvProcessTimerOrBlockTask  timers.o
    0x08007d84   0x08007d84   0x00000020   Code   RO         7010    i.prvResetNextTaskUnblockTime  tasks.o
    0x08007da4   0x08007da4   0x00000028   Code   RO         7374    i.prvSampleTimeNow  timers.o
    0x08007dcc   0x08007dcc   0x0000006c   Code   RO         7375    i.prvSwitchTimerLists  timers.o
    0x08007e38   0x08007e38   0x00000028   Code   RO         8112    i.prvTaskExitError  port.o
    0x08007e60   0x08007e60   0x00000034   Code   RO         7012    i.prvTaskIsTaskSuspended  tasks.o
    0x08007e94   0x08007e94   0x00000024   Code   RO         7376    i.prvTimerTask      timers.o
    0x08007eb8   0x08007eb8   0x0000006a   Code   RO         6615    i.prvUnlockQueue    queue.o
    0x08007f22   0x08007f22   0x00000002   PAD
    0x08007f24   0x08007f24   0x000000dc   Code   RO         8058    i.pvPortMalloc      heap_4.o
    0x08008000   0x08008000   0x0000002c   Code   RO         8113    i.pxPortInitialiseStack  port.o
    0x0800802c   0x0800802c   0x00000044   Code   RO         2434    i.str2int           numandstr.o
    0x08008070   0x08008070   0x00000026   Code   RO         6570    i.uxListRemove      list.o
    0x08008096   0x08008096   0x00000002   PAD
    0x08008098   0x08008098   0x00000014   Code   RO         7616    i.vApplicationGetIdleTaskMemory  cmsis_os2.o
    0x080080ac   0x080080ac   0x00000018   Code   RO         7617    i.vApplicationGetTimerTaskMemory  cmsis_os2.o
    0x080080c4   0x080080c4   0x00000016   Code   RO         6571    i.vListInitialise   list.o
    0x080080da   0x080080da   0x00000006   Code   RO         6572    i.vListInitialiseItem  list.o
    0x080080e0   0x080080e0   0x00000030   Code   RO         6573    i.vListInsert       list.o
    0x08008110   0x08008110   0x00000018   Code   RO         6574    i.vListInsertEnd    list.o
    0x08008128   0x08008128   0x00000040   Code   RO         8115    i.vPortEnterCritical  port.o
    0x08008168   0x08008168   0x00000028   Code   RO         8116    i.vPortExitCritical  port.o
    0x08008190   0x08008190   0x00000064   Code   RO         8059    i.vPortFree         heap_4.o
    0x080081f4   0x080081f4   0x00000024   Code   RO         8117    i.vPortSetupTimerInterrupt  port.o
    0x08008218   0x08008218   0x00000054   Code   RO         8118    i.vPortValidateInterruptPriority  port.o
    0x0800826c   0x0800826c   0x00000028   Code   RO         6621    i.vQueueAddToRegistry  queue.o
    0x08008294   0x08008294   0x00000044   Code   RO         6625    i.vQueueWaitForMessageRestricted  queue.o
    0x080082d8   0x080082d8   0x0000004c   Code   RO         7023    i.vTaskDelay        tasks.o
    0x08008324   0x08008324   0x00000010   Code   RO         7028    i.vTaskInternalSetTimeOutState  tasks.o
    0x08008334   0x08008334   0x0000000c   Code   RO         7029    i.vTaskMissedYield  tasks.o
    0x08008340   0x08008340   0x00000030   Code   RO         7031    i.vTaskPlaceOnEventList  tasks.o
    0x08008370   0x08008370   0x00000038   Code   RO         7032    i.vTaskPlaceOnEventListRestricted  tasks.o
    0x080083a8   0x080083a8   0x0000007c   Code   RO         7037    i.vTaskResume       tasks.o
    0x08008424   0x08008424   0x00000088   Code   RO         7040    i.vTaskStartScheduler  tasks.o
    0x080084ac   0x080084ac   0x0000009c   Code   RO         7041    i.vTaskSuspend      tasks.o
    0x08008548   0x08008548   0x00000010   Code   RO         7042    i.vTaskSuspendAll   tasks.o
    0x08008558   0x08008558   0x00000064   Code   RO         7043    i.vTaskSwitchContext  tasks.o
    0x080085bc   0x080085bc   0x000000f4   Code   RO         8119    i.xPortStartScheduler  port.o
    0x080086b0   0x080086b0   0x0000002c   Code   RO         8120    i.xPortSysTickHandler  port.o
    0x080086dc   0x080086dc   0x00000066   Code   RO         6631    i.xQueueGenericCreateStatic  queue.o
    0x08008742   0x08008742   0x00000002   PAD
    0x08008744   0x08008744   0x00000088   Code   RO         6632    i.xQueueGenericReset  queue.o
    0x080087cc   0x080087cc   0x00000160   Code   RO         6633    i.xQueueGenericSend  queue.o
    0x0800892c   0x0800892c   0x000000be   Code   RO         6634    i.xQueueGenericSendFromISR  queue.o
    0x080089ea   0x080089ea   0x00000002   PAD
    0x080089ec   0x080089ec   0x00000138   Code   RO         6643    i.xQueueReceive     queue.o
    0x08008b24   0x08008b24   0x00000074   Code   RO         7045    i.xTaskCheckForTimeOut  tasks.o
    0x08008b98   0x08008b98   0x0000005a   Code   RO         7046    i.xTaskCreate       tasks.o
    0x08008bf2   0x08008bf2   0x00000056   Code   RO         7047    i.xTaskCreateStatic  tasks.o
    0x08008c48   0x08008c48   0x0000001c   Code   RO         7051    i.xTaskGetSchedulerState  tasks.o
    0x08008c64   0x08008c64   0x0000000c   Code   RO         7052    i.xTaskGetTickCount  tasks.o
    0x08008c70   0x08008c70   0x000000c8   Code   RO         7054    i.xTaskIncrementTick  tasks.o
    0x08008d38   0x08008d38   0x00000080   Code   RO         7057    i.xTaskPriorityDisinherit  tasks.o
    0x08008db8   0x08008db8   0x00000070   Code   RO         7059    i.xTaskRemoveFromEventList  tasks.o
    0x08008e28   0x08008e28   0x000000c4   Code   RO         7060    i.xTaskResumeAll    tasks.o
    0x08008eec   0x08008eec   0x00000060   Code   RO         7385    i.xTimerCreateTimerTask  timers.o
    0x08008f4c   0x08008f4c   0x00000068   Code   RO         7386    i.xTimerGenericCommand  timers.o
    0x08008fb4   0x08008fb4   0x00000144   Data   RO          426    .constdata          freertos.o
    0x080090f8   0x080090f8   0x0000006c   Data   RO         1528    .constdata          movement.o
    0x08009164   0x08009164   0x00000500   Data   RO         2241    .constdata          oled_font.o
    0x08009664   0x08009664   0x000005f0   Data   RO         2242    .constdata          oled_font.o
    0x08009c54   0x08009c54   0x00000008   Data   RO         3933    .constdata          stm32f4xx_hal_dma.o
    0x08009c5c   0x08009c5c   0x00000010   Data   RO         6409    .constdata          system_stm32f4xx.o
    0x08009c6c   0x08009c6c   0x00000008   Data   RO         6410    .constdata          system_stm32f4xx.o
    0x08009c74   0x08009c74   0x00000081   Data   RO         8668    .constdata          mc_w.l(ctype_o.o)
    0x08009cf5   0x08009cf5   0x00000003   PAD
    0x08009cf8   0x08009cf8   0x00000004   Data   RO         8669    .constdata          mc_w.l(ctype_o.o)
    0x08009cfc   0x08009cfc   0x00000078   Data   RO          427    .conststring        freertos.o
    0x08009d74   0x08009d74   0x00000020   Data   RO         8704    Region$$Table       anon$$obj.o


    Execution Region RW_IRAM1 (Exec base: 0x20000000, Load base: 0x08009d94, Size: 0x00006228, Max: 0x00020000, ABSOLUTE, COMPRESSED[0x00000044])

    Exec Addr    Load Addr    Size         Type   Attr      Idx    E Section Name        Object

    0x20000000   COMPRESSED   0x00000024   Data   RW          428    .data               freertos.o
    0x20000024   COMPRESSED   0x00000008   Data   RW          929    .data               delay.o
    0x2000002c   COMPRESSED   0x00000018   Data   RW         1116    .data               uart_dma.o
    0x20000044   COMPRESSED   0x00000001   Data   RW         1117    .data               uart_dma.o
    0x20000045   COMPRESSED   0x00000003   PAD
    0x20000048   COMPRESSED   0x00000008   Data   RW         1337    .data               verfint_adc.o
    0x20000050   COMPRESSED   0x00000038   Data   RW         1383    .data               freertos_task.o
    0x20000088   COMPRESSED   0x00000006   Data   RW         1386    .data               freertos_task.o
    0x2000008e   COMPRESSED   0x00000002   PAD
    0x20000090   COMPRESSED   0x00000018   Data   RW         1529    .data               movement.o
    0x200000a8   COMPRESSED   0x00000001   Data   RW         1774    .data               oled_buffer.o
    0x200000a9   COMPRESSED   0x00000002   Data   RW         1842    .data               oled_color.o
    0x200000ab   COMPRESSED   0x00000001   PAD
    0x200000ac   COMPRESSED   0x00000004   Data   RW         1878    .data               oled_config.o
    0x200000b0   COMPRESSED   0x0000001d   Data   RW         2203    .data               oled_driver.o
    0x200000cd   COMPRESSED   0x00000002   Data   RW         2244    .data               oled_font.o
    0x200000cf   COMPRESSED   0x00000001   PAD
    0x200000d0   COMPRESSED   0x0000000c   Data   RW         4384    .data               stm32f4xx_hal.o
    0x200000dc   COMPRESSED   0x00000004   Data   RW         6411    .data               system_stm32f4xx.o
    0x200000e0   COMPRESSED   0x0000003c   Data   RW         7063    .data               tasks.o
    0x2000011c   COMPRESSED   0x00000014   Data   RW         7394    .data               timers.o
    0x20000130   COMPRESSED   0x00000004   Data   RW         7619    .data               cmsis_os2.o
    0x20000134   COMPRESSED   0x00000020   Data   RW         8065    .data               heap_4.o
    0x20000154   COMPRESSED   0x0000000c   Data   RW         8121    .data               port.o
    0x20000160   COMPRESSED   0x00000004   Data   RW         8647    .data               mc_w.l(errno.o)
    0x20000164        -       0x00000048   Zero   RW          500    .bss                adc.o
    0x200001ac        -       0x0000015c   Zero   RW          571    .bss                i2c.o
    0x20000308        -       0x00000180   Zero   RW          629    .bss                tim.o
    0x20000488        -       0x00000148   Zero   RW          702    .bss                usart.o
    0x200005d0        -       0x00000048   Zero   RW          889    .bss                stm32f4xx_hal_timebase_tim.o
    0x20000618        -       0x00000030   Zero   RW         1008    .bss                ms5837.o
    0x20000648        -       0x00000130   Zero   RW         1115    .bss                uart_dma.o
    0x20000778        -       0x00000010   Zero   RW         1336    .bss                verfint_adc.o
    0x20000788        -       0x00000288   Zero   RW         1527    .bss                movement.o
    0x20000a10        -       0x00000800   Zero   RW         1773    .bss                oled_buffer.o
    0x20001210        -       0x00000344   Zero   RW         2352    .bss                ws2812.o
    0x20001554        -       0x00000040   Zero   RW         6647    .bss                queue.o
    0x20001594        -       0x000004c4   Zero   RW         7062    .bss                tasks.o
    0x20001a58        -       0x00000118   Zero   RW         7393    .bss                timers.o
    0x20001b70        -       0x000006b8   Zero   RW         7618    .bss                cmsis_os2.o
    0x20002228        -       0x00003c00   Zero   RW         8064    .bss                heap_4.o
    0x20005e28        -       0x00000400   Zero   RW            1    STACK               startup_stm32f411xe.o


==============================================================================

Image component sizes


      Code (inc. data)   RO Data    RW Data    ZI Data      Debug   Object Name

       140         22          0          0         72       1577   adc.o
       390         22          0          4       1720      66686   cmsis_os2.o
       108         18          0          8          0       1868   delay.o
       108          4          0          0          0        838   dma.o
       276         10          0          0          0       1171   esc.o
         0          0          0          0          0      17976   event_groups.o
       176         48        444         36          0      12906   freertos.o
      1824        152          0         62          0      10111   freertos_task.o
       220         16          0          0          0     437903   gpio.o
       472         24          0         32      15360       4867   heap_4.o
       588         74          0          0        348       3244   i2c.o
       400         76          0          0          0       2145   kalman.o
       138          0          0          0          0       3546   list.o
       484         58          0          0          0     417644   main.o
       784         80        108         24        648       4980   movement.o
      1142         24          0          0         48       5631   ms5837.o
        68          0          0          0          0       1138   numandstr.o
        12          0          0          0          0       3227   oled_basic.o
       116         24          0          1       2048       2621   oled_buffer.o
        12          6          0          2          0        691   oled_color.o
        36         12          0          4          0       1656   oled_config.o
         0          0          0          0          0       1464   oled_debug.o
       404         10          0          0          0       2220   oled_draw.o
       144         24          0         29          0       2330   oled_driver.o
        24         12       2800          2          0       2071   oled_font.o
        60          8          0          0          0        723   oled_myapp.o
       388          8          0          0          0       2394   pid.o
       786         82          0         12          0      11513   port.o
      1514         20          0          0         64      17428   queue.o
        48          4          0          0          0        647   range2percentage.o
        36          8        408          0       1024        852   startup_stm32f411xe.o
        80         14          0         12          0       7950   stm32f4xx_hal.o
      1176         50          0          0          0       5905   stm32f4xx_hal_adc.o
       158         14          0          0          0      33158   stm32f4xx_hal_cortex.o
      1094         16          8          0          0       8536   stm32f4xx_hal_dma.o
       500         34          0          0          0       2831   stm32f4xx_hal_gpio.o
      5892        104          0          0          0      34580   stm32f4xx_hal_i2c.o
        56          4          0          0          0        870   stm32f4xx_hal_msp.o
      1412         86          0          0          0       5901   stm32f4xx_hal_rcc.o
      2632        126          0          0          0      21434   stm32f4xx_hal_tim.o
       128         20          0          0          0       2457   stm32f4xx_hal_tim_ex.o
       116         18          0          0         72       1420   stm32f4xx_hal_timebase_tim.o
      2048         44          0          0          0      15459   stm32f4xx_hal_uart.o
       136         44          0          0          0       6750   stm32f4xx_it.o
        16          4         24          4          0       1127   system_stm32f4xx.o
      2416        198          0         60       1220      29513   tasks.o
      1008         88          0          0        384       5383   tim.o
       972         80          0         20        280      32143   timers.o
       406         70          0         25        304     370961   uart_dma.o
       416         40          0          0        328       2613   usart.o
       200         38          0          8         16       2499   verfint_adc.o
       208         14          0          0        836       2165   ws2812.o

    ----------------------------------------------------------------------
     32032       1952       3824        352      24772    1637723   Object Totals
         0          0         32          0          0          0   (incl. Generated)
        64          0          0          7          0          0   (incl. Padding)

    ----------------------------------------------------------------------

      Code (inc. data)   RO Data    RW Data    ZI Data      Debug   Library Member Name

        58          0          0          0          0          0   __dczerorl.o
        28          0          0          0          0         68   _chval.o
       158          0          0          0          0         92   _strtoul.o
        26          0          0          0          0         80   atoi.o
         8          4        133          0          0         68   ctype_o.o
         0          0          0          0          0          0   entry.o
         0          0          0          0          0          0   entry10a.o
         0          0          0          0          0          0   entry11a.o
         4          0          0          0          0          0   entry12b.o
         8          4          0          0          0          0   entry2.o
         4          0          0          0          0          0   entry5.o
         0          0          0          0          0          0   entry7b.o
         0          0          0          0          0          0   entry8b.o
         8          4          0          0          0          0   entry9a.o
         8          4          0          4          0         68   errno.o
        30          0          0          0          0          0   handlers.o
        36          8          0          0          0         68   init.o
         0          0          0          0          0          0   iusefp.o
        98          0          0          0          0         84   ldiv.o
        30          0          0          0          0         68   llshl.o
        36          0          0          0          0         68   llsshr.o
        32          0          0          0          0         68   llushr.o
        36          0          0          0          0         68   memcpya.o
        36          0          0          0          0        108   memseta.o
      2260         84          0          0          0        536   printfa.o
       112          0          0          0          0         88   strtol.o
        44          0          0          0          0         80   uidiv.o
        98          0          0          0          0         92   uldiv.o
        48          0          0          0          0         68   cdcmple.o
        48          0          0          0          0         68   cdrcmple.o
       334          0          0          0          0        148   dadd.o
       222          0          0          0          0        100   ddiv.o
       186          0          0          0          0        176   depilogue.o
        48          0          0          0          0         68   dfixul.o
        34          0          0          0          0         76   dflti.o
       228          0          0          0          0         96   dmul.o
        38          0          0          0          0         68   f2d.o

    ----------------------------------------------------------------------
      4348        108        136          4          0       2572   Library Totals
         4          0          3          0          0          0   (incl. Padding)

    ----------------------------------------------------------------------

      Code (inc. data)   RO Data    RW Data    ZI Data      Debug   Library Name

      3158        108        133          4          0       1704   mc_w.l
      1186          0          0          0          0        868   mf_w.l

    ----------------------------------------------------------------------
      4348        108        136          4          0       2572   Library Totals

    ----------------------------------------------------------------------

==============================================================================


      Code (inc. data)   RO Data    RW Data    ZI Data      Debug   

     36380       2060       3960        356      24772    1611127   Grand Totals
     36380       2060       3960         68      24772    1611127   ELF Image Totals (compressed)
     36380       2060       3960         68          0          0   ROM Totals

==============================================================================

    Total RO  Size (Code + RO Data)                40340 (  39.39kB)
    Total RW  Size (RW Data + ZI Data)             25128 (  24.54kB)
    Total ROM Size (Code + RO Data + RW Data)      40408 (  39.46kB)

==============================================================================

