Component: ARM Compiler 5.06 update 7 (build 960) Tool: armlink [4d3601]

==============================================================================

Section Cross References

    startup_stm32f411xe.o(RESET) refers to startup_stm32f411xe.o(STACK) for __initial_sp
    startup_stm32f411xe.o(RESET) refers to startup_stm32f411xe.o(.text) for Reset_Handler
    startup_stm32f411xe.o(RESET) refers to stm32f4xx_it.o(i.NMI_Handler) for NMI_Handler
    startup_stm32f411xe.o(RESET) refers to stm32f4xx_it.o(i.HardFault_Handler) for HardFault_Handler
    startup_stm32f411xe.o(RESET) refers to stm32f4xx_it.o(i.MemManage_Handler) for MemManage_Handler
    startup_stm32f411xe.o(RESET) refers to stm32f4xx_it.o(i.BusFault_Handler) for BusFault_Handler
    startup_stm32f411xe.o(RESET) refers to stm32f4xx_it.o(i.UsageFault_Handler) for UsageFault_Handler
    startup_stm32f411xe.o(RESET) refers to port.o(.emb_text) for SVC_Handler
    startup_stm32f411xe.o(RESET) refers to stm32f4xx_it.o(i.DebugMon_Handler) for DebugMon_Handler
    startup_stm32f411xe.o(RESET) refers to cmsis_os2.o(i.SysTick_Handler) for SysTick_Handler
    startup_stm32f411xe.o(RESET) refers to stm32f4xx_it.o(i.DMA1_Stream0_IRQHandler) for DMA1_Stream0_IRQHandler
    startup_stm32f411xe.o(RESET) refers to stm32f4xx_it.o(i.TIM1_TRG_COM_TIM11_IRQHandler) for TIM1_TRG_COM_TIM11_IRQHandler
    startup_stm32f411xe.o(RESET) refers to stm32f4xx_it.o(i.I2C2_EV_IRQHandler) for I2C2_EV_IRQHandler
    startup_stm32f411xe.o(RESET) refers to stm32f4xx_it.o(i.USART1_IRQHandler) for USART1_IRQHandler
    startup_stm32f411xe.o(RESET) refers to stm32f4xx_it.o(i.DMA1_Stream7_IRQHandler) for DMA1_Stream7_IRQHandler
    startup_stm32f411xe.o(RESET) refers to stm32f4xx_it.o(i.DMA2_Stream2_IRQHandler) for DMA2_Stream2_IRQHandler
    startup_stm32f411xe.o(RESET) refers to stm32f4xx_it.o(i.DMA2_Stream7_IRQHandler) for DMA2_Stream7_IRQHandler
    startup_stm32f411xe.o(RESET) refers to stm32f4xx_it.o(i.USART6_IRQHandler) for USART6_IRQHandler
    startup_stm32f411xe.o(.text) refers to system_stm32f4xx.o(i.SystemInit) for SystemInit
    startup_stm32f411xe.o(.text) refers to entry.o(.ARM.Collect$$$$00000000) for __main
    main.o(i.HAL_TIM_PeriodElapsedCallback) refers to stm32f4xx_hal.o(i.HAL_IncTick) for HAL_IncTick
    main.o(i.SystemClock_Config) refers to memseta.o(.text) for __aeabi_memclr4
    main.o(i.SystemClock_Config) refers to stm32f4xx_hal_rcc.o(i.HAL_RCC_OscConfig) for HAL_RCC_OscConfig
    main.o(i.SystemClock_Config) refers to stm32f4xx_hal_rcc.o(i.HAL_RCC_ClockConfig) for HAL_RCC_ClockConfig
    main.o(i.main) refers to stm32f4xx_hal.o(i.HAL_Init) for HAL_Init
    main.o(i.main) refers to main.o(i.SystemClock_Config) for SystemClock_Config
    main.o(i.main) refers to gpio.o(i.MX_GPIO_Init) for MX_GPIO_Init
    main.o(i.main) refers to dma.o(i.MX_DMA_Init) for MX_DMA_Init
    main.o(i.main) refers to tim.o(i.MX_TIM9_Init) for MX_TIM9_Init
    main.o(i.main) refers to i2c.o(i.MX_I2C3_Init) for MX_I2C3_Init
    main.o(i.main) refers to tim.o(i.MX_TIM3_Init) for MX_TIM3_Init
    main.o(i.main) refers to i2c.o(i.MX_I2C1_Init) for MX_I2C1_Init
    main.o(i.main) refers to usart.o(i.MX_USART1_UART_Init) for MX_USART1_UART_Init
    main.o(i.main) refers to i2c.o(i.MX_I2C2_Init) for MX_I2C2_Init
    main.o(i.main) refers to adc.o(i.MX_ADC1_Init) for MX_ADC1_Init
    main.o(i.main) refers to usart.o(i.MX_USART6_UART_Init) for MX_USART6_UART_Init
    main.o(i.main) refers to tim.o(i.MX_TIM2_Init) for MX_TIM2_Init
    main.o(i.main) refers to tim.o(i.MX_TIM4_Init) for MX_TIM4_Init
    main.o(i.main) refers to delay.o(i.delay_init) for delay_init
    main.o(i.main) refers to uart_dma.o(i.StartUartRxDMA) for StartUartRxDMA
    main.o(i.main) refers to stm32f4xx_hal_tim.o(i.HAL_TIM_PWM_Start) for HAL_TIM_PWM_Start
    main.o(i.main) refers to mpu6050.o(i.MPU_Init) for MPU_Init
    main.o(i.main) refers to delay.o(i.delay_ms) for delay_ms
    main.o(i.main) refers to inv_mpu.o(i.mpu_dmp_init) for mpu_dmp_init
    main.o(i.main) refers to oled_basic.o(i.InitGraph) for InitGraph
    main.o(i.main) refers to delay.o(i.HAL_Delay) for HAL_Delay
    main.o(i.main) refers to oled_draw.o(i.DrawString) for DrawString
    main.o(i.main) refers to oled_basic.o(i.UpdateScreen) for UpdateScreen
    main.o(i.main) refers to ws2812.o(i.WS_WriteAll_RGB) for WS_WriteAll_RGB
    main.o(i.main) refers to verfint_adc.o(i.Get_Vrefint_Proportion) for Get_Vrefint_Proportion
    main.o(i.main) refers to verfint_adc.o(i.Get_Temprate) for Get_Temprate
    main.o(i.main) refers to ms5837.o(i.MS5837_init) for MS5837_init
    main.o(i.main) refers to cmsis_os2.o(i.osKernelInitialize) for osKernelInitialize
    main.o(i.main) refers to freertos.o(i.MX_FREERTOS_Init) for MX_FREERTOS_Init
    main.o(i.main) refers to cmsis_os2.o(i.osKernelStart) for osKernelStart
    main.o(i.main) refers to tim.o(.bss) for htim2
    main.o(i.main) refers to i2c.o(.bss) for hi2c2
[...]
    MemManage_Handler                        0x08005a11   Thumb Code     2  stm32f4xx_it.o(i.MemManage_Handler)
    Motor_Set                                0x08005a15   Thumb Code    60  movement.o(i.Motor_Set)
    Move_Task                                0x08005a59   Thumb Code   652  movement.o(i.Move_Task)
    NMI_Handler                              0x08005d25   Thumb Code     2  stm32f4xx_it.o(i.NMI_Handler)
    OLED_CLS                                 0x08005d29   Thumb Code    54  oled_driver.o(i.OLED_CLS)
    OLED_FILL                                0x08005d69   Thumb Code    24  oled_driver.o(i.OLED_FILL)
    OLED_Init                                0x08005d85   Thumb Code    42  oled_driver.o(i.OLED_Init)
    OLED_Task                                0x08005db9   Thumb Code    64  freertos_task.o(i.OLED_Task)
    OledTimeMsFunc                           0x08005dfd   Thumb Code    14  oled_config.o(i.OledTimeMsFunc)
    PID_calc                                 0x08005e11   Thumb Code   292  pid.o(i.PID_calc)
    PID_init                                 0x08005f39   Thumb Code    88  pid.o(i.PID_init)
    ProcessData                              0x08005f95   Thumb Code    60  uart_dma.o(i.ProcessData)
    Range2Percentage                         0x08005fdd   Thumb Code    44  range2percentage.o(i.Range2Percentage)
    SetPointBuffer                           0x0800600d   Thumb Code    68  oled_buffer.o(i.SetPointBuffer)
    StartUartRxDMA                           0x0800605d   Thumb Code    10  uart_dma.o(i.StartUartRxDMA)
    StartUartTxDMA                           0x08006071   Thumb Code    12  uart_dma.o(i.StartUartTxDMA)
    SysTick_Handler                          0x08006089   Thumb Code    26  cmsis_os2.o(i.SysTick_Handler)
    SystemClock_Config                       0x080060a5   Thumb Code   136  main.o(i.SystemClock_Config)
    SystemInit                               0x08006135   Thumb Code    12  system_stm32f4xx.o(i.SystemInit)
    TIM1_TRG_COM_TIM11_IRQHandler            0x08006145   Thumb Code    16  stm32f4xx_it.o(i.TIM1_TRG_COM_TIM11_IRQHandler)
    TIM_Base_SetConfig                       0x08006159   Thumb Code   122  stm32f4xx_hal_tim.o(i.TIM_Base_SetConfig)
    TIM_CCxChannelCmd                        0x080061f1   Thumb Code    26  stm32f4xx_hal_tim.o(i.TIM_CCxChannelCmd)
    TIM_DMADelayPulseHalfCplt                0x08006269   Thumb Code    56  stm32f4xx_hal_tim.o(i.TIM_DMADelayPulseHalfCplt)
    TIM_DMAError                             0x080062a1   Thumb Code    84  stm32f4xx_hal_tim.o(i.TIM_DMAError)
    TIM_ETR_SetConfig                        0x080062f5   Thumb Code    20  stm32f4xx_hal_tim.o(i.TIM_ETR_SetConfig)
    TIM_OC2_SetConfig                        0x08006369   Thumb Code    84  stm32f4xx_hal_tim.o(i.TIM_OC2_SetConfig)
    Turn_Check_Task                          0x080064a5   Thumb Code   124  freertos_task.o(i.Turn_Check_Task)
    UART_Start_Receive_DMA                   0x080068a9   Thumb Code   130  stm32f4xx_hal_uart.o(i.UART_Start_Receive_DMA)
    UKEY_Task                                0x08006939   Thumb Code    82  freertos_task.o(i.UKEY_Task)
    USART1_IRQHandler                        0x08006999   Thumb Code    28  stm32f4xx_it.o(i.USART1_IRQHandler)
    USART6_IRQHandler                        0x080069b9   Thumb Code     6  stm32f4xx_it.o(i.USART6_IRQHandler)
    UartRxData                               0x080069c5   Thumb Code    32  uart_dma.o(i.UartRxData)
    UartTxData                               0x080069e5   Thumb Code    38  uart_dma.o(i.UartTxData)
    UpdateScreen                             0x08006a11   Thumb Code     4  oled_basic.o(i.UpdateScreen)
    UpdateScreenBuffer                       0x08006a15   Thumb Code     6  oled_config.o(i.UpdateScreenBuffer)
    UpdateScreenDisplay                      0x08006a21   Thumb Code     4  oled_buffer.o(i.UpdateScreenDisplay)
    UsageFault_Handler                       0x08006a25   Thumb Code     2  stm32f4xx_it.o(i.UsageFault_Handler)
    WS2812_Task                              0x08006a29   Thumb Code   712  freertos_task.o(i.WS2812_Task)
    WS_Load                                  0x08006d19   Thumb Code    14  ws2812.o(i.WS_Load)
    WS_WriteAll_RGB                          0x08006d31   Thumb Code   180  ws2812.o(i.WS_WriteAll_RGB)
    WriteByteBuffer                          0x08006de9   Thumb Code    20  oled_buffer.o(i.WriteByteBuffer)
    __0printf                                0x08006e09   Thumb Code    22  printfa.o(i.__0printf)
    __1printf                                0x08006e09   Thumb Code     0  printfa.o(i.__0printf)
    __2printf                                0x08006e09   Thumb Code     0  printfa.o(i.__0printf)
    __c89printf                              0x08006e09   Thumb Code     0  printfa.o(i.__0printf)
    printf                                   0x08006e09   Thumb Code     0  printfa.o(i.__0printf)
    __0snprintf                              0x08006e29   Thumb Code    48  printfa.o(i.__0snprintf)
    __1snprintf                              0x08006e29   Thumb Code     0  printfa.o(i.__0snprintf)
    __2snprintf                              0x08006e29   Thumb Code     0  printfa.o(i.__0snprintf)
    __c89snprintf                            0x08006e29   Thumb Code     0  printfa.o(i.__0snprintf)
    snprintf                                 0x08006e29   Thumb Code     0  printfa.o(i.__0snprintf)
    __ARM_fpclassify                         0x08006e5d   Thumb Code    48  fpclassify.o(i.__ARM_fpclassify)
    __aeabi_errno_addr                       0x08006ead   Thumb Code     4  errno.o(i.__aeabi_errno_addr)
    __rt_errno_addr                          0x08006ead   Thumb Code     0  errno.o(i.__aeabi_errno_addr)
    __hardfp_asin                            0x08006eb9   Thumb Code   770  asin.o(i.__hardfp_asin)
    __hardfp_atan                            0x08007219   Thumb Code   622  atan.o(i.__hardfp_atan)
    __hardfp_atan2                           0x080074f1   Thumb Code   448  atan2.o(i.__hardfp_atan2)
    __kernel_poly                            0x080076f1   Thumb Code   248  poly.o(i.__kernel_poly)
    __mathlib_dbl_infnan                     0x080077e9   Thumb Code    20  dunder.o(i.__mathlib_dbl_infnan)
    __mathlib_dbl_infnan2                    0x080077fd   Thumb Code    20  dunder.o(i.__mathlib_dbl_infnan2)
    __mathlib_dbl_invalid                    0x08007811   Thumb Code    24  dunder.o(i.__mathlib_dbl_invalid)
    __mathlib_dbl_underflow                  0x08007831   Thumb Code    24  dunder.o(i.__mathlib_dbl_underflow)
    __scatterload_copy                       0x08007851   Thumb Code    14  handlers.o(i.__scatterload_copy)
    __scatterload_null                       0x0800785f   Thumb Code     2  handlers.o(i.__scatterload_null)
    __scatterload_zeroinit                   0x08007861   Thumb Code    14  handlers.o(i.__scatterload_zeroinit)
    __set_errno                              0x08007871   Thumb Code     6  errno.o(i.__set_errno)
    adcx_get_chx_value                       0x080081ad   Thumb Code    60  verfint_adc.o(i.adcx_get_chx_value)
    atan                                     0x080081ed   Thumb Code    16  atan.o(i.atan)
    delay_init                               0x080084dd   Thumb Code    18  delay.o(i.delay_init)
    delay_ms                                 0x080084f9   Thumb Code    48  delay.o(i.delay_ms)
    dmp_enable_6x_lp_quat                    0x08008531   Thumb Code    58  inv_mpu_dmp_motion_driver.o(i.dmp_enable_6x_lp_quat)
    dmp_enable_feature                       0x0800856d   Thumb Code   464  inv_mpu_dmp_motion_driver.o(i.dmp_enable_feature)
    dmp_enable_gyro_cal                      0x08008745   Thumb Code    34  inv_mpu_dmp_motion_driver.o(i.dmp_enable_gyro_cal)
    dmp_enable_lp_quat                       0x08008781   Thumb Code    58  inv_mpu_dmp_motion_driver.o(i.dmp_enable_lp_quat)
    dmp_load_motion_driver_firmware          0x080087bd   Thumb Code    16  inv_mpu_dmp_motion_driver.o(i.dmp_load_motion_driver_firmware)
    dmp_read_fifo                            0x080087d1   Thumb Code   356  inv_mpu_dmp_motion_driver.o(i.dmp_read_fifo)
    dmp_set_accel_bias                       0x08008939   Thumb Code   210  inv_mpu_dmp_motion_driver.o(i.dmp_set_accel_bias)
    dmp_set_fifo_rate                        0x08008a11   Thumb Code    82  inv_mpu_dmp_motion_driver.o(i.dmp_set_fifo_rate)
    dmp_set_gyro_bias                        0x08008a75   Thumb Code   196  inv_mpu_dmp_motion_driver.o(i.dmp_set_gyro_bias)
    dmp_set_orientation                      0x08008b41   Thumb Code   246  inv_mpu_dmp_motion_driver.o(i.dmp_set_orientation)
    dmp_set_shake_reject_thresh              0x08008c4d   Thumb Code    48  inv_mpu_dmp_motion_driver.o(i.dmp_set_shake_reject_thresh)
    dmp_set_shake_reject_time                0x08008c7d   Thumb Code    32  inv_mpu_dmp_motion_driver.o(i.dmp_set_shake_reject_time)
    dmp_set_shake_reject_timeout             0x08008c9d   Thumb Code    32  inv_mpu_dmp_motion_driver.o(i.dmp_set_shake_reject_timeout)
    dmp_set_tap_axes                         0x08008cbd   Thumb Code    64  inv_mpu_dmp_motion_driver.o(i.dmp_set_tap_axes)
    dmp_set_tap_count                        0x08008cfd   Thumb Code    34  inv_mpu_dmp_motion_driver.o(i.dmp_set_tap_count)
    dmp_set_tap_thresh                       0x08008d21   Thumb Code   314  inv_mpu_dmp_motion_driver.o(i.dmp_set_tap_thresh)
    dmp_set_tap_time                         0x08008e81   Thumb Code    32  inv_mpu_dmp_motion_driver.o(i.dmp_set_tap_time)
    dmp_set_tap_time_multi                   0x08008ea1   Thumb Code    32  inv_mpu_dmp_motion_driver.o(i.dmp_set_tap_time_multi)
    fabs                                     0x08008ec1   Thumb Code    24  fabs.o(i.fabs)
    fputc                                    0x08008ed9   Thumb Code    18  fputc.o(i.fputc)
    inv_orientation_matrix_to_scalar         0x08009389   Thumb Code    34  inv_mpu.o(i.inv_orientation_matrix_to_scalar)
    inv_row_2_scale                          0x080093ab   Thumb Code    72  inv_mpu.o(i.inv_row_2_scale)
    main                                     0x080093f5   Thumb Code   216  main.o(i.main)
    mget_ms                                  0x080094f5   Thumb Code     2  inv_mpu.o(i.mget_ms)
    mpu_configure_fifo                       0x080094f9   Thumb Code    78  inv_mpu.o(i.mpu_configure_fifo)
    mpu_dmp_get_data                         0x0800954d   Thumb Code   344  inv_mpu.o(i.mpu_dmp_get_data)
    mpu_dmp_init                             0x080096b1   Thumb Code   156  inv_mpu.o(i.mpu_dmp_init)
    mpu_get_accel_fsr                        0x08009751   Thumb Code    54  inv_mpu.o(i.mpu_get_accel_fsr)
    mpu_get_accel_sens                       0x0800978d   Thumb Code    62  inv_mpu.o(i.mpu_get_accel_sens)
    mpu_get_gyro_fsr                         0x080097d1   Thumb Code    48  inv_mpu.o(i.mpu_get_gyro_fsr)
    mpu_get_gyro_sens                        0x08009805   Thumb Code    54  inv_mpu.o(i.mpu_get_gyro_sens)
    mpu_get_lpf                              0x08009851   Thumb Code    52  inv_mpu.o(i.mpu_get_lpf)
    mpu_get_sample_rate                      0x08009889   Thumb Code    22  inv_mpu.o(i.mpu_get_sample_rate)
    mpu_init                                 0x080098a5   Thumb Code   310  inv_mpu.o(i.mpu_init)
    mpu_load_firmware                        0x08009a2d   Thumb Code   154  inv_mpu.o(i.mpu_load_firmware)
    mpu_lp_accel_mode                        0x08009acd   Thumb Code   178  inv_mpu.o(i.mpu_lp_accel_mode)
    mpu_read_fifo_stream                     0x08009b85   Thumb Code   140  inv_mpu.o(i.mpu_read_fifo_stream)
    mpu_read_mem                             0x08009c15   Thumb Code    80  inv_mpu.o(i.mpu_read_mem)
    mpu_reset_fifo                           0x08009c69   Thumb Code   346  inv_mpu.o(i.mpu_reset_fifo)
    mpu_run_self_test                        0x08009dc9   Thumb Code   234  inv_mpu.o(i.mpu_run_self_test)
    mpu_set_accel_fsr                        0x08009eb9   Thumb Code    98  inv_mpu.o(i.mpu_set_accel_fsr)
    mpu_set_bypass                           0x08009f21   Thumb Code   214  inv_mpu.o(i.mpu_set_bypass)
    mpu_set_dmp_state                        0x08009ffd   Thumb Code   114  inv_mpu.o(i.mpu_set_dmp_state)
    mpu_set_gyro_fsr                         0x0800a075   Thumb Code   104  inv_mpu.o(i.mpu_set_gyro_fsr)
    mpu_set_int_latched                      0x0800a0e1   Thumb Code    94  inv_mpu.o(i.mpu_set_int_latched)
    mpu_set_lpf                              0x0800a145   Thumb Code   102  inv_mpu.o(i.mpu_set_lpf)
    mpu_set_sample_rate                      0x0800a1b1   Thumb Code   124  inv_mpu.o(i.mpu_set_sample_rate)
    mpu_set_sensors                          0x0800a231   Thumb Code   178  inv_mpu.o(i.mpu_set_sensors)
    mpu_write_mem                            0x0800a2e9   Thumb Code    80  inv_mpu.o(i.mpu_write_mem)
    oled_print_float                         0x0800a33d   Thumb Code    52  oled_myapp.o(i.oled_print_float)
    osDelay                                  0x0800a379   Thumb Code    26  cmsis_os2.o(i.osDelay)
    osKernelInitialize                       0x0800a395   Thumb Code    32  cmsis_os2.o(i.osKernelInitialize)
    osKernelStart                            0x0800a3b9   Thumb Code    48  cmsis_os2.o(i.osKernelStart)
    osThreadNew                              0x0800a3f1   Thumb Code   138  cmsis_os2.o(i.osThreadNew)
    osThreadResume                           0x0800a47b   Thumb Code    32  cmsis_os2.o(i.osThreadResume)
    osThreadSuspend                          0x0800a49b   Thumb Code    32  cmsis_os2.o(i.osThreadSuspend)
    pgm_read_byte                            0x0800a4bb   Thumb Code     4  oled_basic.o(i.pgm_read_byte)
    pvPortMalloc                             0x0800ac89   Thumb Code   216  heap_4.o(i.pvPortMalloc)
    pxPortInitialiseStack                    0x0800ad65   Thumb Code    40  port.o(i.pxPortInitialiseStack)
    run_self_test                            0x0800ad91   Thumb Code   136  inv_mpu.o(i.run_self_test)
    sqrt                                     0x0800ae71   Thumb Code   110  sqrt.o(i.sqrt)
    str2int                                  0x0800aedf   Thumb Code    68  numandstr.o(i.str2int)
    uxListRemove                             0x0800af23   Thumb Code    38  list.o(i.uxListRemove)
    vApplicationGetIdleTaskMemory            0x0800af49   Thumb Code    16  cmsis_os2.o(i.vApplicationGetIdleTaskMemory)
    vApplicationGetTimerTaskMemory           0x0800af5d   Thumb Code    18  cmsis_os2.o(i.vApplicationGetTimerTaskMemory)
    vListInitialise                          0x0800af75   Thumb Code    22  list.o(i.vListInitialise)
    vListInitialiseItem                      0x0800af8b   Thumb Code     6  list.o(i.vListInitialiseItem)
    vListInsert                              0x0800af91   Thumb Code    48  list.o(i.vListInsert)
    vListInsertEnd                           0x0800afc1   Thumb Code    24  list.o(i.vListInsertEnd)
    vPortEnterCritical                       0x0800afd9   Thumb Code    54  port.o(i.vPortEnterCritical)
    vPortExitCritical                        0x0800b019   Thumb Code    34  port.o(i.vPortExitCritical)
    vPortFree                                0x0800b041   Thumb Code    94  heap_4.o(i.vPortFree)
    vPortSetupTimerInterrupt                 0x0800b0a5   Thumb Code    32  port.o(i.vPortSetupTimerInterrupt)
    vPortValidateInterruptPriority           0x0800b0c9   Thumb Code    74  port.o(i.vPortValidateInterruptPriority)
    vQueueAddToRegistry                      0x0800b11d   Thumb Code    34  queue.o(i.vQueueAddToRegistry)
    vQueueWaitForMessageRestricted           0x0800b145   Thumb Code    68  queue.o(i.vQueueWaitForMessageRestricted)
    vTaskDelay                               0x0800b189   Thumb Code    66  tasks.o(i.vTaskDelay)
    vTaskInternalSetTimeOutState             0x0800b1d5   Thumb Code    12  tasks.o(i.vTaskInternalSetTimeOutState)
    vTaskMissedYield                         0x0800b1e5   Thumb Code     8  tasks.o(i.vTaskMissedYield)
    vTaskPlaceOnEventList                    0x0800b1f1   Thumb Code    44  tasks.o(i.vTaskPlaceOnEventList)
    vTaskPlaceOnEventListRestricted          0x0800b221   Thumb Code    52  tasks.o(i.vTaskPlaceOnEventListRestricted)
    vTaskResume                              0x0800b259   Thumb Code   110  tasks.o(i.vTaskResume)
    vTaskStartScheduler                      0x0800b2d5   Thumb Code   118  tasks.o(i.vTaskStartScheduler)
    vTaskSuspend                             0x0800b35d   Thumb Code   144  tasks.o(i.vTaskSuspend)
    vTaskSuspendAll                          0x0800b3f9   Thumb Code    10  tasks.o(i.vTaskSuspendAll)
    vTaskSwitchContext                       0x0800b409   Thumb Code    90  tasks.o(i.vTaskSwitchContext)
    xPortStartScheduler                      0x0800b46d   Thumb Code   222  port.o(i.xPortStartScheduler)
    xPortSysTickHandler                      0x0800b561   Thumb Code    38  port.o(i.xPortSysTickHandler)
    xQueueGenericCreateStatic                0x0800b58d   Thumb Code   102  queue.o(i.xQueueGenericCreateStatic)
    xQueueGenericReset                       0x0800b5f5   Thumb Code   132  queue.o(i.xQueueGenericReset)
    xQueueGenericSend                        0x0800b67d   Thumb Code   346  queue.o(i.xQueueGenericSend)
    xQueueGenericSendFromISR                 0x0800b7dd   Thumb Code   190  queue.o(i.xQueueGenericSendFromISR)
    xQueueReceive                            0x0800b89d   Thumb Code   308  queue.o(i.xQueueReceive)
    xTaskCheckForTimeOut                     0x0800b9d5   Thumb Code   112  tasks.o(i.xTaskCheckForTimeOut)
    xTaskCreate                              0x0800ba49   Thumb Code    90  tasks.o(i.xTaskCreate)
    xTaskCreateStatic                        0x0800baa3   Thumb Code    86  tasks.o(i.xTaskCreateStatic)
    xTaskGetSchedulerState                   0x0800baf9   Thumb Code    22  tasks.o(i.xTaskGetSchedulerState)
    xTaskGetTickCount                        0x0800bb15   Thumb Code     6  tasks.o(i.xTaskGetTickCount)
    xTaskIncrementTick                       0x0800bb21   Thumb Code   192  tasks.o(i.xTaskIncrementTick)
    xTaskPriorityDisinherit                  0x0800bbe9   Thumb Code   118  tasks.o(i.xTaskPriorityDisinherit)
    xTaskRemoveFromEventList                 0x0800bc69   Thumb Code    98  tasks.o(i.xTaskRemoveFromEventList)
    xTaskResumeAll                           0x0800bcd9   Thumb Code   182  tasks.o(i.xTaskResumeAll)
    xTimerCreateTimerTask                    0x0800bd9d   Thumb Code    78  timers.o(i.xTimerCreateTimerTask)
    xTimerGenericCommand                     0x0800bdfd   Thumb Code    98  timers.o(i.xTimerGenericCommand)
    led_Task_attributes                      0x0800be64   Data          36  freertos.o(.constdata)
    ukey_Task_attributes                     0x0800be88   Data          36  freertos.o(.constdata)
    mpu6050_task_attributes                  0x0800beac   Data          36  freertos.o(.constdata)
    oled_task_attributes                     0x0800bed0   Data          36  freertos.o(.constdata)
    beep_task_attributes                     0x0800bef4   Data          36  freertos.o(.constdata)
    ms5837_read_tas_attributes               0x0800bf18   Data          36  freertos.o(.constdata)
    move_task_attributes                     0x0800bf3c   Data          36  freertos.o(.constdata)
    turn_check_task_attributes               0x0800bf60   Data          36  freertos.o(.constdata)
    ws2812_task_attributes                   0x0800bf84   Data          36  freertos.o(.constdata)
    font5x7                                  0x0800c014   Data        1280  oled_font.o(.constdata)
    F8X16                                    0x0800c514   Data        1520  oled_font.o(.constdata)
    reg                                      0x0800cb04   Data          27  inv_mpu.o(.constdata)
    hw                                       0x0800cb20   Data          12  inv_mpu.o(.constdata)
    test                                     0x0800cb2c   Data          40  inv_mpu.o(.constdata)
    AHBPrescTable                            0x0800d752   Data          16  system_stm32f4xx.o(.constdata)
    APBPrescTable                            0x0800d762   Data           8  system_stm32f4xx.o(.constdata)
    __mathlib_zero                           0x0800d858   Data           8  qnan.o(.constdata)
    __ctype_table                            0x0800d860   Data         129  ctype_o.o(.constdata)
    Region$$Table$$Base                      0x0800d9b0   Number         0  anon$$obj.o(Region$$Table)
    Region$$Table$$Limit                     0x0800d9d0   Number         0  anon$$obj.o(Region$$Table)
    led_TaskHandle                           0x20000000   Data           4  freertos.o(.data)
    ukey_TaskHandle                          0x20000004   Data           4  freertos.o(.data)
    mpu6050_taskHandle                       0x20000008   Data           4  freertos.o(.data)
    oled_taskHandle                          0x2000000c   Data           4  freertos.o(.data)
    beep_taskHandle                          0x20000010   Data           4  freertos.o(.data)
    ms5837_read_tasHandle                    0x20000014   Data           4  freertos.o(.data)
    move_taskHandle                          0x20000018   Data           4  freertos.o(.data)
    turn_check_taskHandle                    0x2000001c   Data           4  freertos.o(.data)
    ws2812_taskHandle                        0x20000020   Data           4  freertos.o(.data)
    sendCompleteSign                         0x2000002c   Data           1  uart_dma.o(.data)
    TxLen                                    0x2000002d   Data           1  uart_dma.o(.data)
    Line_Key                                 0x20000030   Data           4  uart_dma.o(.data)
    Line_Angle                               0x20000034   Data           4  uart_dma.o(.data)
    Line_x                                   0x20000038   Data           4  uart_dma.o(.data)
    Line_y                                   0x2000003c   Data           4  uart_dma.o(.data)
    Target_Flag                              0x20000040   Data           4  uart_dma.o(.data)
    RGB_Flag                                 0x20000044   Data           1  uart_dma.o(.data)
    Vrefint_Proportion                       0x20000048   Data           4  verfint_adc.o(.data)
    CPU_Temprate                             0x2000004c   Data           4  verfint_adc.o(.data)
    Time_Count                               0x20000052   Data           2  freertos_task.o(.data)
    Temp                                     0x20000054   Data           2  freertos_task.o(.data)
    Servo_PWM                                0x20000056   Data           2  freertos_task.o(.data)
    aacx                                     0x20000058   Data           2  freertos_task.o(.data)
    aacy                                     0x2000005a   Data           2  freertos_task.o(.data)
    aacz                                     0x2000005c   Data           2  freertos_task.o(.data)
    gyrox                                    0x2000005e   Data           2  freertos_task.o(.data)
    gyroy                                    0x20000060   Data           2  freertos_task.o(.data)
    gyroz                                    0x20000062   Data           2  freertos_task.o(.data)
    Yaw_Delta                                0x20000064   Data           4  freertos_task.o(.data)
    Pressure_0                               0x20000068   Data           4  freertos_task.o(.data)
    Deep_Time                                0x2000006c   Data           4  freertos_task.o(.data)
    Target_High                              0x20000070   Data           4  freertos_task.o(.data)
    Pitch                                    0x20000078   Data           4  freertos_task.o(.data)
    Roll                                     0x2000007c   Data           4  freertos_task.o(.data)
    Yaw                                      0x20000080   Data           4  freertos_task.o(.data)
    Pitch_0                                  0x20000084   Data           4  freertos_task.o(.data)
    Roll_0                                   0x20000088   Data           4  freertos_task.o(.data)
    Yaw_0                                    0x2000008c   Data           4  freertos_task.o(.data)
    Pressure                                 0x20000090   Data           4  freertos_task.o(.data)
    gyro                                     0x20000094   Data           6  freertos_task.o(.data)
    Target_Yaw                               0x2000009c   Data           4  movement.o(.data)
    Base_Speed                               0x200000a0   Data           4  movement.o(.data)
    AW_Speed                                 0x200000a4   Data           4  movement.o(.data)
    DW_Speed                                 0x200000a8   Data           4  movement.o(.data)
    AS_Speed                                 0x200000ac   Data           4  movement.o(.data)
    DS_Speed                                 0x200000b0   Data           4  movement.o(.data)
    OledTimeMs                               0x200000b8   Data           4  oled_config.o(.data)
    OLED_Init_CMD                            0x200000bc   Data          29  oled_driver.o(.data)
    uwTickFreq                               0x20000114   Data           1  stm32f4xx_hal.o(.data)
    uwTickPrio                               0x20000118   Data           4  stm32f4xx_hal.o(.data)
    uwTick                                   0x2000011c   Data           4  stm32f4xx_hal.o(.data)
    SystemCoreClock                          0x20000120   Data           4  system_stm32f4xx.o(.data)
    pxCurrentTCB                             0x20000124   Data           4  tasks.o(.data)
    __stdout                                 0x200001a4   Data           4  stdout.o(.data)
    hadc1                                    0x200001ac   Data          72  adc.o(.bss)
    hi2c1                                    0x200001f4   Data          84  i2c.o(.bss)
    hi2c2                                    0x20000248   Data          84  i2c.o(.bss)
    hi2c3                                    0x2000029c   Data          84  i2c.o(.bss)
    hdma_i2c2_tx                             0x200002f0   Data          96  i2c.o(.bss)
    htim2                                    0x20000350   Data          72  tim.o(.bss)
    htim3                                    0x20000398   Data          72  tim.o(.bss)
    htim4                                    0x200003e0   Data          72  tim.o(.bss)
    htim9                                    0x20000428   Data          72  tim.o(.bss)
    hdma_tim4_ch1                            0x20000470   Data          96  tim.o(.bss)
    huart1                                   0x200004d0   Data          68  usart.o(.bss)
    huart6                                   0x20000514   Data          68  usart.o(.bss)
    hdma_usart1_rx                           0x20000558   Data          96  usart.o(.bss)
    hdma_usart1_tx                           0x200005b8   Data          96  usart.o(.bss)
    htim11                                   0x20000618   Data          72  stm32f4xx_hal_timebase_tim.o(.bss)
    MS5837_values                            0x20000660   Data          32  ms5837.o(.bss)
    MS5837                                   0x20000680   Data          16  ms5837.o(.bss)
    RxBuffer                                 0x20000690   Data         128  uart_dma.o(.bss)
    TxBuffer                                 0x20000710   Data         128  uart_dma.o(.bss)
    Target_Flag_Filter                       0x20000790   Data          48  uart_dma.o(.bss)
    Pitch_PID                                0x200007d0   Data          72  movement.o(.bss)
    Pitch_Gyro_PID                           0x20000818   Data          72  movement.o(.bss)
    Roll_PID                                 0x20000860   Data          72  movement.o(.bss)
    Roll_Gyro_PID                            0x200008a8   Data          72  movement.o(.bss)
    Yaw_PID                                  0x200008f0   Data          72  movement.o(.bss)
    Yaw_Gyro_PID                             0x20000938   Data          72  movement.o(.bss)
    High_PID                                 0x20000980   Data          72  movement.o(.bss)
    Line_x_PID                               0x200009c8   Data          72  movement.o(.bss)
    Line_Angle_PID                           0x20000a10   Data          72  movement.o(.bss)
    ScreenBuffer                             0x20000a58   Data        1024  oled_buffer.o(.bss)
    TempBuffer                               0x20000e58   Data        1024  oled_buffer.o(.bss)
    send_Buf                                 0x20001258   Data         692  ws2812.o(.bss)
    xQueueRegistry                           0x2000151c   Data          64  queue.o(.bss)
    __initial_sp                             0x200061f0   Data           0  startup_stm32f411xe.o(STACK)



==============================================================================

Memory Map of the image

  Image Entry point : 0x08000199

  Load Region LR_IROM1 (Base: 0x08000000, Size: 0x0000db7c, Max: 0x00080000, ABSOLUTE, COMPRESSED[0x0000da24])

    Execution Region ER_IROM1 (Exec base: 0x08000000, Load base: 0x08000000, Size: 0x0000d9d0, Max: 0x00080000, ABSOLUTE)

    Exec Addr    Load Addr    Size         Type   Attr      Idx    E Section Name        Object

    0x08000000   0x08000000   0x00000198   Data   RO            3    RESET               startup_stm32f411xe.o
    0x08000198   0x08000198   0x00000000   Code   RO         7970  * .ARM.Collect$$$$00000000  mc_w.l(entry.o)
    0x08000198   0x08000198   0x00000004   Code   RO         8333    .ARM.Collect$$$$00000001  mc_w.l(entry2.o)
    0x0800019c   0x0800019c   0x00000004   Code   RO         8336    .ARM.Collect$$$$00000004  mc_w.l(entry5.o)
    0x080001a0   0x080001a0   0x00000000   Code   RO         8338    .ARM.Collect$$$$00000008  mc_w.l(entry7b.o)
    0x080001a0   0x080001a0   0x00000000   Code   RO         8340    .ARM.Collect$$$$0000000A  mc_w.l(entry8b.o)
    0x080001a0   0x080001a0   0x00000008   Code   RO         8341    .ARM.Collect$$$$0000000B  mc_w.l(entry9a.o)
    0x080001a8   0x080001a8   0x00000004   Code   RO         8348    .ARM.Collect$$$$0000000E  mc_w.l(entry12b.o)
    0x080001ac   0x080001ac   0x00000000   Code   RO         8343    .ARM.Collect$$$$0000000F  mc_w.l(entry10a.o)
    0x080001ac   0x080001ac   0x00000000   Code   RO         8345    .ARM.Collect$$$$00000011  mc_w.l(entry11a.o)
    0x080001ac   0x080001ac   0x00000004   Code   RO         8334    .ARM.Collect$$$$00002712  mc_w.l(entry2.o)
    0x080001b0   0x080001b0   0x000000be   Code   RO         7829    .emb_text           port.o
    0x0800026e   0x0800026e   0x00000002   PAD
    0x08000270   0x08000270   0x00000024   Code   RO            4    .text               startup_stm32f411xe.o
    0x08000294   0x08000294   0x00000062   Code   RO         7973    .text               mc_w.l(uldiv.o)
    0x080002f6   0x080002f6   0x00000062   Code   RO         7975    .text               mc_w.l(ldiv.o)
    0x08000358   0x08000358   0x00000024   Code   RO         7977    .text               mc_w.l(memcpya.o)
    0x0800037c   0x0800037c   0x00000024   Code   RO         7981    .text               mc_w.l(memseta.o)
    0x080003a0   0x080003a0   0x0000001a   Code   RO         7985    .text               mc_w.l(memcmp.o)
    0x080003ba   0x080003ba   0x0000001a   Code   RO         8250    .text               mc_w.l(atoi.o)
    0x080003d4   0x080003d4   0x0000014e   Code   RO         8252    .text               mf_w.l(dadd.o)
    0x08000522   0x08000522   0x000000e4   Code   RO         8254    .text               mf_w.l(dmul.o)
    0x08000606   0x08000606   0x000000de   Code   RO         8256    .text               mf_w.l(ddiv.o)
    0x080006e4   0x080006e4   0x00000022   Code   RO         8258    .text               mf_w.l(dflti.o)
    0x08000706   0x08000706   0x00000026   Code   RO         8262    .text               mf_w.l(f2d.o)
    0x0800072c   0x0800072c   0x00000030   Code   RO         8264    .text               mf_w.l(cdcmple.o)
    0x0800075c   0x0800075c   0x00000038   Code   RO         8266    .text               mf_w.l(d2f.o)
    0x08000794   0x08000794   0x0000002c   Code   RO         8352    .text               mc_w.l(uidiv.o)
    0x080007c0   0x080007c0   0x0000001e   Code   RO         8354    .text               mc_w.l(llshl.o)
    0x080007de   0x080007de   0x00000020   Code   RO         8356    .text               mc_w.l(llushr.o)
    0x080007fe   0x080007fe   0x00000024   Code   RO         8358    .text               mc_w.l(llsshr.o)
    0x08000822   0x08000822   0x00000070   Code   RO         8367    .text               mc_w.l(strtol.o)
    0x08000892   0x08000892   0x00000000   Code   RO         8369    .text               mc_w.l(iusefp.o)
    0x08000892   0x08000892   0x0000006e   Code   RO         8370    .text               mf_w.l(fepilogue.o)
    0x08000900   0x08000900   0x000000ba   Code   RO         8372    .text               mf_w.l(depilogue.o)
    0x080009ba   0x080009ba   0x00000030   Code   RO         8378    .text               mf_w.l(dfixul.o)
    0x080009ea   0x080009ea   0x00000002   PAD
    0x080009ec   0x080009ec   0x00000030   Code   RO         8380    .text               mf_w.l(cdrcmple.o)
    0x08000a1c   0x08000a1c   0x00000024   Code   RO         8382    .text               mc_w.l(init.o)
    0x08000a40   0x08000a40   0x00000000   Code   RO         8384    .text               mc_w.l(semi.o)
    0x08000a40   0x08000a40   0x00000008   Code   RO         8385    .text               mc_w.l(ctype_o.o)
    0x08000a48   0x08000a48   0x0000009e   Code   RO         8413    .text               mc_w.l(_strtoul.o)
    0x08000ae6   0x08000ae6   0x00000000   Code   RO         8415    .text               mc_w.l(iusesemip.o)
    0x08000ae6   0x08000ae6   0x000000a2   Code   RO         8416    .text               mf_w.l(dsqrt.o)
    0x08000b88   0x08000b88   0x0000001c   Code   RO         8420    .text               mc_w.l(_chval.o)
    0x08000ba4   0x08000ba4   0x00000056   Code   RO         8430    .text               mc_w.l(__dczerorl2.o)
    0x08000bfa   0x08000bfa   0x00000002   PAD
    0x08000bfc   0x08000bfc   0x00000128   Code   RO         2848    i.ADC_Init          stm32f4xx_hal_adc.o
    0x08000d24   0x08000d24   0x0000003c   Code   RO         1122    i.BEEP_Task         freertos_task.o
    0x08000d60   0x08000d60   0x00000002   Code   RO          605    i.BusFault_Handler  stm32f4xx_it.o
    0x08000d62   0x08000d62   0x00000002   PAD
    0x08000d64   0x08000d64   0x0000000c   Code   RO          606    i.DMA1_Stream0_IRQHandler  stm32f4xx_it.o
    0x08000d70   0x08000d70   0x0000000c   Code   RO          607    i.DMA1_Stream7_IRQHandler  stm32f4xx_it.o
    0x08000d7c   0x08000d7c   0x0000000c   Code   RO          608    i.DMA2_Stream2_IRQHandler  stm32f4xx_it.o
    0x08000d88   0x08000d88   0x0000000c   Code   RO          609    i.DMA2_Stream7_IRQHandler  stm32f4xx_it.o
    0x08000d94   0x08000d94   0x00000028   Code   RO         3636    i.DMA_CalcBaseAndBitshift  stm32f4xx_hal_dma.o
    0x08000dbc   0x08000dbc   0x00000054   Code   RO         3637    i.DMA_CheckFifoParam  stm32f4xx_hal_dma.o
    0x08000e10   0x08000e10   0x00000028   Code   RO         3638    i.DMA_SetConfig     stm32f4xx_hal_dma.o
    0x08000e38   0x08000e38   0x00000060   Code   RO          957    i.DataProcess       uart_dma.o
    0x08000e98   0x08000e98   0x00000002   Code   RO          610    i.DebugMon_Handler  stm32f4xx_it.o
    0x08000e9a   0x08000e9a   0x00000002   PAD
    0x08000e9c   0x08000e9c   0x00000124   Code   RO         1719    i.DrawChar          oled_draw.o
    0x08000fc0   0x08000fc0   0x00000070   Code   RO         1740    i.DrawString        oled_draw.o
    0x08001030   0x08001030   0x00000004   Code   RO         1574    i.DriverInit        oled_config.o
    0x08001034   0x08001034   0x00000114   Code   RO          826    i.ESC_Init          esc.o
    0x08001148   0x08001148   0x00000004   Code   RO           13    i.Error_Handler     main.o
    0x0800114c   0x0800114c   0x0000000c   Code   RO         1538    i.GetDrawColor      oled_color.o
    0x08001158   0x08001158   0x0000000c   Code   RO         1963    i.GetFontSize       oled_font.o
    0x08001164   0x08001164   0x0000000c   Code   RO         1964    i.GetTextBkMode     oled_font.o
    0x08001170   0x08001170   0x0000004c   Code   RO         1081    i.Get_Temprate      verfint_adc.o
    0x080011bc   0x080011bc   0x0000003c   Code   RO         1082    i.Get_Vrefint_Proportion  verfint_adc.o
    0x080011f8   0x080011f8   0x0000002c   Code   RO         1123    i.Grap              freertos_task.o
    0x08001224   0x08001224   0x00000164   Code   RO         2850    i.HAL_ADC_ConfigChannel  stm32f4xx_hal_adc.o
    0x08001388   0x08001388   0x00000006   Code   RO         2857    i.HAL_ADC_GetValue  stm32f4xx_hal_adc.o
    0x0800138e   0x0800138e   0x00000054   Code   RO         2859    i.HAL_ADC_Init      stm32f4xx_hal_adc.o
    0x080013e2   0x080013e2   0x00000002   PAD
    0x080013e4   0x080013e4   0x00000028   Code   RO          360    i.HAL_ADC_MspInit   adc.o
    0x0800140c   0x0800140c   0x000000aa   Code   RO         2863    i.HAL_ADC_PollForConversion  stm32f4xx_hal_adc.o
    0x080014b6   0x080014b6   0x00000002   PAD
    0x080014b8   0x080014b8   0x000000cc   Code   RO         2865    i.HAL_ADC_Start     stm32f4xx_hal_adc.o
    0x08001584   0x08001584   0x0000003c   Code   RO         2868    i.HAL_ADC_Stop      stm32f4xx_hal_adc.o
    0x080015c0   0x080015c0   0x00000092   Code   RO         3639    i.HAL_DMA_Abort     stm32f4xx_hal_dma.o
    0x08001652   0x08001652   0x00000024   Code   RO         3640    i.HAL_DMA_Abort_IT  stm32f4xx_hal_dma.o
    0x08001676   0x08001676   0x00000004   Code   RO         3642    i.HAL_DMA_GetError  stm32f4xx_hal_dma.o
    0x0800167a   0x0800167a   0x00000006   Code   RO         3643    i.HAL_DMA_GetState  stm32f4xx_hal_dma.o
    0x08001680   0x08001680   0x000001a0   Code   RO         3644    i.HAL_DMA_IRQHandler  stm32f4xx_hal_dma.o
    0x08001820   0x08001820   0x000000d4   Code   RO         3645    i.HAL_DMA_Init      stm32f4xx_hal_dma.o
    0x080018f4   0x080018f4   0x0000006e   Code   RO         3649    i.HAL_DMA_Start_IT  stm32f4xx_hal_dma.o
    0x08001962   0x08001962   0x00000002   PAD
    0x08001964   0x08001964   0x00000018   Code   RO          781    i.HAL_Delay         delay.o
    0x0800197c   0x0800197c   0x000001e0   Code   RO         3532    i.HAL_GPIO_Init     stm32f4xx_hal_gpio.o
    0x08001b5c   0x08001b5c   0x0000000a   Code   RO         3534    i.HAL_GPIO_ReadPin  stm32f4xx_hal_gpio.o
    0x08001b66   0x08001b66   0x0000000a   Code   RO         3536    i.HAL_GPIO_WritePin  stm32f4xx_hal_gpio.o
    0x08001b70   0x08001b70   0x0000000c   Code   RO         4088    i.HAL_GetTick       stm32f4xx_hal.o
    0x08001b7c   0x08001b7c   0x00000002   Code   RO         4333    i.HAL_I2C_AbortCpltCallback  stm32f4xx_hal_i2c.o
    0x08001b7e   0x08001b7e   0x00000002   Code   RO         4334    i.HAL_I2C_AddrCallback  stm32f4xx_hal_i2c.o
    0x08001b80   0x08001b80   0x00000230   Code   RO         4338    i.HAL_I2C_EV_IRQHandler  stm32f4xx_hal_i2c.o
    0x08001db0   0x08001db0   0x00000002   Code   RO         4340    i.HAL_I2C_ErrorCallback  stm32f4xx_hal_i2c.o
    0x08001db2   0x08001db2   0x00000002   PAD
    0x08001db4   0x08001db4   0x00000188   Code   RO         4344    i.HAL_I2C_Init      stm32f4xx_hal_i2c.o
    0x08001f3c   0x08001f3c   0x00000002   Code   RO         4346    i.HAL_I2C_ListenCpltCallback  stm32f4xx_hal_i2c.o
    0x08001f3e   0x08001f3e   0x00000002   Code   RO         4347    i.HAL_I2C_MasterRxCpltCallback  stm32f4xx_hal_i2c.o
    0x08001f40   0x08001f40   0x00000002   Code   RO         4348    i.HAL_I2C_MasterTxCpltCallback  stm32f4xx_hal_i2c.o
    0x08001f42   0x08001f42   0x00000002   PAD
    0x08001f44   0x08001f44   0x000001e0   Code   RO         4350    i.HAL_I2C_Master_Receive  stm32f4xx_hal_i2c.o
    0x08002124   0x08002124   0x0000012c   Code   RO         4357    i.HAL_I2C_Master_Transmit  stm32f4xx_hal_i2c.o
    0x08002250   0x08002250   0x00000002   Code   RO         4360    i.HAL_I2C_MemRxCpltCallback  stm32f4xx_hal_i2c.o
    0x08002252   0x08002252   0x00000002   Code   RO         4361    i.HAL_I2C_MemTxCpltCallback  stm32f4xx_hal_i2c.o
    0x08002254   0x08002254   0x000001f8   Code   RO         4362    i.HAL_I2C_Mem_Read  stm32f4xx_hal_i2c.o
    0x0800244c   0x0800244c   0x00000130   Code   RO         4365    i.HAL_I2C_Mem_Write  stm32f4xx_hal_i2c.o
    0x0800257c   0x0800257c   0x0000019c   Code   RO         4366    i.HAL_I2C_Mem_Write_DMA  stm32f4xx_hal_i2c.o
    0x08002718   0x08002718   0x00000188   Code   RO          426    i.HAL_I2C_MspInit   i2c.o
    0x080028a0   0x080028a0   0x00000002   Code   RO         4370    i.HAL_I2C_SlaveRxCpltCallback  stm32f4xx_hal_i2c.o
    0x080028a2   0x080028a2   0x00000002   Code   RO         4371    i.HAL_I2C_SlaveTxCpltCallback  stm32f4xx_hal_i2c.o
    0x080028a4   0x080028a4   0x00000010   Code   RO         4094    i.HAL_IncTick       stm32f4xx_hal.o
    0x080028b4   0x080028b4   0x00000034   Code   RO         4095    i.HAL_Init          stm32f4xx_hal.o
    0x080028e8   0x080028e8   0x00000074   Code   RO          742    i.HAL_InitTick      stm32f4xx_hal_timebase_tim.o
    0x0800295c   0x0800295c   0x00000038   Code   RO          718    i.HAL_MspInit       stm32f4xx_hal_msp.o
    0x08002994   0x08002994   0x0000001a   Code   RO         3945    i.HAL_NVIC_EnableIRQ  stm32f4xx_hal_cortex.o
    0x080029ae   0x080029ae   0x00000002   PAD
    0x080029b0   0x080029b0   0x00000040   Code   RO         3951    i.HAL_NVIC_SetPriority  stm32f4xx_hal_cortex.o
    0x080029f0   0x080029f0   0x00000024   Code   RO         3952    i.HAL_NVIC_SetPriorityGrouping  stm32f4xx_hal_cortex.o
    0x08002a14   0x08002a14   0x00000134   Code   RO         3124    i.HAL_RCC_ClockConfig  stm32f4xx_hal_rcc.o
    0x08002b48   0x08002b48   0x00000040   Code   RO         3128    i.HAL_RCC_GetClockConfig  stm32f4xx_hal_rcc.o
    0x08002b88   0x08002b88   0x00000020   Code   RO         3131    i.HAL_RCC_GetPCLK1Freq  stm32f4xx_hal_rcc.o
    0x08002ba8   0x08002ba8   0x00000020   Code   RO         3132    i.HAL_RCC_GetPCLK2Freq  stm32f4xx_hal_rcc.o
    0x08002bc8   0x08002bc8   0x00000064   Code   RO         3133    i.HAL_RCC_GetSysClockFreq  stm32f4xx_hal_rcc.o
    0x08002c2c   0x08002c2c   0x0000036c   Code   RO         3136    i.HAL_RCC_OscConfig  stm32f4xx_hal_rcc.o
    0x08002f98   0x08002f98   0x00000002   Code   RO         5501    i.HAL_TIMEx_BreakCallback  stm32f4xx_hal_tim_ex.o
    0x08002f9a   0x08002f9a   0x00000002   Code   RO         5502    i.HAL_TIMEx_CommutCallback  stm32f4xx_hal_tim_ex.o
    0x08002f9c   0x08002f9c   0x0000007c   Code   RO         5520    i.HAL_TIMEx_MasterConfigSynchronization  stm32f4xx_hal_tim_ex.o
    0x08003018   0x08003018   0x0000005a   Code   RO         4797    i.HAL_TIM_Base_Init  stm32f4xx_hal_tim.o
    0x08003072   0x08003072   0x00000002   PAD
    0x08003074   0x08003074   0x00000064   Code   RO          480    i.HAL_TIM_Base_MspInit  tim.o
    0x080030d8   0x080030d8   0x0000006c   Code   RO         4802    i.HAL_TIM_Base_Start_IT  stm32f4xx_hal_tim.o
    0x08003144   0x08003144   0x000000dc   Code   RO         4806    i.HAL_TIM_ConfigClockSource  stm32f4xx_hal_tim.o
    0x08003220   0x08003220   0x00000002   Code   RO         4827    i.HAL_TIM_ErrorCallback  stm32f4xx_hal_tim.o
    0x08003222   0x08003222   0x00000002   Code   RO         4831    i.HAL_TIM_IC_CaptureCallback  stm32f4xx_hal_tim.o
    0x08003224   0x08003224   0x00000166   Code   RO         4845    i.HAL_TIM_IRQHandler  stm32f4xx_hal_tim.o
    0x0800338a   0x0800338a   0x00000002   PAD
    0x0800338c   0x0800338c   0x00000100   Code   RO          481    i.HAL_TIM_MspPostInit  tim.o
    0x0800348c   0x0800348c   0x00000002   Code   RO         4848    i.HAL_TIM_OC_DelayElapsedCallback  stm32f4xx_hal_tim.o
    0x0800348e   0x0800348e   0x000000cc   Code   RO         4869    i.HAL_TIM_PWM_ConfigChannel  stm32f4xx_hal_tim.o
    0x0800355a   0x0800355a   0x0000005a   Code   RO         4872    i.HAL_TIM_PWM_Init  stm32f4xx_hal_tim.o
    0x080035b4   0x080035b4   0x0000005c   Code   RO          483    i.HAL_TIM_PWM_MspInit  tim.o
    0x08003610   0x08003610   0x00000002   Code   RO         4875    i.HAL_TIM_PWM_PulseFinishedCallback  stm32f4xx_hal_tim.o
    0x08003612   0x08003612   0x00000002   Code   RO         4876    i.HAL_TIM_PWM_PulseFinishedHalfCpltCallback  stm32f4xx_hal_tim.o
    0x08003614   0x08003614   0x000000b0   Code   RO         4877    i.HAL_TIM_PWM_Start  stm32f4xx_hal_tim.o
    0x080036c4   0x080036c4   0x000001a4   Code   RO         4878    i.HAL_TIM_PWM_Start_DMA  stm32f4xx_hal_tim.o
    0x08003868   0x08003868   0x00000070   Code   RO         4880    i.HAL_TIM_PWM_Stop  stm32f4xx_hal_tim.o
    0x080038d8   0x080038d8   0x00000014   Code   RO           14    i.HAL_TIM_PeriodElapsedCallback  main.o
    0x080038ec   0x080038ec   0x00000002   Code   RO         4888    i.HAL_TIM_TriggerCallback  stm32f4xx_hal_tim.o
    0x080038ee   0x080038ee   0x00000002   Code   RO         5779    i.HAL_UARTEx_RxEventCallback  stm32f4xx_hal_uart.o
    0x080038f0   0x080038f0   0x00000070   Code   RO         5791    i.HAL_UART_DMAStop  stm32f4xx_hal_uart.o
    0x08003960   0x08003960   0x00000002   Code   RO         5793    i.HAL_UART_ErrorCallback  stm32f4xx_hal_uart.o
    0x08003962   0x08003962   0x00000002   PAD
    0x08003964   0x08003964   0x00000268   Code   RO         5796    i.HAL_UART_IRQHandler  stm32f4xx_hal_uart.o
    0x08003bcc   0x08003bcc   0x0000001a   Code   RO          958    i.HAL_UART_IdleCallback  uart_dma.o
    0x08003be6   0x08003be6   0x00000062   Code   RO         5797    i.HAL_UART_Init     stm32f4xx_hal_uart.o
    0x08003c48   0x08003c48   0x00000130   Code   RO          558    i.HAL_UART_MspInit  usart.o
    0x08003d78   0x08003d78   0x0000002a   Code   RO         5801    i.HAL_UART_Receive_DMA  stm32f4xx_hal_uart.o
    0x08003da2   0x08003da2   0x00000002   PAD
    0x08003da4   0x08003da4   0x0000001c   Code   RO          959    i.HAL_UART_RxCpltCallback  uart_dma.o
    0x08003dc0   0x08003dc0   0x00000002   Code   RO         5804    i.HAL_UART_RxHalfCpltCallback  stm32f4xx_hal_uart.o
    0x08003dc2   0x08003dc2   0x00000002   PAD
    0x08003dc4   0x08003dc4   0x0000008c   Code   RO         5806    i.HAL_UART_Transmit_DMA  stm32f4xx_hal_uart.o
    0x08003e50   0x08003e50   0x00000018   Code   RO          960    i.HAL_UART_TxCpltCallback  uart_dma.o
    0x08003e68   0x08003e68   0x00000002   Code   RO         5809    i.HAL_UART_TxHalfCpltCallback  stm32f4xx_hal_uart.o
    0x08003e6a   0x08003e6a   0x00000002   Code   RO          611    i.HardFault_Handler  stm32f4xx_it.o
    0x08003e6c   0x08003e6c   0x0000000c   Code   RO          612    i.I2C2_EV_IRQHandler  stm32f4xx_it.o
    0x08003e78   0x08003e78   0x000000bc   Code   RO         4382    i.I2C_DMAAbort      stm32f4xx_hal_i2c.o
    0x08003f34   0x08003f34   0x00000040   Code   RO         4383    i.I2C_DMAError      stm32f4xx_hal_i2c.o
    0x08003f74   0x08003f74   0x0000010a   Code   RO         4384    i.I2C_DMAXferCplt   stm32f4xx_hal_i2c.o
    0x0800407e   0x0800407e   0x00000002   PAD
    0x08004080   0x08004080   0x00000158   Code   RO         4385    i.I2C_ITError       stm32f4xx_hal_i2c.o
    0x080041d8   0x080041d8   0x0000002e   Code   RO         4386    i.I2C_IsAcknowledgeFailed  stm32f4xx_hal_i2c.o
    0x08004206   0x08004206   0x000000d2   Code   RO         4387    i.I2C_MasterReceive_BTF  stm32f4xx_hal_i2c.o
    0x080042d8   0x080042d8   0x000000e8   Code   RO         4388    i.I2C_MasterReceive_RXNE  stm32f4xx_hal_i2c.o
    0x080043c0   0x080043c0   0x000000ec   Code   RO         4389    i.I2C_MasterRequestRead  stm32f4xx_hal_i2c.o
    0x080044ac   0x080044ac   0x0000009c   Code   RO         4390    i.I2C_MasterRequestWrite  stm32f4xx_hal_i2c.o
    0x08004548   0x08004548   0x00000082   Code   RO         4391    i.I2C_MasterTransmit_BTF  stm32f4xx_hal_i2c.o
    0x080045ca   0x080045ca   0x00000002   PAD
    0x080045cc   0x080045cc   0x000000b6   Code   RO         4392    i.I2C_MasterTransmit_TXE  stm32f4xx_hal_i2c.o
    0x08004682   0x08004682   0x00000002   PAD
    0x08004684   0x08004684   0x00000118   Code   RO         4393    i.I2C_Master_ADDR   stm32f4xx_hal_i2c.o
    0x0800479c   0x0800479c   0x0000008c   Code   RO         4394    i.I2C_Master_SB     stm32f4xx_hal_i2c.o
    0x08004828   0x08004828   0x000000a0   Code   RO         4395    i.I2C_MemoryTransmit_TXE_BTF  stm32f4xx_hal_i2c.o
    0x080048c8   0x080048c8   0x000000fc   Code   RO         4396    i.I2C_RequestMemoryRead  stm32f4xx_hal_i2c.o
    0x080049c4   0x080049c4   0x000000a8   Code   RO         4397    i.I2C_RequestMemoryWrite  stm32f4xx_hal_i2c.o
    0x08004a6c   0x08004a6c   0x00000046   Code   RO         4398    i.I2C_Slave_ADDR    stm32f4xx_hal_i2c.o
    0x08004ab2   0x08004ab2   0x00000002   PAD
    0x08004ab4   0x08004ab4   0x0000015c   Code   RO         4400    i.I2C_Slave_STOPF   stm32f4xx_hal_i2c.o
    0x08004c10   0x08004c10   0x0000004c   Code   RO         4401    i.I2C_WaitOnBTFFlagUntilTimeout  stm32f4xx_hal_i2c.o
    0x08004c5c   0x08004c5c   0x00000068   Code   RO         4402    i.I2C_WaitOnFlagUntilTimeout  stm32f4xx_hal_i2c.o
    0x08004cc4   0x08004cc4   0x00000096   Code   RO         4403    i.I2C_WaitOnMasterAddressFlagUntilTimeout  stm32f4xx_hal_i2c.o
    0x08004d5a   0x08004d5a   0x00000066   Code   RO         4404    i.I2C_WaitOnRXNEFlagUntilTimeout  stm32f4xx_hal_i2c.o
    0x08004dc0   0x08004dc0   0x0000004c   Code   RO         4405    i.I2C_WaitOnTXEFlagUntilTimeout  stm32f4xx_hal_i2c.o
    0x08004e0c   0x08004e0c   0x00000048   Code   RO          854    i.I2C_read32        ms5837.o
    0x08004e54   0x08004e54   0x00000016   Code   RO          855    i.I2C_send          ms5837.o
    0x08004e6a   0x08004e6a   0x00000004   Code   RO         1307    i.InitGraph         oled_basic.o
    0x08004e6e   0x08004e6e   0x00000002   PAD
    0x08004e70   0x08004e70   0x000000ac   Code   RO         2821    i.KalmanFilter      kalman.o
    0x08004f1c   0x08004f1c   0x00000040   Code   RO         2822    i.Kalman_Init       kalman.o
    0x08004f5c   0x08004f5c   0x000000e0   Code   RO         1124    i.LED_Task          freertos_task.o
    0x0800503c   0x0800503c   0x00000064   Code   RO         1125    i.MPU6050_Task      freertos_task.o
    0x080050a0   0x080050a0   0x00000032   Code   RO         2188    i.MPU_Get_Accelerometer  mpu6050.o
    0x080050d2   0x080050d2   0x00000032   Code   RO         2189    i.MPU_Get_Gyroscope  mpu6050.o
    0x08005104   0x08005104   0x00000064   Code   RO         2190    i.MPU_Get_Temperature  mpu6050.o
    0x08005168   0x08005168   0x00000072   Code   RO         2191    i.MPU_Init          mpu6050.o
    0x080051da   0x080051da   0x00000002   PAD
    0x080051dc   0x080051dc   0x0000002c   Code   RO         2192    i.MPU_Read_Byte     mpu6050.o
    0x08005208   0x08005208   0x00000024   Code   RO         2193    i.MPU_Read_Len      mpu6050.o
    0x0800522c   0x0800522c   0x0000000a   Code   RO         2194    i.MPU_Set_Accel_Fsr  mpu6050.o
    0x08005236   0x08005236   0x0000000a   Code   RO         2195    i.MPU_Set_Gyro_Fsr  mpu6050.o
    0x08005240   0x08005240   0x00000030   Code   RO         2196    i.MPU_Set_LPF       mpu6050.o
    0x08005270   0x08005270   0x0000002e   Code   RO         2197    i.MPU_Set_Rate      mpu6050.o
    0x0800529e   0x0800529e   0x00000002   PAD
    0x080052a0   0x080052a0   0x00000028   Code   RO         2198    i.MPU_Write_Byte    mpu6050.o
    0x080052c8   0x080052c8   0x00000024   Code   RO         2199    i.MPU_Write_Len     mpu6050.o
    0x080052ec   0x080052ec   0x00000030   Code   RO         1126    i.MS5837_Read_Task  freertos_task.o
    0x0800531c   0x0800531c   0x000000ec   Code   RO          856    i.MS5837_init       ms5837.o
    0x08005408   0x08005408   0x0000004c   Code   RO          857    i.MS5837_read       ms5837.o
    0x08005454   0x08005454   0x00000064   Code   RO          361    i.MX_ADC1_Init      adc.o
    0x080054b8   0x080054b8   0x0000006c   Code   RO          401    i.MX_DMA_Init       dma.o
    0x08005524   0x08005524   0x000000b0   Code   RO          317    i.MX_FREERTOS_Init  freertos.o
    0x080055d4   0x080055d4   0x000000dc   Code   RO          292    i.MX_GPIO_Init      gpio.o
    0x080056b0   0x080056b0   0x00000040   Code   RO          427    i.MX_I2C1_Init      i2c.o
    0x080056f0   0x080056f0   0x00000040   Code   RO          428    i.MX_I2C2_Init      i2c.o
    0x08005730   0x08005730   0x00000040   Code   RO          429    i.MX_I2C3_Init      i2c.o
    0x08005770   0x08005770   0x00000084   Code   RO          484    i.MX_TIM2_Init      tim.o
    0x080057f4   0x080057f4   0x000000a4   Code   RO          485    i.MX_TIM3_Init      tim.o
    0x08005898   0x08005898   0x00000098   Code   RO          486    i.MX_TIM4_Init      tim.o
    0x08005930   0x08005930   0x00000070   Code   RO          487    i.MX_TIM9_Init      tim.o
    0x080059a0   0x080059a0   0x00000038   Code   RO          559    i.MX_USART1_UART_Init  usart.o
    0x080059d8   0x080059d8   0x00000038   Code   RO          560    i.MX_USART6_UART_Init  usart.o
    0x08005a10   0x08005a10   0x00000002   Code   RO          613    i.MemManage_Handler  stm32f4xx_it.o
    0x08005a12   0x08005a12   0x00000002   PAD
    0x08005a14   0x08005a14   0x00000044   Code   RO         1264    i.Motor_Set         movement.o
    0x08005a58   0x08005a58   0x000002cc   Code   RO         1265    i.Move_Task         movement.o
    0x08005d24   0x08005d24   0x00000002   Code   RO          614    i.NMI_Handler       stm32f4xx_it.o
    0x08005d26   0x08005d26   0x00000002   PAD
    0x08005d28   0x08005d28   0x00000040   Code   RO         1926    i.OLED_CLS          oled_driver.o
    0x08005d68   0x08005d68   0x0000001c   Code   RO         1927    i.OLED_FILL         oled_driver.o
    0x08005d84   0x08005d84   0x00000034   Code   RO         1928    i.OLED_Init         oled_driver.o
    0x08005db8   0x08005db8   0x00000044   Code   RO         1127    i.OLED_Task         freertos_task.o
    0x08005dfc   0x08005dfc   0x00000014   Code   RO         1575    i.OledTimeMsFunc    oled_config.o
    0x08005e10   0x08005e10   0x00000128   Code   RO          918    i.PID_calc          pid.o
    0x08005f38   0x08005f38   0x0000005c   Code   RO          920    i.PID_init          pid.o
    0x08005f94   0x08005f94   0x00000048   Code   RO          961    i.ProcessData       uart_dma.o
    0x08005fdc   0x08005fdc   0x00000030   Code   RO         2143    i.Range2Percentage  range2percentage.o
    0x0800600c   0x0800600c   0x00000050   Code   RO         1467    i.SetPointBuffer    oled_buffer.o
    0x0800605c   0x0800605c   0x00000014   Code   RO          962    i.StartUartRxDMA    uart_dma.o
    0x08006070   0x08006070   0x00000018   Code   RO          963    i.StartUartTxDMA    uart_dma.o
    0x08006088   0x08006088   0x0000001a   Code   RO         7261    i.SysTick_Handler   cmsis_os2.o
    0x080060a2   0x080060a2   0x00000002   PAD
    0x080060a4   0x080060a4   0x00000090   Code   RO           15    i.SystemClock_Config  main.o
    0x08006134   0x08006134   0x00000010   Code   RO         6126    i.SystemInit        system_stm32f4xx.o
    0x08006144   0x08006144   0x00000014   Code   RO          615    i.TIM1_TRG_COM_TIM11_IRQHandler  stm32f4xx_it.o
    0x08006158   0x08006158   0x00000098   Code   RO         4890    i.TIM_Base_SetConfig  stm32f4xx_hal_tim.o
    0x080061f0   0x080061f0   0x0000001a   Code   RO         4891    i.TIM_CCxChannelCmd  stm32f4xx_hal_tim.o
    0x0800620a   0x0800620a   0x0000005e   Code   RO         4894    i.TIM_DMADelayPulseCplt  stm32f4xx_hal_tim.o
    0x08006268   0x08006268   0x00000038   Code   RO         4895    i.TIM_DMADelayPulseHalfCplt  stm32f4xx_hal_tim.o
    0x080062a0   0x080062a0   0x00000054   Code   RO         4896    i.TIM_DMAError      stm32f4xx_hal_tim.o
    0x080062f4   0x080062f4   0x00000014   Code   RO         4901    i.TIM_ETR_SetConfig  stm32f4xx_hal_tim.o
    0x08006308   0x08006308   0x00000010   Code   RO         4902    i.TIM_ITRx_SetConfig  stm32f4xx_hal_tim.o
    0x08006318   0x08006318   0x00000050   Code   RO         4903    i.TIM_OC1_SetConfig  stm32f4xx_hal_tim.o
    0x08006368   0x08006368   0x00000058   Code   RO         4904    i.TIM_OC2_SetConfig  stm32f4xx_hal_tim.o
    0x080063c0   0x080063c0   0x00000058   Code   RO         4905    i.TIM_OC3_SetConfig  stm32f4xx_hal_tim.o
    0x08006418   0x08006418   0x00000044   Code   RO         4906    i.TIM_OC4_SetConfig  stm32f4xx_hal_tim.o
    0x0800645c   0x0800645c   0x00000022   Code   RO         4908    i.TIM_TI1_ConfigInputStage  stm32f4xx_hal_tim.o
    0x0800647e   0x0800647e   0x00000024   Code   RO         4910    i.TIM_TI2_ConfigInputStage  stm32f4xx_hal_tim.o
    0x080064a2   0x080064a2   0x00000002   PAD
    0x080064a4   0x080064a4   0x0000008c   Code   RO         1128    i.Turn_Check_Task   freertos_task.o
    0x08006530   0x08006530   0x00000010   Code   RO         5810    i.UART_DMAAbortOnError  stm32f4xx_hal_uart.o
    0x08006540   0x08006540   0x0000004a   Code   RO         5811    i.UART_DMAError     stm32f4xx_hal_uart.o
    0x0800658a   0x0800658a   0x00000082   Code   RO         5812    i.UART_DMAReceiveCplt  stm32f4xx_hal_uart.o
    0x0800660c   0x0800660c   0x0000001a   Code   RO         5814    i.UART_DMARxHalfCplt  stm32f4xx_hal_uart.o
    0x08006626   0x08006626   0x00000042   Code   RO         5816    i.UART_DMATransmitCplt  stm32f4xx_hal_uart.o
    0x08006668   0x08006668   0x0000000a   Code   RO         5818    i.UART_DMATxHalfCplt  stm32f4xx_hal_uart.o
    0x08006672   0x08006672   0x0000004e   Code   RO         5820    i.UART_EndRxTransfer  stm32f4xx_hal_uart.o
    0x080066c0   0x080066c0   0x0000001c   Code   RO         5821    i.UART_EndTxTransfer  stm32f4xx_hal_uart.o
    0x080066dc   0x080066dc   0x000000c0   Code   RO         5822    i.UART_Receive_IT   stm32f4xx_hal_uart.o
    0x0800679c   0x0800679c   0x0000010c   Code   RO         5823    i.UART_SetConfig    stm32f4xx_hal_uart.o
    0x080068a8   0x080068a8   0x00000090   Code   RO         5824    i.UART_Start_Receive_DMA  stm32f4xx_hal_uart.o
    0x08006938   0x08006938   0x00000060   Code   RO         1129    i.UKEY_Task         freertos_task.o
    0x08006998   0x08006998   0x00000020   Code   RO          616    i.USART1_IRQHandler  stm32f4xx_it.o
    0x080069b8   0x080069b8   0x0000000c   Code   RO          617    i.USART6_IRQHandler  stm32f4xx_it.o
    0x080069c4   0x080069c4   0x00000020   Code   RO          966    i.UartRxData        uart_dma.o
    0x080069e4   0x080069e4   0x0000002c   Code   RO          967    i.UartTxData        uart_dma.o
    0x08006a10   0x08006a10   0x00000004   Code   RO         1313    i.UpdateScreen      oled_basic.o
    0x08006a14   0x08006a14   0x0000000c   Code   RO         1576    i.UpdateScreenBuffer  oled_config.o
    0x08006a20   0x08006a20   0x00000004   Code   RO         1471    i.UpdateScreenDisplay  oled_buffer.o
    0x08006a24   0x08006a24   0x00000002   Code   RO          618    i.UsageFault_Handler  stm32f4xx_it.o
    0x08006a26   0x08006a26   0x00000002   PAD
    0x08006a28   0x08006a28   0x000002f0   Code   RO         1130    i.WS2812_Task       freertos_task.o
    0x08006d18   0x08006d18   0x00000018   Code   RO         2073    i.WS_Load           ws2812.o
    0x08006d30   0x08006d30   0x000000b8   Code   RO         2074    i.WS_WriteAll_RGB   ws2812.o
    0x08006de8   0x08006de8   0x00000020   Code   RO         1472    i.WriteByteBuffer   oled_buffer.o
    0x08006e08   0x08006e08   0x00000020   Code   RO         8222    i.__0printf         mc_w.l(printfa.o)
    0x08006e28   0x08006e28   0x00000034   Code   RO         8223    i.__0snprintf       mc_w.l(printfa.o)
    0x08006e5c   0x08006e5c   0x00000030   Code   RO         8305    i.__ARM_fpclassify  m_wm.l(fpclassify.o)
    0x08006e8c   0x08006e8c   0x00000020   Code   RO         3958    i.__NVIC_SetPriority  stm32f4xx_hal_cortex.o
    0x08006eac   0x08006eac   0x00000008   Code   RO         8360    i.__aeabi_errno_addr  mc_w.l(errno.o)
    0x08006eb4   0x08006eb4   0x00000004   PAD
    0x08006eb8   0x08006eb8   0x00000360   Code   RO         7906    i.__hardfp_asin     m_wm.l(asin.o)
    0x08007218   0x08007218   0x000002d8   Code   RO         8268    i.__hardfp_atan     m_wm.l(atan.o)
    0x080074f0   0x080074f0   0x00000200   Code   RO         7920    i.__hardfp_atan2    m_wm.l(atan2.o)
    0x080076f0   0x080076f0   0x000000f8   Code   RO         8307    i.__kernel_poly     m_wm.l(poly.o)
    0x080077e8   0x080077e8   0x00000014   Code   RO         8286    i.__mathlib_dbl_infnan  m_wm.l(dunder.o)
    0x080077fc   0x080077fc   0x00000014   Code   RO         8287    i.__mathlib_dbl_infnan2  m_wm.l(dunder.o)
    0x08007810   0x08007810   0x00000020   Code   RO         8288    i.__mathlib_dbl_invalid  m_wm.l(dunder.o)
    0x08007830   0x08007830   0x00000020   Code   RO         8291    i.__mathlib_dbl_underflow  m_wm.l(dunder.o)
    0x08007850   0x08007850   0x0000000e   Code   RO         8424    i.__scatterload_copy  mc_w.l(handlers.o)
    0x0800785e   0x0800785e   0x00000002   Code   RO         8425    i.__scatterload_null  mc_w.l(handlers.o)
    0x08007860   0x08007860   0x0000000e   Code   RO         8426    i.__scatterload_zeroinit  mc_w.l(handlers.o)
    0x0800786e   0x0800786e   0x00000002   PAD
    0x08007870   0x08007870   0x0000000c   Code   RO         8362    i.__set_errno       mc_w.l(errno.o)
    0x0800787c   0x0800787c   0x00000184   Code   RO         8229    i._fp_digits        mc_w.l(printfa.o)
    0x08007a00   0x08007a00   0x000006b4   Code   RO         8230    i._printf_core      mc_w.l(printfa.o)
    0x080080b4   0x080080b4   0x00000024   Code   RO         8231    i._printf_post_padding  mc_w.l(printfa.o)
    0x080080d8   0x080080d8   0x0000002e   Code   RO         8232    i._printf_pre_padding  mc_w.l(printfa.o)
    0x08008106   0x08008106   0x00000016   Code   RO         8233    i._snputc           mc_w.l(printfa.o)
    0x0800811c   0x0800811c   0x00000090   Code   RO         2281    i.accel_self_test   inv_mpu.o
    0x080081ac   0x080081ac   0x00000040   Code   RO         1083    i.adcx_get_chx_value  verfint_adc.o
    0x080081ec   0x080081ec   0x00000010   Code   RO         8270    i.atan              m_wm.l(atan.o)
    0x080081fc   0x080081fc   0x000002e0   Code   RO          859    i.calculate         ms5837.o
    0x080084dc   0x080084dc   0x0000001c   Code   RO          782    i.delay_init        delay.o
    0x080084f8   0x080084f8   0x00000038   Code   RO          783    i.delay_ms          delay.o
    0x08008530   0x08008530   0x0000003a   Code   RO         2639    i.dmp_enable_6x_lp_quat  inv_mpu_dmp_motion_driver.o
    0x0800856a   0x0800856a   0x00000002   PAD
    0x0800856c   0x0800856c   0x000001d8   Code   RO         2640    i.dmp_enable_feature  inv_mpu_dmp_motion_driver.o
    0x08008744   0x08008744   0x0000003c   Code   RO         2641    i.dmp_enable_gyro_cal  inv_mpu_dmp_motion_driver.o
    0x08008780   0x08008780   0x0000003a   Code   RO         2642    i.dmp_enable_lp_quat  inv_mpu_dmp_motion_driver.o
    0x080087ba   0x080087ba   0x00000002   PAD
    0x080087bc   0x080087bc   0x00000014   Code   RO         2647    i.dmp_load_motion_driver_firmware  inv_mpu_dmp_motion_driver.o
    0x080087d0   0x080087d0   0x00000168   Code   RO         2648    i.dmp_read_fifo     inv_mpu_dmp_motion_driver.o
    0x08008938   0x08008938   0x000000d8   Code   RO         2651    i.dmp_set_accel_bias  inv_mpu_dmp_motion_driver.o
    0x08008a10   0x08008a10   0x00000064   Code   RO         2652    i.dmp_set_fifo_rate  inv_mpu_dmp_motion_driver.o
    0x08008a74   0x08008a74   0x000000cc   Code   RO         2653    i.dmp_set_gyro_bias  inv_mpu_dmp_motion_driver.o
    0x08008b40   0x08008b40   0x0000010c   Code   RO         2655    i.dmp_set_orientation  inv_mpu_dmp_motion_driver.o
    0x08008c4c   0x08008c4c   0x00000030   Code   RO         2658    i.dmp_set_shake_reject_thresh  inv_mpu_dmp_motion_driver.o
    0x08008c7c   0x08008c7c   0x00000020   Code   RO         2659    i.dmp_set_shake_reject_time  inv_mpu_dmp_motion_driver.o
    0x08008c9c   0x08008c9c   0x00000020   Code   RO         2660    i.dmp_set_shake_reject_timeout  inv_mpu_dmp_motion_driver.o
    0x08008cbc   0x08008cbc   0x00000040   Code   RO         2661    i.dmp_set_tap_axes  inv_mpu_dmp_motion_driver.o
    0x08008cfc   0x08008cfc   0x00000022   Code   RO         2662    i.dmp_set_tap_count  inv_mpu_dmp_motion_driver.o
    0x08008d1e   0x08008d1e   0x00000002   PAD
    0x08008d20   0x08008d20   0x00000160   Code   RO         2663    i.dmp_set_tap_thresh  inv_mpu_dmp_motion_driver.o
    0x08008e80   0x08008e80   0x00000020   Code   RO         2664    i.dmp_set_tap_time  inv_mpu_dmp_motion_driver.o
    0x08008ea0   0x08008ea0   0x00000020   Code   RO         2665    i.dmp_set_tap_time_multi  inv_mpu_dmp_motion_driver.o
    0x08008ec0   0x08008ec0   0x00000018   Code   RO         8301    i.fabs              m_wm.l(fabs.o)
    0x08008ed8   0x08008ed8   0x00000012   Code   RO         8349    i.fputc             mc_w.l(fputc.o)
    0x08008eea   0x08008eea   0x00000002   PAD
    0x08008eec   0x08008eec   0x000000b4   Code   RO         2282    i.get_accel_prod_shift  inv_mpu.o
    0x08008fa0   0x08008fa0   0x00000314   Code   RO         2283    i.get_st_biases     inv_mpu.o
    0x080092b4   0x080092b4   0x000000d4   Code   RO         2284    i.gyro_self_test    inv_mpu.o
    0x08009388   0x08009388   0x00000022   Code   RO         2285    i.inv_orientation_matrix_to_scalar  inv_mpu.o
    0x080093aa   0x080093aa   0x00000048   Code   RO         2286    i.inv_row_2_scale   inv_mpu.o
    0x080093f2   0x080093f2   0x00000002   PAD
    0x080093f4   0x080093f4   0x00000100   Code   RO           16    i.main              main.o
    0x080094f4   0x080094f4   0x00000002   Code   RO         2287    i.mget_ms           inv_mpu.o
    0x080094f6   0x080094f6   0x00000002   PAD
    0x080094f8   0x080094f8   0x00000054   Code   RO         2288    i.mpu_configure_fifo  inv_mpu.o
    0x0800954c   0x0800954c   0x00000164   Code   RO         2289    i.mpu_dmp_get_data  inv_mpu.o
    0x080096b0   0x080096b0   0x000000a0   Code   RO         2290    i.mpu_dmp_init      inv_mpu.o
    0x08009750   0x08009750   0x0000003c   Code   RO         2291    i.mpu_get_accel_fsr  inv_mpu.o
    0x0800978c   0x0800978c   0x00000044   Code   RO         2293    i.mpu_get_accel_sens  inv_mpu.o
    0x080097d0   0x080097d0   0x00000034   Code   RO         2299    i.mpu_get_gyro_fsr  inv_mpu.o
    0x08009804   0x08009804   0x0000004c   Code   RO         2301    i.mpu_get_gyro_sens  inv_mpu.o
    0x08009850   0x08009850   0x00000038   Code   RO         2303    i.mpu_get_lpf       inv_mpu.o
    0x08009888   0x08009888   0x0000001c   Code   RO         2305    i.mpu_get_sample_rate  inv_mpu.o
    0x080098a4   0x080098a4   0x00000188   Code   RO         2307    i.mpu_init          inv_mpu.o
    0x08009a2c   0x08009a2c   0x000000a0   Code   RO         2308    i.mpu_load_firmware  inv_mpu.o
    0x08009acc   0x08009acc   0x000000b8   Code   RO         2309    i.mpu_lp_accel_mode  inv_mpu.o
    0x08009b84   0x08009b84   0x00000090   Code   RO         2312    i.mpu_read_fifo_stream  inv_mpu.o
    0x08009c14   0x08009c14   0x00000054   Code   RO         2313    i.mpu_read_mem      inv_mpu.o
    0x08009c68   0x08009c68   0x00000160   Code   RO         2316    i.mpu_reset_fifo    inv_mpu.o
    0x08009dc8   0x08009dc8   0x000000f0   Code   RO         2317    i.mpu_run_self_test  inv_mpu.o
    0x08009eb8   0x08009eb8   0x00000068   Code   RO         2319    i.mpu_set_accel_fsr  inv_mpu.o
    0x08009f20   0x08009f20   0x000000dc   Code   RO         2320    i.mpu_set_bypass    inv_mpu.o
    0x08009ffc   0x08009ffc   0x00000078   Code   RO         2322    i.mpu_set_dmp_state  inv_mpu.o
    0x0800a074   0x0800a074   0x0000006c   Code   RO         2323    i.mpu_set_gyro_fsr  inv_mpu.o
    0x0800a0e0   0x0800a0e0   0x00000064   Code   RO         2324    i.mpu_set_int_latched  inv_mpu.o
    0x0800a144   0x0800a144   0x0000006c   Code   RO         2326    i.mpu_set_lpf       inv_mpu.o
    0x0800a1b0   0x0800a1b0   0x00000080   Code   RO         2327    i.mpu_set_sample_rate  inv_mpu.o
    0x0800a230   0x0800a230   0x000000b8   Code   RO         2328    i.mpu_set_sensors   inv_mpu.o
    0x0800a2e8   0x0800a2e8   0x00000054   Code   RO         2329    i.mpu_write_mem     inv_mpu.o
    0x0800a33c   0x0800a33c   0x0000003c   Code   RO         2005    i.oled_print_float  oled_myapp.o
    0x0800a378   0x0800a378   0x0000001a   Code   RO         7263    i.osDelay           cmsis_os2.o
    0x0800a392   0x0800a392   0x00000002   PAD
    0x0800a394   0x0800a394   0x00000024   Code   RO         7277    i.osKernelInitialize  cmsis_os2.o
    0x0800a3b8   0x0800a3b8   0x00000038   Code   RO         7280    i.osKernelStart     cmsis_os2.o
    0x0800a3f0   0x0800a3f0   0x0000008a   Code   RO         7322    i.osThreadNew       cmsis_os2.o
    0x0800a47a   0x0800a47a   0x00000020   Code   RO         7323    i.osThreadResume    cmsis_os2.o
    0x0800a49a   0x0800a49a   0x00000020   Code   RO         7325    i.osThreadSuspend   cmsis_os2.o
    0x0800a4ba   0x0800a4ba   0x00000004   Code   RO         1317    i.pgm_read_byte     oled_basic.o
    0x0800a4be   0x0800a4be   0x00000002   PAD
    0x0800a4c0   0x0800a4c0   0x0000005c   Code   RO         6722    i.prvAddCurrentTaskToDelayedList  tasks.o
    0x0800a51c   0x0800a51c   0x000000d0   Code   RO         6723    i.prvAddNewTaskToReadyList  tasks.o
    0x0800a5ec   0x0800a5ec   0x00000058   Code   RO         7087    i.prvCheckForValidListAndQueue  timers.o
    0x0800a644   0x0800a644   0x00000026   Code   RO         6328    i.prvCopyDataFromQueue  queue.o
    0x0800a66a   0x0800a66a   0x0000006c   Code   RO         6329    i.prvCopyDataToQueue  queue.o
    0x0800a6d6   0x0800a6d6   0x00000034   Code   RO         6724    i.prvDeleteTCB      tasks.o
    0x0800a70a   0x0800a70a   0x00000002   PAD
    0x0800a70c   0x0800a70c   0x0000004c   Code   RO         7774    i.prvHeapInit       heap_4.o
    0x0800a758   0x0800a758   0x00000060   Code   RO         6725    i.prvIdleTask       tasks.o
    0x0800a7b8   0x0800a7b8   0x00000022   Code   RO         6331    i.prvInitialiseNewQueue  queue.o
    0x0800a7da   0x0800a7da   0x00000002   PAD
    0x0800a7dc   0x0800a7dc   0x000000b0   Code   RO         6726    i.prvInitialiseNewTask  tasks.o
    0x0800a88c   0x0800a88c   0x0000004c   Code   RO         7775    i.prvInsertBlockIntoFreeList  heap_4.o
    0x0800a8d8   0x0800a8d8   0x00000038   Code   RO         7089    i.prvInsertTimerInActiveList  timers.o
    0x0800a910   0x0800a910   0x0000001c   Code   RO         6332    i.prvIsQueueEmpty   queue.o
    0x0800a92c   0x0800a92c   0x000000fc   Code   RO         7090    i.prvProcessReceivedCommands  timers.o
    0x0800aa28   0x0800aa28   0x000000c0   Code   RO         7091    i.prvProcessTimerOrBlockTask  timers.o
    0x0800aae8   0x0800aae8   0x00000020   Code   RO         6728    i.prvResetNextTaskUnblockTime  tasks.o
    0x0800ab08   0x0800ab08   0x00000028   Code   RO         7092    i.prvSampleTimeNow  timers.o
    0x0800ab30   0x0800ab30   0x0000006c   Code   RO         7093    i.prvSwitchTimerLists  timers.o
    0x0800ab9c   0x0800ab9c   0x00000028   Code   RO         7830    i.prvTaskExitError  port.o
    0x0800abc4   0x0800abc4   0x00000034   Code   RO         6730    i.prvTaskIsTaskSuspended  tasks.o
    0x0800abf8   0x0800abf8   0x00000024   Code   RO         7094    i.prvTimerTask      timers.o
    0x0800ac1c   0x0800ac1c   0x0000006a   Code   RO         6333    i.prvUnlockQueue    queue.o
    0x0800ac86   0x0800ac86   0x00000002   PAD
    0x0800ac88   0x0800ac88   0x000000dc   Code   RO         7776    i.pvPortMalloc      heap_4.o
    0x0800ad64   0x0800ad64   0x0000002c   Code   RO         7831    i.pxPortInitialiseStack  port.o
    0x0800ad90   0x0800ad90   0x00000088   Code   RO         2330    i.run_self_test     inv_mpu.o
    0x0800ae18   0x0800ae18   0x00000058   Code   RO         2331    i.set_int_enable    inv_mpu.o
    0x0800ae70   0x0800ae70   0x0000006e   Code   RO         8323    i.sqrt              m_wm.l(sqrt.o)
    0x0800aede   0x0800aede   0x00000044   Code   RO         2156    i.str2int           numandstr.o
    0x0800af22   0x0800af22   0x00000026   Code   RO         6288    i.uxListRemove      list.o
    0x0800af48   0x0800af48   0x00000014   Code   RO         7334    i.vApplicationGetIdleTaskMemory  cmsis_os2.o
    0x0800af5c   0x0800af5c   0x00000018   Code   RO         7335    i.vApplicationGetTimerTaskMemory  cmsis_os2.o
    0x0800af74   0x0800af74   0x00000016   Code   RO         6289    i.vListInitialise   list.o
    0x0800af8a   0x0800af8a   0x00000006   Code   RO         6290    i.vListInitialiseItem  list.o
    0x0800af90   0x0800af90   0x00000030   Code   RO         6291    i.vListInsert       list.o
    0x0800afc0   0x0800afc0   0x00000018   Code   RO         6292    i.vListInsertEnd    list.o
    0x0800afd8   0x0800afd8   0x00000040   Code   RO         7833    i.vPortEnterCritical  port.o
    0x0800b018   0x0800b018   0x00000028   Code   RO         7834    i.vPortExitCritical  port.o
    0x0800b040   0x0800b040   0x00000064   Code   RO         7777    i.vPortFree         heap_4.o
    0x0800b0a4   0x0800b0a4   0x00000024   Code   RO         7835    i.vPortSetupTimerInterrupt  port.o
    0x0800b0c8   0x0800b0c8   0x00000054   Code   RO         7836    i.vPortValidateInterruptPriority  port.o
    0x0800b11c   0x0800b11c   0x00000028   Code   RO         6339    i.vQueueAddToRegistry  queue.o
    0x0800b144   0x0800b144   0x00000044   Code   RO         6343    i.vQueueWaitForMessageRestricted  queue.o
    0x0800b188   0x0800b188   0x0000004c   Code   RO         6741    i.vTaskDelay        tasks.o
    0x0800b1d4   0x0800b1d4   0x00000010   Code   RO         6746    i.vTaskInternalSetTimeOutState  tasks.o
    0x0800b1e4   0x0800b1e4   0x0000000c   Code   RO         6747    i.vTaskMissedYield  tasks.o
    0x0800b1f0   0x0800b1f0   0x00000030   Code   RO         6749    i.vTaskPlaceOnEventList  tasks.o
    0x0800b220   0x0800b220   0x00000038   Code   RO         6750    i.vTaskPlaceOnEventListRestricted  tasks.o
    0x0800b258   0x0800b258   0x0000007c   Code   RO         6755    i.vTaskResume       tasks.o
    0x0800b2d4   0x0800b2d4   0x00000088   Code   RO         6758    i.vTaskStartScheduler  tasks.o
    0x0800b35c   0x0800b35c   0x0000009c   Code   RO         6759    i.vTaskSuspend      tasks.o
    0x0800b3f8   0x0800b3f8   0x00000010   Code   RO         6760    i.vTaskSuspendAll   tasks.o
    0x0800b408   0x0800b408   0x00000064   Code   RO         6761    i.vTaskSwitchContext  tasks.o
    0x0800b46c   0x0800b46c   0x000000f4   Code   RO         7837    i.xPortStartScheduler  port.o
    0x0800b560   0x0800b560   0x0000002c   Code   RO         7838    i.xPortSysTickHandler  port.o
    0x0800b58c   0x0800b58c   0x00000066   Code   RO         6349    i.xQueueGenericCreateStatic  queue.o
    0x0800b5f2   0x0800b5f2   0x00000002   PAD
    0x0800b5f4   0x0800b5f4   0x00000088   Code   RO         6350    i.xQueueGenericReset  queue.o
    0x0800b67c   0x0800b67c   0x00000160   Code   RO         6351    i.xQueueGenericSend  queue.o
    0x0800b7dc   0x0800b7dc   0x000000be   Code   RO         6352    i.xQueueGenericSendFromISR  queue.o
    0x0800b89a   0x0800b89a   0x00000002   PAD
    0x0800b89c   0x0800b89c   0x00000138   Code   RO         6361    i.xQueueReceive     queue.o
    0x0800b9d4   0x0800b9d4   0x00000074   Code   RO         6763    i.xTaskCheckForTimeOut  tasks.o
    0x0800ba48   0x0800ba48   0x0000005a   Code   RO         6764    i.xTaskCreate       tasks.o
    0x0800baa2   0x0800baa2   0x00000056   Code   RO         6765    i.xTaskCreateStatic  tasks.o
    0x0800baf8   0x0800baf8   0x0000001c   Code   RO         6769    i.xTaskGetSchedulerState  tasks.o
    0x0800bb14   0x0800bb14   0x0000000c   Code   RO         6770    i.xTaskGetTickCount  tasks.o
    0x0800bb20   0x0800bb20   0x000000c8   Code   RO         6772    i.xTaskIncrementTick  tasks.o
    0x0800bbe8   0x0800bbe8   0x00000080   Code   RO         6775    i.xTaskPriorityDisinherit  tasks.o
    0x0800bc68   0x0800bc68   0x00000070   Code   RO         6777    i.xTaskRemoveFromEventList  tasks.o
    0x0800bcd8   0x0800bcd8   0x000000c4   Code   RO         6778    i.xTaskResumeAll    tasks.o
    0x0800bd9c   0x0800bd9c   0x00000060   Code   RO         7103    i.xTimerCreateTimerTask  timers.o
    0x0800bdfc   0x0800bdfc   0x00000068   Code   RO         7104    i.xTimerGenericCommand  timers.o
    0x0800be64   0x0800be64   0x00000144   Data   RO          318    .constdata          freertos.o
    0x0800bfa8   0x0800bfa8   0x0000006c   Data   RO         1267    .constdata          movement.o
    0x0800c014   0x0800c014   0x00000500   Data   RO         1967    .constdata          oled_font.o
    0x0800c514   0x0800c514   0x000005f0   Data   RO         1968    .constdata          oled_font.o
    0x0800cb04   0x0800cb04   0x0000001b   Data   RO         2333    .constdata          inv_mpu.o
    0x0800cb1f   0x0800cb1f   0x00000001   PAD
    0x0800cb20   0x0800cb20   0x0000000c   Data   RO         2334    .constdata          inv_mpu.o
    0x0800cb2c   0x0800cb2c   0x00000028   Data   RO         2335    .constdata          inv_mpu.o
    0x0800cb54   0x0800cb54   0x00000bf6   Data   RO         2667    .constdata          inv_mpu_dmp_motion_driver.o
    0x0800d74a   0x0800d74a   0x00000008   Data   RO         3651    .constdata          stm32f4xx_hal_dma.o
    0x0800d752   0x0800d752   0x00000010   Data   RO         6127    .constdata          system_stm32f4xx.o
    0x0800d762   0x0800d762   0x00000008   Data   RO         6128    .constdata          system_stm32f4xx.o
    0x0800d76a   0x0800d76a   0x00000006   PAD
    0x0800d770   0x0800d770   0x00000050   Data   RO         7909    .constdata          m_wm.l(asin.o)
    0x0800d7c0   0x0800d7c0   0x00000098   Data   RO         8271    .constdata          m_wm.l(atan.o)
    0x0800d858   0x0800d858   0x00000008   Data   RO         8309    .constdata          m_wm.l(qnan.o)
    0x0800d860   0x0800d860   0x00000081   Data   RO         8386    .constdata          mc_w.l(ctype_o.o)
    0x0800d8e1   0x0800d8e1   0x00000003   PAD
    0x0800d8e4   0x0800d8e4   0x00000004   Data   RO         8387    .constdata          mc_w.l(ctype_o.o)
    0x0800d8e8   0x0800d8e8   0x00000078   Data   RO          319    .conststring        freertos.o
    0x0800d960   0x0800d960   0x0000004d   Data   RO         2336    .conststring        inv_mpu.o
    0x0800d9ad   0x0800d9ad   0x00000003   PAD
    0x0800d9b0   0x0800d9b0   0x00000020   Data   RO         8422    Region$$Table       anon$$obj.o


    Execution Region RW_IRAM1 (Exec base: 0x20000000, Load base: 0x0800d9d0, Size: 0x000061f0, Max: 0x00020000, ABSOLUTE, COMPRESSED[0x00000054])

    Exec Addr    Load Addr    Size         Type   Attr      Idx    E Section Name        Object

    0x20000000   COMPRESSED   0x00000024   Data   RW          320    .data               freertos.o
    0x20000024   COMPRESSED   0x00000008   Data   RW          785    .data               delay.o
    0x2000002c   COMPRESSED   0x00000018   Data   RW          969    .data               uart_dma.o
    0x20000044   COMPRESSED   0x00000001   Data   RW          970    .data               uart_dma.o
    0x20000045   COMPRESSED   0x00000003   PAD
    0x20000048   COMPRESSED   0x00000008   Data   RW         1085    .data               verfint_adc.o
    0x20000050   COMPRESSED   0x0000004a   Data   RW         1131    .data               freertos_task.o
    0x2000009a   COMPRESSED   0x00000002   PAD
    0x2000009c   COMPRESSED   0x00000018   Data   RW         1268    .data               movement.o
    0x200000b4   COMPRESSED   0x00000001   Data   RW         1474    .data               oled_buffer.o
    0x200000b5   COMPRESSED   0x00000002   Data   RW         1542    .data               oled_color.o
    0x200000b7   COMPRESSED   0x00000001   PAD
    0x200000b8   COMPRESSED   0x00000004   Data   RW         1578    .data               oled_config.o
    0x200000bc   COMPRESSED   0x0000001d   Data   RW         1929    .data               oled_driver.o
    0x200000d9   COMPRESSED   0x00000002   Data   RW         1970    .data               oled_font.o
    0x200000db   COMPRESSED   0x00000001   PAD
    0x200000dc   COMPRESSED   0x00000035   Data   RW         2337    .data               inv_mpu.o
    0x20000111   COMPRESSED   0x00000003   PAD
    0x20000114   COMPRESSED   0x0000000c   Data   RW         4102    .data               stm32f4xx_hal.o
    0x20000120   COMPRESSED   0x00000004   Data   RW         6129    .data               system_stm32f4xx.o
    0x20000124   COMPRESSED   0x0000003c   Data   RW         6781    .data               tasks.o
    0x20000160   COMPRESSED   0x00000014   Data   RW         7112    .data               timers.o
    0x20000174   COMPRESSED   0x00000004   Data   RW         7337    .data               cmsis_os2.o
    0x20000178   COMPRESSED   0x00000020   Data   RW         7783    .data               heap_4.o
    0x20000198   COMPRESSED   0x0000000c   Data   RW         7839    .data               port.o
    0x200001a4   COMPRESSED   0x00000004   Data   RW         8351    .data               mc_w.l(stdout.o)
    0x200001a8   COMPRESSED   0x00000004   Data   RW         8363    .data               mc_w.l(errno.o)
    0x200001ac        -       0x00000048   Zero   RW          362    .bss                adc.o
    0x200001f4        -       0x0000015c   Zero   RW          430    .bss                i2c.o
    0x20000350        -       0x00000180   Zero   RW          488    .bss                tim.o
    0x200004d0        -       0x00000148   Zero   RW          561    .bss                usart.o
    0x20000618        -       0x00000048   Zero   RW          745    .bss                stm32f4xx_hal_timebase_tim.o
    0x20000660        -       0x00000030   Zero   RW          861    .bss                ms5837.o
    0x20000690        -       0x00000130   Zero   RW          968    .bss                uart_dma.o
    0x200007c0        -       0x00000010   Zero   RW         1084    .bss                verfint_adc.o
    0x200007d0        -       0x00000288   Zero   RW         1266    .bss                movement.o
    0x20000a58        -       0x00000800   Zero   RW         1473    .bss                oled_buffer.o
    0x20001258        -       0x000002b4   Zero   RW         2078    .bss                ws2812.o
    0x2000150c        -       0x00000010   Zero   RW         2666    .bss                inv_mpu_dmp_motion_driver.o
    0x2000151c        -       0x00000040   Zero   RW         6365    .bss                queue.o
    0x2000155c        -       0x000004c4   Zero   RW         6780    .bss                tasks.o
    0x20001a20        -       0x00000118   Zero   RW         7111    .bss                timers.o
    0x20001b38        -       0x000006b8   Zero   RW         7336    .bss                cmsis_os2.o
    0x200021f0        -       0x00003c00   Zero   RW         7782    .bss                heap_4.o
    0x20005df0        -       0x00000400   Zero   RW            1    STACK               startup_stm32f411xe.o


==============================================================================

Image component sizes


      Code (inc. data)   RO Data    RW Data    ZI Data      Debug   Object Name

       140         22          0          0         72       1609   adc.o
       390         22          0          4       1720      66870   cmsis_os2.o
       108         18          0          8          0       1904   delay.o
       108          4          0          0          0        854   dma.o
       276         10          0          0          0       1187   esc.o
         0          0          0          0          0      18024   event_groups.o
       176         48        444         36          0       2198   freertos.o
      1532        142          0         74          0       9719   freertos_task.o
       220         16          0          0          0       1011   gpio.o
       472         24          0         32      15360       4919   heap_4.o
       584         76          0          0        348       3292   i2c.o
      5308        304        156         53          0      34166   inv_mpu.o
      2442        134       3062          0         16      20654   inv_mpu_dmp_motion_driver.o
       236         36          0          0          0       2065   kalman.o
       138          0          0          0          0       3602   list.o
       424         54          0          0          0     455572   main.o
       784         80        108         24        648       4320   movement.o
       584         40          0          0          0      10053   mpu6050.o
      1142         24          0          0         48       5707   ms5837.o
        68          0          0          0          0       1154   numandstr.o
        12          0          0          0          0       3507   oled_basic.o
       116         24          0          1       2048       2849   oled_buffer.o
        12          6          0          2          0        783   oled_color.o
        36         12          0          4          0       1688   oled_config.o
         0          0          0          0          0       1464   oled_debug.o
       404         10          0          0          0       2316   oled_draw.o
       144         24          0         29          0       2370   oled_driver.o
        24         12       2800          2          0       2295   oled_font.o
        60          8          0          0          0        735   oled_myapp.o
       388          8          0          0          0       2430   pid.o
       786         82          0         12          0      11625   port.o
      1514         20          0          0         64      17560   queue.o
        48          4          0          0          0        691   range2percentage.o
        36          8        408          0       1024        844   startup_stm32f411xe.o
        80         14          0         12          0       7998   stm32f4xx_hal.o
      1176         50          0          0          0       5973   stm32f4xx_hal_adc.o
       158         14          0          0          0      33202   stm32f4xx_hal_cortex.o
      1094         16          8          0          0       8632   stm32f4xx_hal_dma.o
       500         34          0          0          0       2875   stm32f4xx_hal_gpio.o
      6952        134          0          0          0      38927   stm32f4xx_hal_i2c.o
        56          4          0          0          0        886   stm32f4xx_hal_msp.o
      1412         86          0          0          0       5969   stm32f4xx_hal_rcc.o
      2632        126          0          0          0      21698   stm32f4xx_hal_tim.o
       128         20          0          0          0       2497   stm32f4xx_hal_tim_ex.o
       116         18          0          0         72       1448   stm32f4xx_hal_timebase_tim.o
      2048         44          0          0          0      15635   stm32f4xx_hal_uart.o
       136         44          0          0          0       6874   stm32f4xx_it.o
        16          4         24          4          0       1159   system_stm32f4xx.o
      2416        198          0         60       1220      29773   tasks.o
      1008         88          0          0        384       5463   tim.o
       972         80          0         20        280      32291   timers.o
       366         70          0         25        304       8013   uart_dma.o
       416         40          0          0        328       2657   usart.o
       200         38          0          8         16       2551   verfint_adc.o
       208         14          0          0        692       2197   ws2812.o

    ----------------------------------------------------------------------
     40878       2408       7052        420      24644     936755   Object Totals
         0          0         32          0          0          0   (incl. Generated)
        76          0         10         10          0          0   (incl. Padding)

    ----------------------------------------------------------------------

      Code (inc. data)   RO Data    RW Data    ZI Data      Debug   Library Member Name

       864         94         80          0          0        280   asin.o
       744        106        152          0          0        352   atan.o
       512         64          0          0          0        208   atan2.o
       104         16          0          0          0        496   dunder.o
        24          0          0          0          0        124   fabs.o
        48          0          0          0          0        124   fpclassify.o
       248          0          0          0          0        152   poly.o
         0          0          8          0          0          0   qnan.o
       110          0          0          0          0        148   sqrt.o
        86          0          0          0          0          0   __dczerorl2.o
        28          0          0          0          0         68   _chval.o
       158          0          0          0          0         92   _strtoul.o
        26          0          0          0          0         80   atoi.o
         8          4        133          0          0         68   ctype_o.o
         0          0          0          0          0          0   entry.o
         0          0          0          0          0          0   entry10a.o
         0          0          0          0          0          0   entry11a.o
         4          0          0          0          0          0   entry12b.o
         8          4          0          0          0          0   entry2.o
         4          0          0          0          0          0   entry5.o
         0          0          0          0          0          0   entry7b.o
         0          0          0          0          0          0   entry8b.o
         8          4          0          0          0          0   entry9a.o
        20         10          0          4          0        136   errno.o
        18          0          0          0          0         80   fputc.o
        30          0          0          0          0          0   handlers.o
        36          8          0          0          0         68   init.o
         0          0          0          0          0          0   iusefp.o
         0          0          0          0          0          0   iusesemip.o
        98          0          0          0          0         84   ldiv.o
        30          0          0          0          0         68   llshl.o
        36          0          0          0          0         68   llsshr.o
        32          0          0          0          0         68   llushr.o
        26          0          0          0          0         80   memcmp.o
        36          0          0          0          0         68   memcpya.o
        36          0          0          0          0        108   memseta.o
      2292         94          0          0          0        620   printfa.o
         0          0          0          0          0          0   semi.o
         0          0          0          4          0          0   stdout.o
       112          0          0          0          0         88   strtol.o
        44          0          0          0          0         80   uidiv.o
        98          0          0          0          0         92   uldiv.o
        48          0          0          0          0         68   cdcmple.o
        48          0          0          0          0         68   cdrcmple.o
        56          0          0          0          0         88   d2f.o
       334          0          0          0          0        148   dadd.o
       222          0          0          0          0        100   ddiv.o
       186          0          0          0          0        176   depilogue.o
        48          0          0          0          0         68   dfixul.o
        34          0          0          0          0         76   dflti.o
       228          0          0          0          0         96   dmul.o
       162          0          0          0          0        100   dsqrt.o
        38          0          0          0          0         68   f2d.o
       110          0          0          0          0        168   fepilogue.o

    ----------------------------------------------------------------------
      7454        408        376          8          0       5124   Library Totals
        12          4          3          0          0          0   (incl. Padding)

    ----------------------------------------------------------------------

      Code (inc. data)   RO Data    RW Data    ZI Data      Debug   Library Name

      2654        280        240          0          0       1884   m_wm.l
      3274        124        133          8          0       2016   mc_w.l
      1514          0          0          0          0       1224   mf_w.l

    ----------------------------------------------------------------------
      7454        408        376          8          0       5124   Library Totals

    ----------------------------------------------------------------------

==============================================================================


      Code (inc. data)   RO Data    RW Data    ZI Data      Debug   

     48332       2816       7428        428      24644     904547   Grand Totals
     48332       2816       7428         84      24644     904547   ELF Image Totals (compressed)
     48332       2816       7428         84          0          0   ROM Totals

==============================================================================

    Total RO  Size (Code + RO Data)                55760 (  54.45kB)
    Total RW  Size (RW Data + ZI Data)             25072 (  24.48kB)
    Total ROM Size (Code + RO Data + RW Data)      55844 (  54.54kB)

==============================================================================

