<html>
<body>
<pre>
<h1>礦ision Build Log</h1>
<h2>Tool Versions:</h2>
IDE-Version: μVision V5.36.0.0
Copyright (C) 2021 ARM Ltd and ARM Germany GmbH. All rights reserved.
License Information: yaojintao 17752352458, 111, LIC=KRMW3-ALAL7-LQU0Q-NYXF5-FM835-M89TY
 
Tool Versions:
Toolchain:       MDK-ARM Plus  Version: 5.36.0.0
Toolchain Path:  E:\MDK\ARM\ARMCC\Bin
C Compiler:      Armcc.exe V5.06 update 7 (build 960)
Assembler:       Armasm.exe V5.06 update 7 (build 960)
Linker/Locator:  ArmLink.exe V5.06 update 7 (build 960)
Library Manager: ArmAr.exe V5.06 update 7 (build 960)
Hex Converter:   FromElf.exe V5.06 update 7 (build 960)
CPU DLL:         SARMCM3.DLL V5.36.0.0
Dialog DLL:      DCM.DLL V1.17.3.0
Target DLL:      CMSIS_AGDI.dll V1.33.0.0
Dialog DLL:      TCM.DLL V1.53.0.0
 
<h2>Project:</h2>
H:\UnderWater-Robot\ROV-stm32HAL-K210\Keil_ROV\MDK-ARM\Keil_ROV.uvprojx
Project File Date:  04/02/2023

<h2>Output:</h2>
*** Using Compiler 'V5.06 update 7 (build 960)', folder: 'E:\MDK\ARM\ARMCC\Bin'
Build target 'Keil_ROV'
assembling startup_stm32f411xe.s...
compiling usart.c...
compiling PID.c...
compiling stm32f4xx_hal_timebase_tim.c...
compiling ms5837.c...
..\Core\MS5837\MS5837.h(45): warning:  #1295-D: Deprecated declaration depth - give arg types
  float depth();
..\Core\MS5837\MS5837.h(46): warning:  #1295-D: Deprecated declaration altitude - give arg types
  float altitude();
..\Core\MS5837\ms5837.c(169): warning:  #1035-D: single-precision operand implicitly converted to double-precision
  	return (MS5837.pressure*100.0f-101300)/(MS5837.fluidDensity*9.80665);
..\Core\MS5837\ms5837.c(173): warning:  #223-D: function "pow" declared implicitly
  	return (1-pow((MS5837.pressure/1013.25),.190284))*145366.45*.3048;
..\Core\MS5837\ms5837.c(173): warning:  #1035-D: single-precision operand implicitly converted to double-precision
  	return (1-pow((MS5837.pressure/1013.25),.190284))*145366.45*.3048;
..\Core\MS5837\ms5837.c(174): warning:  #1-D: last line of file ends without a newline
  }
..\Core\MS5837\ms5837.c(10): warning:  #177-D: function "I2C_read8"  was declared but never referenced
  static int8_t I2C_read8(uint8_t addr, I2C_HandleTypeDef *i2c_channel){
..\Core\MS5837\ms5837.c: 7 warnings, 0 errors
compiling dma.c...
compiling stm32f4xx_it.c...
../Core/Src/../UART_DMA/UART_DMA.h(31): warning:  #1295-D: Deprecated declaration StartUartRxDMA - give arg types
  uint8_t StartUartRxDMA();								//接收DMA初始化
../Core/Src/../UART_DMA/UART_DMA.h(32): warning:  #1295-D: Deprecated declaration StartUartTxDMA - give arg types
  uint8_t StartUartTxDMA();								//不需要自己调用
../Core/Src/../UART_DMA/UART_DMA.h(33): warning:  #1295-D: Deprecated declaration ProcessData - give arg types
  void ProcessData();										//在里面添加数据处理函数
../Core/Src/stm32f4xx_it.c: 3 warnings, 0 errors
compiling UART_DMA.c...
..\Core\UART_DMA\UART_DMA.h(31): warning:  #1295-D: Deprecated declaration StartUartRxDMA - give arg types
  uint8_t StartUartRxDMA();								//接收DMA初始化
..\Core\UART_DMA\UART_DMA.h(32): warning:  #1295-D: Deprecated declaration StartUartTxDMA - give arg types
  uint8_t StartUartTxDMA();								//不需要自己调用
..\Core\UART_DMA\UART_DMA.h(33): warning:  #1295-D: Deprecated declaration ProcessData - give arg types
  void ProcessData();										//在里面添加数据处理函数
..\Core\UART_DMA\../Range2Percentage/Range2Percentage.h(6): warning:  #1-D: last line of file ends without a newline
  #endif 
..\Core\UART_DMA\../kalman/kalman.h(18): warning:  #1-D: last line of file ends without a newline
  #endif
..\Core\UART_DMA\UART_DMA.c: 5 warnings, 0 errors
compiling adc.c...
compiling i2c.c...
compiling freertos.c...
compiling Delay.c...
compiling ESC.c...
compiling tim.c...
compiling stm32f4xx_hal_msp.c...
compiling gpio.c...
compiling main.c...
../Core/Src/../MS5837/ms5837.h(45): warning:  #1295-D: Deprecated declaration depth - give arg types
  float depth();
../Core/Src/../MS5837/ms5837.h(46): warning:  #1295-D: Deprecated declaration altitude - give arg types
  float altitude();
../Core/Src/../Verfint_ADC/Verfint_ADC.h(7): warning:  #1-D: last line of file ends without a newline
  #endif
../Core/Src/../OLED_DMA/oled_myapp.h(6): warning:  #1-D: last line of file ends without a newline
  #endif
../Core/Src/../Range2Percentage/Range2Percentage.h(6): warning:  #1-D: last line of file ends without a newline
  #endif 
../Core/Src/../UART_DMA/UART_DMA.h(31): warning:  #1295-D: Deprecated declaration StartUartRxDMA - give arg types
  uint8_t StartUartRxDMA();								//接收DMA初始化
../Core/Src/../UART_DMA/UART_DMA.h(32): warning:  #1295-D: Deprecated declaration StartUartTxDMA - give arg types
  uint8_t StartUartTxDMA();								//不需要自己调用
../Core/Src/../UART_DMA/UART_DMA.h(33): warning:  #1295-D: Deprecated declaration ProcessData - give arg types
  void ProcessData();										//在里面添加数据处理函数
../Core/Src/main.c: 8 warnings, 0 errors
compiling stm32f4xx_ll_adc.c...
compiling oled_config.c...
compiling mpu6050.c...
compiling oled_myapp.c...
..\Core\OLED_DMA\oled_myapp.c(7): warning:  #167-D: argument of type "unsigned char *" is incompatible with parameter of type "char *restrict"
  	snprintf(str_temp, 11, "%3.7f", num_float);
..\Core\OLED_DMA\oled_myapp.c(8): warning:  #167-D: argument of type "unsigned char *" is incompatible with parameter of type "char *"
  	DrawString(x, y, str_temp);
..\Core\OLED_DMA\oled_myapp.c: 2 warnings, 0 errors
compiling oled_driver.c...
..\Core\OLED_DMA\oled_driver.c(51): warning:  #68-D: integer conversion resulted in a change of sign
..\Core\OLED_DMA\oled_driver.c: 1 warning, 0 errors
compiling Verfint_ADC.c...
..\Core\Verfint_ADC\Verfint_ADC.c(54): warning:  #1-D: last line of file ends without a newline
  }
..\Core\Verfint_ADC\Verfint_ADC.c: 1 warning, 0 errors
compiling Movement.c...
compiling inv_mpu_dmp_motion_driver.c...
compiling NumAndStr.c...
..\Core\NumAndStr\NumAndStr.c(29): warning:  #167-D: argument of type "uint8_t *" is incompatible with parameter of type "const char *"
  	return atoi(NumTemp);
..\Core\NumAndStr\NumAndStr.c(68): warning:  #167-D: argument of type "uint8_t *" is incompatible with parameter of type "const char *"
  	OutputNum = (double)atoi(NumTemp_int);
..\Core\NumAndStr\NumAndStr.c: 2 warnings, 0 errors
compiling WS2812.c...
compiling inv_mpu.c...
compiling FreeRTOS_Task.c...
..\Core\FreeRTOS_Task\../MS5837/ms5837.h(45): warning:  #1295-D: Deprecated declaration depth - give arg types
  float depth();
..\Core\FreeRTOS_Task\../MS5837/ms5837.h(46): warning:  #1295-D: Deprecated declaration altitude - give arg types
  float altitude();
..\Core\FreeRTOS_Task\../OLED_DMA/oled_myapp.h(6): warning:  #1-D: last line of file ends without a newline
  #endif
..\Core\FreeRTOS_Task\../UART_DMA/UART_DMA.h(31): warning:  #1295-D: Deprecated declaration StartUartRxDMA - give arg types
  uint8_t StartUartRxDMA();								//接收DMA初始化
..\Core\FreeRTOS_Task\../UART_DMA/UART_DMA.h(32): warning:  #1295-D: Deprecated declaration StartUartTxDMA - give arg types
  uint8_t StartUartTxDMA();								//不需要自己调用
..\Core\FreeRTOS_Task\../UART_DMA/UART_DMA.h(33): warning:  #1295-D: Deprecated declaration ProcessData - give arg types
  void ProcessData();										//在里面添加数据处理函数
..\Core\FreeRTOS_Task\../Kalman/Kalman.h(18): warning:  #1-D: last line of file ends without a newline
  #endif
..\Core\FreeRTOS_Task\../Range2Percentage/Range2Percentage.h(6): warning:  #1-D: last line of file ends without a newline
  #endif 
..\Core\FreeRTOS_Task\FreeRTOS_Task.c(47): warning:  #188-D: enumerated type mixed with another type
      HAL_GPIO_WritePin(LED_Board_GPIO_Port, LED_Board_Pin, 1);
..\Core\FreeRTOS_Task\FreeRTOS_Task.c(48): warning:  #188-D: enumerated type mixed with another type
  	HAL_GPIO_WritePin(K210_RST_GPIO_Port, K210_RST_Pin, 1);
..\Core\FreeRTOS_Task\FreeRTOS_Task.c(50): warning:  #188-D: enumerated type mixed with another type
  	HAL_GPIO_WritePin(LED_Board_GPIO_Port, LED_Board_Pin, 0);
..\Core\FreeRTOS_Task\FreeRTOS_Task.c(51): warning:  #188-D: enumerated type mixed with another type
  	HAL_GPIO_WritePin(K210_RST_GPIO_Port, K210_RST_Pin, 0);
..\Core\FreeRTOS_Task\FreeRTOS_Task.c(168): warning:  #188-D: enumerated type mixed with another type
          HAL_GPIO_WritePin(Beep_GPIO_Port, Beep_Pin, 0);
..\Core\FreeRTOS_Task\FreeRTOS_Task.c(170): warning:  #188-D: enumerated type mixed with another type
          HAL_GPIO_WritePin(Beep_GPIO_Port, Beep_Pin, 1);
..\Core\FreeRTOS_Task\FreeRTOS_Task.c(205): warning:  #177-D: variable "Turn_Count"  was declared but never referenced
  uint8_t Turn_Count = 0;
..\Core\FreeRTOS_Task\FreeRTOS_Task.c(206): warning:  #177-D: variable "Turn_Times"  was declared but never referenced
  static uint8_t Turn_Times = 1;
..\Core\FreeRTOS_Task\FreeRTOS_Task.c: 16 warnings, 0 errors
compiling stm32f4xx_hal_rcc.c...
compiling stm32f4xx_hal_adc_ex.c...
compiling stm32f4xx_hal_rcc_ex.c...
compiling stm32f4xx_hal_adc.c...
compiling stm32f4xx_hal_flash.c...
compiling stm32f4xx_hal_flash_ramfunc.c...
compiling stm32f4xx_hal_flash_ex.c...
compiling stm32f4xx_hal_dma.c...
compiling event_groups.c...
compiling list.c...
compiling stm32f4xx_hal_dma_ex.c...
compiling stm32f4xx_hal_gpio.c...
compiling croutine.c...
compiling stm32f4xx_hal_pwr_ex.c...
compiling stm32f4xx_hal_pwr.c...
compiling stm32f4xx_hal_cortex.c...
compiling stm32f4xx_hal_tim_ex.c...
compiling stm32f4xx_hal_i2c_ex.c...
compiling stm32f4xx_hal_uart.c...
compiling stm32f4xx_hal.c...
compiling stm32f4xx_hal_exti.c...
compiling heap_4.c...
compiling system_stm32f4xx.c...
compiling timers.c...
compiling queue.c...
compiling stream_buffer.c...
compiling tasks.c...
compiling stm32f4xx_hal_i2c.c...
compiling stm32f4xx_hal_tim.c...
compiling port.c...
compiling cmsis_os2.c...
linking...
Program Size: Code=48332 RO-data=7428 RW-data=428 ZI-data=24644  
FromELF: creating hex file...
"Keil_ROV\Keil_ROV.axf" - 0 Error(s), 45 Warning(s).

<h2>Software Packages used:</h2>

Package Vendor: ARM
                http://www.keil.com/pack/ARM.CMSIS.5.8.0.pack
                ARM.CMSIS.5.8.0
                CMSIS (Common Microcontroller Software Interface Standard)
   * Component: CORE Version: 5.5.0

Package Vendor: Keil
                http://www.keil.com/pack/Keil.STM32F4xx_DFP.2.15.0.pack
                Keil.STM32F4xx_DFP.2.15.0
                STMicroelectronics STM32F4 Series Device Support, Drivers and Examples

<h2>Collection of Component include folders:</h2>
  .\RTE\_Keil_ROV
  E:\MDK\ARM\CMSIS\5.8.0\CMSIS\Core\Include
  E:\MDK\Keil\STM32F4xx_DFP\2.15.0\Drivers\CMSIS\Device\ST\STM32F4xx\Include

<h2>Collection of Component Files used:</h2>

   * Component: ARM::CMSIS:CORE:5.5.0
      Include file:  CMSIS\Core\Include\tz_context.h
Build Time Elapsed:  00:00:14
</pre>
</body>
</html>
