<html>
<body>
<pre>
<h1>礦ision Build Log</h1>
<h2>Project:</h2>
H:\大鱼电子所有\大鱼电子Bliz平衡车资料V1.0\大鱼电子Bliz平衡车资料V2.0\2，dyuRobot_Bliz程序\dyuRobot_Bliz平衡车代码（完整版）-加入上位机\USER\Mini_balance_car.uvproj
Project File Date:  08/29/2017

<h2>Output:</h2>
Build target 'Target 1'
compiling main.c...
compiling stm32f10x_it.c...
compiling system_stm32f10x.c...
compiling delay.c...
compiling sys.c...
..\SYSTEM\sys\sys.c(59): warning:  #1-D: last line of file ends without a newline
  }
..\SYSTEM\sys\sys.c: 1 warning, 0 errors
compiling usart.c...
compiling LED.C...
compiling key.c...
..\HARDWARE\KEY\key.c(37): warning:  #940-D: missing return statement at end of non-void function "KEY_Scan"
  }
..\HARDWARE\KEY\key.c: 1 warning, 0 errors
compiling exti.c...
compiling control.c...
compiling MODE_Select.c...
compiling encoder.c...
compiling motor.c...
compiling pwm.c...
compiling usart3.c...
compiling adc.c...
compiling USB.c...
compiling oled.c...
compiling UltrasonicWave.c...
compiling timer.c...
compiling mpu6050.c...
compiling mpuiic.c...
compiling inv_mpu.c...
..\HARDWARE\MPU6050\eMPL\inv_mpu.c(2983): warning:  #940-D: missing return statement at end of non-void function "mpu_dmp_init"
  }
..\HARDWARE\MPU6050\eMPL\inv_mpu.c: 1 warning, 0 errors
compiling inv_mpu_dmp_motion_driver.c...
compiling DataScope_DP.C...
compiling core_cm3.c...
assembling startup_stm32f10x_md.s...
compiling misc.c...
compiling stm32f10x_adc.c...
compiling stm32f10x_bkp.c...
compiling stm32f10x_can.c...
compiling stm32f10x_cec.c...
compiling stm32f10x_crc.c...
compiling stm32f10x_dac.c...
compiling stm32f10x_dbgmcu.c...
compiling stm32f10x_dma.c...
compiling stm32f10x_exti.c...
compiling stm32f10x_flash.c...
compiling stm32f10x_fsmc.c...
compiling stm32f10x_gpio.c...
compiling stm32f10x_i2c.c...
compiling stm32f10x_iwdg.c...
compiling stm32f10x_pwr.c...
compiling stm32f10x_rcc.c...
compiling stm32f10x_rtc.c...
compiling stm32f10x_sdio.c...
compiling stm32f10x_spi.c...
compiling stm32f10x_tim.c...
compiling stm32f10x_usart.c...
compiling stm32f10x_wwdg.c...
linking...
Program Size: Code=39854 RO-data=5866 RW-data=12428 ZI-data=1716  
FromELF: creating hex file...
"..\OBJ\Bliz.axf" - 0 Error(s), 3 Warning(s).
</pre>
</body>
</html>
