Component: ARM Compiler 5.06 update 6 (build 750) Tool: armlink [4d35ed]

==============================================================================

Section Cross References

    main.o(.text) refers to delay.o(.text) for delay_init
    main.o(.text) refers to sys.o(.text) for NVIC_Configuration
    main.o(.text) refers to usart.o(.text) for uart1_init
    main.o(.text) refers to encoder.o(.text) for Encoder_Init_TIM2
    main.o(.text) refers to oled.o(.text) for OLED_Init
    main.o(.text) refers to mpu6050.o(.text) for MPU_Init
    main.o(.text) refers to inv_mpu.o(.text) for mpu_dmp_init
    main.o(.text) refers to pwm.o(.text) for TIM1_PWM_Init
    main.o(.text) refers to exti.o(.text) for MPU6050_EXTI_Init
    main.o(.text) refers to motor.o(.text) for Motor_Init
    main.o(.text) refers to f2d.o(x$fpl$f2d) for __aeabi_f2d
    main.o(.text) refers to dflt_clz.o(x$fpl$dflt) for __aeabi_i2d
    main.o(.text) refers to main.o(.data) for pitch
    system_stm32f10x.o(.text) refers to system_stm32f10x.o(.data) for SystemCoreClock
    delay.o(.text) refers to misc.o(.text) for SysTick_CLKSourceConfig
    delay.o(.text) refers to system_stm32f10x.o(.data) for SystemCoreClock
    delay.o(.text) refers to delay.o(.data) for fac_us
    sys.o(.text) refers to misc.o(.text) for NVIC_PriorityGroupConfig
    usart.o(.rev16_text) refers (Special) to use_no_semi_2.o(.text) for __use_no_semihosting
    usart.o(.revsh_text) refers (Special) to use_no_semi_2.o(.text) for __use_no_semihosting
    usart.o(.rrx_text) refers (Special) to use_no_semi_2.o(.text) for __use_no_semihosting
    usart.o(.text) refers (Special) to use_no_semi_2.o(.text) for __use_no_semihosting
    usart.o(.text) refers to stm32f10x_rcc.o(.text) for RCC_APB2PeriphClockCmd
    usart.o(.text) refers to stm32f10x_gpio.o(.text) for GPIO_Init
    usart.o(.text) refers to stm32f10x_usart.o(.text) for USART_Init
    usart.o(.text) refers to usart.o(.data) for USART_RX_STA
    usart.o(.text) refers to usart.o(.bss) for USART_RX_BUF
    usart.o(.bss) refers (Special) to use_no_semi_2.o(.text) for __use_no_semihosting
    usart.o(.data) refers (Special) to use_no_semi_2.o(.text) for __use_no_semihosting
    exti.o(.text) refers to stm32f10x_rcc.o(.text) for RCC_APB2PeriphClockCmd
    exti.o(.text) refers to stm32f10x_gpio.o(.text) for GPIO_Init
    exti.o(.text) refers to stm32f10x_exti.o(.text) for EXTI_Init
    control.o(.text) refers to fflt_clz.o(x$fpl$fflt) for __aeabi_i2f
    control.o(.text) refers to f2d.o(x$fpl$f2d) for __aeabi_f2d
    control.o(.text) refers to dmul.o(x$fpl$dmul) for __aeabi_dmul
    control.o(.text) refers to d2f.o(x$fpl$d2f) for __aeabi_d2f
    control.o(.text) refers to daddsub_clz.o(x$fpl$dadd) for __aeabi_dadd
    control.o(.text) refers to faddsub_clz.o(x$fpl$fadd) for __aeabi_fadd
    control.o(.text) refers to faddsub_clz.o(x$fpl$fsub) for __aeabi_fsub
    control.o(.text) refers to frleqf.o(x$fpl$frleqf) for __aeabi_cfrcmple
    control.o(.text) refers to fleqf.o(x$fpl$fleqf) for __aeabi_cfcmple
    control.o(.text) refers to fmul.o(x$fpl$fmul) for __aeabi_fmul
    control.o(.text) refers to ffix.o(x$fpl$ffix) for __aeabi_f2iz
    control.o(.text) refers to inv_mpu.o(.text) for mpu_dmp_get_data
    control.o(.text) refers to mpu6050.o(.text) for MPU_Get_Gyroscope
    control.o(.text) refers to encoder.o(.text) for Read_Encoder
    control.o(.text) refers to motor.o(.text) for Xianfu_Pwm
    control.o(.text) refers to main.o(.data) for Encoder_Left
    control.o(.text) refers to control.o(.data) for Encoder_Least
    encoder.o(.text) refers to stm32f10x_rcc.o(.text) for RCC_APB1PeriphClockCmd
    encoder.o(.text) refers to stm32f10x_gpio.o(.text) for GPIO_Init
    encoder.o(.text) refers to stm32f10x_tim.o(.text) for TIM_TimeBaseStructInit
    motor.o(.text) refers to stm32f10x_rcc.o(.text) for RCC_APB2PeriphClockCmd
    motor.o(.text) refers to stm32f10x_gpio.o(.text) for GPIO_Init
    motor.o(.text) refers to fleqf.o(x$fpl$fleqf) for __aeabi_cfcmple
    motor.o(.text) refers to frleqf.o(x$fpl$frleqf) for __aeabi_cfrcmple
    motor.o(.text) refers to main.o(.data) for Moto1
    pwm.o(.text) refers to stm32f10x_rcc.o(.text) for RCC_APB2PeriphClockCmd
    pwm.o(.text) refers to stm32f10x_gpio.o(.text) for GPIO_Init
    pwm.o(.text) refers to stm32f10x_tim.o(.text) for TIM_TimeBaseInit
    oled.o(.text) refers to stm32f10x_gpio.o(.text) for GPIO_SetBits
    oled.o(.text) refers to oled.o(.constdata) for F8X16
    oled.o(.text) refers to dleqf.o(x$fpl$dleqf) for __aeabi_cdcmple
    oled.o(.text) refers to dfix.o(x$fpl$dfix) for __aeabi_d2iz
    oled.o(.text) refers to dflt_clz.o(x$fpl$dflt) for __aeabi_i2d
    oled.o(.text) refers to daddsub_clz.o(x$fpl$drsb) for __aeabi_drsub
    oled.o(.text) refers to dmul.o(x$fpl$dmul) for __aeabi_dmul
    oled.o(.text) refers to dfixu.o(x$fpl$dfixu) for __aeabi_d2uiz
    oled.o(.text) refers to dflt_clz.o(x$fpl$dfltu) for __aeabi_ui2d
    oled.o(.text) refers to oled.o(.data) for Hzk
[...]
    .conststring                             0x0800a188   Section       77  inv_mpu.o(.conststring)
    .data                                    0x20000000   Section       40  main.o(.data)
    .data                                    0x20000028   Section       20  system_stm32f10x.o(.data)
    .data                                    0x2000003c   Section        4  delay.o(.data)
    fac_us                                   0x2000003c   Data           1  delay.o(.data)
    fac_ms                                   0x2000003e   Data           2  delay.o(.data)
    .data                                    0x20000040   Section        5  usart.o(.data)
    .data                                    0x20000048   Section       52  control.o(.data)
    Velocity                                 0x20000068   Data           4  control.o(.data)
    Encoder_Least                            0x2000006c   Data           4  control.o(.data)
    Encoder                                  0x20000070   Data           4  control.o(.data)
    Movement                                 0x20000074   Data           4  control.o(.data)
    Encoder_Integral                         0x20000078   Data           4  control.o(.data)
    .data                                    0x2000007c   Section      896  oled.o(.data)
    .data                                    0x200003fc   Section       53  inv_mpu.o(.data)
    st                                       0x200003fc   Data          44  inv_mpu.o(.data)
    gyro_orientation                         0x20000428   Data           9  inv_mpu.o(.data)
    .data                                    0x20000431   Section       20  stm32f10x_rcc.o(.data)
    APBAHBPrescTable                         0x20000431   Data          16  stm32f10x_rcc.o(.data)
    ADCPrescTable                            0x20000441   Data           4  stm32f10x_rcc.o(.data)
    .bss                                     0x20000448   Section       64  usart.o(.bss)
    .bss                                     0x20000488   Section       16  inv_mpu_dmp_motion_driver.o(.bss)
    dmp                                      0x20000488   Data          16  inv_mpu_dmp_motion_driver.o(.bss)
    .bss                                     0x20000498   Section       96  libspace.o(.bss)
    HEAP                                     0x200004f8   Section      512  startup_stm32f10x_md.o(HEAP)
    Heap_Mem                                 0x200004f8   Data         512  startup_stm32f10x_md.o(HEAP)
    STACK                                    0x200006f8   Section     1024  startup_stm32f10x_md.o(STACK)
    Stack_Mem                                0x200006f8   Data        1024  startup_stm32f10x_md.o(STACK)
    __initial_sp                             0x20000af8   Data           0  startup_stm32f10x_md.o(STACK)

    Global Symbols

    Symbol Name                              Value     Ov Type        Size  Object(Section)

    BuildAttributes$$THM_ISAv4$P$D$K$B$S$PE$A:L22UL41UL21$X:L11$S22US41US21$IEEE1$IW$USESV6$~STKCKD$USESV7$~SHL$OTIME$ROPI$IEEEX$EBA8$UX$STANDARDLIB$REQ8$PRES8$EABIv2 0x00000000   Number         0  anon$$obj.o ABSOLUTE
    __ARM_use_no_argv                        0x00000000   Number         0  main.o ABSOLUTE
    _printf_flags                            0x00000000   Number         0  printf_stubs.o ABSOLUTE
    _printf_return_value                     0x00000000   Number         0  printf_stubs.o ABSOLUTE
    _printf_sizespec                         0x00000000   Number         0  printf_stubs.o ABSOLUTE
    _printf_widthprec                        0x00000000   Number         0  printf_stubs.o ABSOLUTE
    __ARM_exceptions_init                     - Undefined Weak Reference
    __alloca_initialize                       - Undefined Weak Reference
    __arm_preinit_                            - Undefined Weak Reference
    __cpp_initialize__aeabi_                  - Undefined Weak Reference
    __cxa_finalize                            - Undefined Weak Reference
    __rt_locale                               - Undefined Weak Reference
    __sigvec_lookup                           - Undefined Weak Reference
    _atexit_init                              - Undefined Weak Reference
    _call_atexit_fns                          - Undefined Weak Reference
    _clock_init                               - Undefined Weak Reference
    _fp_trap_init                             - Undefined Weak Reference
    _fp_trap_shutdown                         - Undefined Weak Reference
    _get_lc_collate                           - Undefined Weak Reference
    _get_lc_ctype                             - Undefined Weak Reference
    _get_lc_monetary                          - Undefined Weak Reference
    _get_lc_numeric                           - Undefined Weak Reference
    _get_lc_time                              - Undefined Weak Reference
    _getenv_init                              - Undefined Weak Reference
    _handle_redirection                       - Undefined Weak Reference
    _init_alloc                               - Undefined Weak Reference
    _init_user_alloc                          - Undefined Weak Reference
    _initio                                   - Undefined Weak Reference
    _mutex_acquire                            - Undefined Weak Reference
    _mutex_release                            - Undefined Weak Reference
    _printf_truncate_signed                   - Undefined Weak Reference
    _printf_truncate_unsigned                 - Undefined Weak Reference
    _rand_init                                - Undefined Weak Reference
    _signal_finish                            - Undefined Weak Reference
    _signal_init                              - Undefined Weak Reference
    _terminate_alloc                          - Undefined Weak Reference
    _terminate_user_alloc                     - Undefined Weak Reference
    _terminateio                              - Undefined Weak Reference
    __Vectors_Size                           0x000000ec   Number         0  startup_stm32f10x_md.o ABSOLUTE
    __Vectors                                0x08000000   Data           4  startup_stm32f10x_md.o(RESET)
    __Vectors_End                            0x080000ec   Data           0  startup_stm32f10x_md.o(RESET)
    __main                                   0x080000ed   Thumb Code     8  __main.o(!!!main)
    __scatterload                            0x080000f5   Thumb Code     0  __scatter.o(!!!scatter)
    __scatterload_rt2                        0x080000f5   Thumb Code    44  __scatter.o(!!!scatter)
    __scatterload_rt2_thumb_only             0x080000f5   Thumb Code     0  __scatter.o(!!!scatter)
    __scatterload_null                       0x08000103   Thumb Code     0  __scatter.o(!!!scatter)
    __decompress                             0x08000129   Thumb Code    90  __dczerorl2.o(!!dczerorl2)
    __decompress1                            0x08000129   Thumb Code     0  __dczerorl2.o(!!dczerorl2)
    __scatterload_zeroinit                   0x08000185   Thumb Code    28  __scatter_zi.o(!!handler_zi)
    _printf_d                                0x080001a1   Thumb Code     0  _printf_d.o(.ARM.Collect$$_printf_percent$$00000009)
    _printf_percent                          0x080001a1   Thumb Code     0  _printf_percent.o(.ARM.Collect$$_printf_percent$$00000000)
    _printf_x                                0x080001a7   Thumb Code     0  _printf_x.o(.ARM.Collect$$_printf_percent$$0000000C)
    _printf_percent_end                      0x080001ad   Thumb Code     0  _printf_percent_end.o(.ARM.Collect$$_printf_percent$$00000017)
    __rt_lib_init                            0x080001b1   Thumb Code     0  libinit.o(.ARM.Collect$$libinit$$00000000)
    __rt_lib_init_alloca_1                   0x080001b3   Thumb Code     0  libinit2.o(.ARM.Collect$$libinit$$0000002E)
    __rt_lib_init_argv_1                     0x080001b3   Thumb Code     0  libinit2.o(.ARM.Collect$$libinit$$0000002C)
    __rt_lib_init_atexit_1                   0x080001b3   Thumb Code     0  libinit2.o(.ARM.Collect$$libinit$$0000001B)
    __rt_lib_init_clock_1                    0x080001b3   Thumb Code     0  libinit2.o(.ARM.Collect$$libinit$$00000021)
    __rt_lib_init_cpp_1                      0x080001b3   Thumb Code     0  libinit2.o(.ARM.Collect$$libinit$$00000032)
    __rt_lib_init_exceptions_1               0x080001b3   Thumb Code     0  libinit2.o(.ARM.Collect$$libinit$$00000030)
    __rt_lib_init_fp_1                       0x080001b3   Thumb Code     0  libinit2.o(.ARM.Collect$$libinit$$00000002)
    __rt_lib_init_fp_trap_1                  0x080001b3   Thumb Code     0  libinit2.o(.ARM.Collect$$libinit$$0000001F)
    __rt_lib_init_getenv_1                   0x080001b3   Thumb Code     0  libinit2.o(.ARM.Collect$$libinit$$00000023)
    __rt_lib_init_heap_1                     0x080001b3   Thumb Code     0  libinit2.o(.ARM.Collect$$libinit$$0000000A)
    __rt_lib_init_lc_collate_1               0x080001b3   Thumb Code     0  libinit2.o(.ARM.Collect$$libinit$$00000011)
    __rt_lib_init_lc_ctype_1                 0x080001b3   Thumb Code     0  libinit2.o(.ARM.Collect$$libinit$$00000013)
    __rt_lib_init_lc_monetary_1              0x080001b3   Thumb Code     0  libinit2.o(.ARM.Collect$$libinit$$00000015)
    __rt_lib_init_lc_numeric_1               0x080001b3   Thumb Code     0  libinit2.o(.ARM.Collect$$libinit$$00000017)
    __rt_lib_init_lc_time_1                  0x080001b3   Thumb Code     0  libinit2.o(.ARM.Collect$$libinit$$00000019)
    __rt_lib_init_preinit_1                  0x080001b3   Thumb Code     0  libinit2.o(.ARM.Collect$$libinit$$00000004)
    __rt_lib_init_rand_1                     0x080001b3   Thumb Code     0  libinit2.o(.ARM.Collect$$libinit$$0000000E)
    __rt_lib_init_return                     0x080001b3   Thumb Code     0  libinit2.o(.ARM.Collect$$libinit$$00000033)
    __rt_lib_init_signal_1                   0x080001b3   Thumb Code     0  libinit2.o(.ARM.Collect$$libinit$$0000001D)
    __rt_lib_init_stdio_1                    0x080001b3   Thumb Code     0  libinit2.o(.ARM.Collect$$libinit$$00000025)
    __rt_lib_init_user_alloc_1               0x080001b3   Thumb Code     0  libinit2.o(.ARM.Collect$$libinit$$0000000C)
    __rt_lib_shutdown                        0x080001b5   Thumb Code     0  libshutdown.o(.ARM.Collect$$libshutdown$$00000000)
    __rt_lib_shutdown_cpp_1                  0x080001b7   Thumb Code     0  libshutdown2.o(.ARM.Collect$$libshutdown$$00000002)
    __rt_lib_shutdown_fp_trap_1              0x080001b7   Thumb Code     0  libshutdown2.o(.ARM.Collect$$libshutdown$$00000007)
    __rt_lib_shutdown_heap_1                 0x080001b7   Thumb Code     0  libshutdown2.o(.ARM.Collect$$libshutdown$$0000000F)
    __rt_lib_shutdown_return                 0x080001b7   Thumb Code     0  libshutdown2.o(.ARM.Collect$$libshutdown$$00000010)
    __rt_lib_shutdown_signal_1               0x080001b7   Thumb Code     0  libshutdown2.o(.ARM.Collect$$libshutdown$$0000000A)
    __rt_lib_shutdown_stdio_1                0x080001b7   Thumb Code     0  libshutdown2.o(.ARM.Collect$$libshutdown$$00000004)
    __rt_lib_shutdown_user_alloc_1           0x080001b7   Thumb Code     0  libshutdown2.o(.ARM.Collect$$libshutdown$$0000000C)
    __rt_entry                               0x080001b9   Thumb Code     0  __rtentry.o(.ARM.Collect$$rtentry$$00000000)
    __rt_entry_presh_1                       0x080001b9   Thumb Code     0  __rtentry2.o(.ARM.Collect$$rtentry$$00000002)
    __rt_entry_sh                            0x080001b9   Thumb Code     0  __rtentry4.o(.ARM.Collect$$rtentry$$00000004)
    __rt_entry_li                            0x080001bf   Thumb Code     0  __rtentry2.o(.ARM.Collect$$rtentry$$0000000A)
    __rt_entry_postsh_1                      0x080001bf   Thumb Code     0  __rtentry2.o(.ARM.Collect$$rtentry$$00000009)
    __rt_entry_main                          0x080001c3   Thumb Code     0  __rtentry2.o(.ARM.Collect$$rtentry$$0000000D)
    __rt_entry_postli_1                      0x080001c3   Thumb Code     0  __rtentry2.o(.ARM.Collect$$rtentry$$0000000C)
    __rt_exit                                0x080001cb   Thumb Code     0  rtexit.o(.ARM.Collect$$rtexit$$00000000)
    __rt_exit_ls                             0x080001cd   Thumb Code     0  rtexit2.o(.ARM.Collect$$rtexit$$00000003)
    __rt_exit_prels_1                        0x080001cd   Thumb Code     0  rtexit2.o(.ARM.Collect$$rtexit$$00000002)
    __rt_exit_exit                           0x080001d1   Thumb Code     0  rtexit2.o(.ARM.Collect$$rtexit$$00000004)
    main                                     0x080001d9   Thumb Code   150  main.o(.text)
    NMI_Handler                              0x08000281   Thumb Code     2  stm32f10x_it.o(.text)
    HardFault_Handler                        0x08000283   Thumb Code     4  stm32f10x_it.o(.text)
    MemManage_Handler                        0x08000287   Thumb Code     4  stm32f10x_it.o(.text)
    BusFault_Handler                         0x0800028b   Thumb Code     4  stm32f10x_it.o(.text)
    UsageFault_Handler                       0x0800028f   Thumb Code     4  stm32f10x_it.o(.text)
    SVC_Handler                              0x08000293   Thumb Code     2  stm32f10x_it.o(.text)
    DebugMon_Handler                         0x08000295   Thumb Code     2  stm32f10x_it.o(.text)
    PendSV_Handler                           0x08000297   Thumb Code     2  stm32f10x_it.o(.text)
    SysTick_Handler                          0x08000299   Thumb Code     2  stm32f10x_it.o(.text)
    SystemInit                               0x0800037b   Thumb Code    78  system_stm32f10x.o(.text)
    SystemCoreClockUpdate                    0x080003c9   Thumb Code   142  system_stm32f10x.o(.text)
    delay_init                               0x0800047d   Thumb Code    50  delay.o(.text)
    delay_us                                 0x080004af   Thumb Code    72  delay.o(.text)
    delay_ms                                 0x080004f7   Thumb Code    72  delay.o(.text)
    NVIC_Configuration                       0x08000551   Thumb Code   152  sys.o(.text)
    _sys_exit                                0x080005e9   Thumb Code     6  usart.o(.text)
    fputc                                    0x080005ef   Thumb Code    24  usart.o(.text)
    uart1_init                               0x08000607   Thumb Code   124  usart.o(.text)
    USART1_IRQHandler                        0x08000683   Thumb Code   122  usart.o(.text)
    MPU6050_EXTI_Init                        0x0800070d   Thumb Code    76  exti.o(.text)
    velocity                                 0x0800075d   Thumb Code   254  control.o(.text)
    balance_UP                               0x0800085b   Thumb Code    64  control.o(.text)
    EXTI9_5_IRQHandler                       0x0800089b   Thumb Code   168  control.o(.text)
    Encoder_Init_TIM2                        0x080009c1   Thumb Code   154  encoder.o(.text)
    Encoder_Init_TIM4                        0x08000a5b   Thumb Code   148  encoder.o(.text)
    Read_Encoder                             0x08000aef   Thumb Code    74  encoder.o(.text)
    TIM4_IRQHandler                          0x08000b39   Thumb Code    24  encoder.o(.text)
    TIM2_IRQHandler                          0x08000b51   Thumb Code    24  encoder.o(.text)
    Motor_Init                               0x08000b79   Thumb Code    40  motor.o(.text)
    myabs                                    0x08000ba1   Thumb Code    14  motor.o(.text)
    Set_Pwm                                  0x08000baf   Thumb Code   102  motor.o(.text)
    Xianfu_Pwm                               0x08000c15   Thumb Code    70  motor.o(.text)
    Turn_Off                                 0x08000c5b   Thumb Code    36  motor.o(.text)
    TIM1_PWM_Init                            0x08000ca5   Thumb Code   160  pwm.o(.text)
    OLED_IIC_Start                           0x08000d4d   Thumb Code    44  oled.o(.text)
    OLED_IIC_Stop                            0x08000d79   Thumb Code    34  oled.o(.text)
    OLED_IIC_Wait_Ack                        0x08000d9b   Thumb Code    24  oled.o(.text)
    OLED_Write_IIC_Byte                      0x08000db3   Thumb Code    88  oled.o(.text)
    OLED_Write_IIC_Command                   0x08000e0b   Thumb Code    44  oled.o(.text)
    OLED_Write_IIC_Data                      0x08000e37   Thumb Code    44  oled.o(.text)
    OLED_WR_Byte                             0x08000e63   Thumb Code    24  oled.o(.text)
    fill_picture                             0x08000e7b   Thumb Code    64  oled.o(.text)
    Delay_50ms                               0x08000ebb   Thumb Code    22  oled.o(.text)
    Delay_1ms                                0x08000ed1   Thumb Code    26  oled.o(.text)
    OLED_Set_Pos                             0x08000eeb   Thumb Code    40  oled.o(.text)
    OLED_Display_On                          0x08000f13   Thumb Code    28  oled.o(.text)
    OLED_Display_Off                         0x08000f2f   Thumb Code    28  oled.o(.text)
    OLED_Clear                               0x08000f4b   Thumb Code    62  oled.o(.text)
    OLED_On                                  0x08000f89   Thumb Code    62  oled.o(.text)
    OLED_ShowChar                            0x08000fc7   Thumb Code   154  oled.o(.text)
    oled_pow                                 0x08001061   Thumb Code    22  oled.o(.text)
    OLED_ShowNumber                          0x08001077   Thumb Code   136  oled.o(.text)
    OLED_ShowString                          0x080010ff   Thumb Code    66  oled.o(.text)
    OLED_ShowCHinese                         0x08001141   Thumb Code    98  oled.o(.text)
    OLED_DrawBMP                             0x080011a3   Thumb Code   118  oled.o(.text)
    OLED_Float                               0x08001219   Thumb Code   442  oled.o(.text)
    OLED_Float2                              0x080013d3   Thumb Code   366  oled.o(.text)
    OLED_Num_write                           0x08001541   Thumb Code    62  oled.o(.text)
    OLED_fuhao_write                         0x0800157f   Thumb Code    58  oled.o(.text)
    OLED_Num2                                0x080015b9   Thumb Code   156  oled.o(.text)
    OLED_Num3                                0x08001655   Thumb Code   200  oled.o(.text)
    OLED_Num4                                0x0800171d   Thumb Code   134  oled.o(.text)
    OLED_Num5                                0x080017a3   Thumb Code   152  oled.o(.text)
    OLED_Init                                0x0800183b   Thumb Code   294  oled.o(.text)
    MPU_Write_Byte                           0x08001961   Thumb Code    68  mpu6050.o(.text)
    MPU_Set_LPF                              0x080019a5   Thumb Code    58  mpu6050.o(.text)
    MPU_Set_Rate                             0x080019df   Thumb Code    58  mpu6050.o(.text)
    MPU_Read_Byte                            0x08001a19   Thumb Code    58  mpu6050.o(.text)
    MPU_Set_Accel_Fsr                        0x08001a53   Thumb Code    16  mpu6050.o(.text)
    MPU_Set_Gyro_Fsr                         0x08001a63   Thumb Code    16  mpu6050.o(.text)
    MPU_Init                                 0x08001a73   Thumb Code   122  mpu6050.o(.text)
    MPU_Read_Len                             0x08001aed   Thumb Code   116  mpu6050.o(.text)
    MPU_Get_Temperature                      0x08001b61   Thumb Code    86  mpu6050.o(.text)
    MPU_Get_Gyroscope                        0x08001bb7   Thumb Code    80  mpu6050.o(.text)
    MPU_Get_Accelerometer                    0x08001c07   Thumb Code    80  mpu6050.o(.text)
    MPU_Write_Len                            0x08001c57   Thumb Code    96  mpu6050.o(.text)
    MPU_IIC_Delay                            0x08001cc9   Thumb Code    10  mpuiic.o(.text)
    MPU_IIC_Init                             0x08001cd3   Thumb Code    38  mpuiic.o(.text)
    MPU_IIC_Start                            0x08001cf9   Thumb Code    60  mpuiic.o(.text)
    MPU_IIC_Stop                             0x08001d35   Thumb Code    62  mpuiic.o(.text)
    MPU_IIC_Wait_Ack                         0x08001d73   Thumb Code    86  mpuiic.o(.text)
    MPU_IIC_Ack                              0x08001dc9   Thumb Code    66  mpuiic.o(.text)
    MPU_IIC_NAck                             0x08001e0b   Thumb Code    66  mpuiic.o(.text)
    MPU_IIC_Send_Byte                        0x08001e4d   Thumb Code    82  mpuiic.o(.text)
    MPU_IIC_Read_Byte                        0x08001e9f   Thumb Code    96  mpuiic.o(.text)
    mpu_reg_dump                             0x08001f97   Thumb Code    84  inv_mpu.o(.text)
    mpu_read_reg                             0x08001feb   Thumb Code    66  inv_mpu.o(.text)
    mpu_set_int_latched                      0x0800202d   Thumb Code   102  inv_mpu.o(.text)
    mpu_set_sensors                          0x08002093   Thumb Code   202  inv_mpu.o(.text)
    mpu_set_bypass                           0x0800215d   Thumb Code   328  inv_mpu.o(.text)
    mpu_reset_fifo                           0x080022a5   Thumb Code   472  inv_mpu.o(.text)
    mpu_configure_fifo                       0x0800247d   Thumb Code   106  inv_mpu.o(.text)
    mpu_set_lpf                              0x080024e7   Thumb Code   126  inv_mpu.o(.text)
    mpu_lp_accel_mode                        0x08002565   Thumb Code   218  inv_mpu.o(.text)
    mpu_set_sample_rate                      0x0800263f   Thumb Code   152  inv_mpu.o(.text)
    mpu_set_accel_fsr                        0x080026d7   Thumb Code   132  inv_mpu.o(.text)
    mpu_set_gyro_fsr                         0x0800275b   Thumb Code   132  inv_mpu.o(.text)
    mpu_init                                 0x080027df   Thumb Code   416  inv_mpu.o(.text)
    mget_ms                                  0x0800297f   Thumb Code     2  inv_mpu.o(.text)
    mpu_get_gyro_reg                         0x08002981   Thumb Code   110  inv_mpu.o(.text)
    mpu_get_accel_reg                        0x080029ef   Thumb Code   110  inv_mpu.o(.text)
    mpu_get_temperature                      0x08002a5d   Thumb Code   150  inv_mpu.o(.text)
    mpu_set_accel_bias                       0x08002af3   Thumb Code   468  inv_mpu.o(.text)
    mpu_get_gyro_fsr                         0x08002cc7   Thumb Code    64  inv_mpu.o(.text)
    mpu_get_accel_fsr                        0x08002d07   Thumb Code    72  inv_mpu.o(.text)
    mpu_get_lpf                              0x08002d4f   Thumb Code    74  inv_mpu.o(.text)
    mpu_get_sample_rate                      0x08002d99   Thumb Code    26  inv_mpu.o(.text)
    mpu_get_compass_sample_rate              0x08002db3   Thumb Code    10  inv_mpu.o(.text)
    mpu_set_compass_sample_rate              0x08002dbd   Thumb Code     8  inv_mpu.o(.text)
    mpu_get_gyro_sens                        0x08002dc5   Thumb Code    58  inv_mpu.o(.text)
    mpu_get_accel_sens                       0x08002dff   Thumb Code    78  inv_mpu.o(.text)
    mpu_get_fifo_config                      0x08002e4d   Thumb Code    12  inv_mpu.o(.text)
    mpu_get_power_state                      0x08002e59   Thumb Code    22  inv_mpu.o(.text)
    mpu_get_int_status                       0x08002e6f   Thumb Code    64  inv_mpu.o(.text)
    mpu_read_fifo                            0x08002eaf   Thumb Code   520  inv_mpu.o(.text)
    mpu_read_fifo_stream                     0x080030b7   Thumb Code   186  inv_mpu.o(.text)
    mpu_set_int_level                        0x08003171   Thumb Code    12  inv_mpu.o(.text)
    mpu_set_dmp_state                        0x08003851   Thumb Code   138  inv_mpu.o(.text)
    mpu_run_self_test                        0x080038db   Thumb Code   278  inv_mpu.o(.text)
    mpu_write_mem                            0x080039f1   Thumb Code   122  inv_mpu.o(.text)
    mpu_read_mem                             0x08003a6b   Thumb Code   122  inv_mpu.o(.text)
    mpu_load_firmware                        0x08003ae5   Thumb Code   190  inv_mpu.o(.text)
    mpu_get_dmp_state                        0x08003ba3   Thumb Code    14  inv_mpu.o(.text)
    setup_compass                            0x08003bb1   Thumb Code     6  inv_mpu.o(.text)
    mpu_get_compass_reg                      0x08003bb7   Thumb Code     8  inv_mpu.o(.text)
    mpu_get_compass_fsr                      0x08003bbf   Thumb Code     8  inv_mpu.o(.text)
    mpu_lp_motion_interrupt                  0x08003bc7   Thumb Code   512  inv_mpu.o(.text)
    run_self_test                            0x08003dc7   Thumb Code   148  inv_mpu.o(.text)
    inv_row_2_scale                          0x08003e5b   Thumb Code    78  inv_mpu.o(.text)
    inv_orientation_matrix_to_scalar         0x08003ea9   Thumb Code    40  inv_mpu.o(.text)
    mpu_dmp_init                             0x08003ed1   Thumb Code   150  inv_mpu.o(.text)
    mpu_dmp_get_data                         0x08003f67   Thumb Code   554  inv_mpu.o(.text)
    dmp_load_motion_driver_firmware          0x08004195   Thumb Code    20  inv_mpu_dmp_motion_driver.o(.text)
    dmp_set_orientation                      0x080041a9   Thumb Code   290  inv_mpu_dmp_motion_driver.o(.text)
    dmp_set_gyro_bias                        0x080042cb   Thumb Code   294  inv_mpu_dmp_motion_driver.o(.text)
    dmp_set_accel_bias                       0x080043f1   Thumb Code   300  inv_mpu_dmp_motion_driver.o(.text)
    dmp_set_fifo_rate                        0x0800451d   Thumb Code   136  inv_mpu_dmp_motion_driver.o(.text)
    dmp_get_fifo_rate                        0x080045a5   Thumb Code    12  inv_mpu_dmp_motion_driver.o(.text)
    dmp_set_tap_thresh                       0x080045b1   Thumb Code   396  inv_mpu_dmp_motion_driver.o(.text)
    dmp_set_tap_axes                         0x0800473d   Thumb Code    70  inv_mpu_dmp_motion_driver.o(.text)
    dmp_set_tap_count                        0x08004783   Thumb Code    38  inv_mpu_dmp_motion_driver.o(.text)
    dmp_set_tap_time                         0x080047a9   Thumb Code    38  inv_mpu_dmp_motion_driver.o(.text)
    dmp_set_tap_time_multi                   0x080047cf   Thumb Code    38  inv_mpu_dmp_motion_driver.o(.text)
    dmp_set_shake_reject_thresh              0x080047f5   Thumb Code    56  inv_mpu_dmp_motion_driver.o(.text)
    dmp_set_shake_reject_time                0x0800482d   Thumb Code    38  inv_mpu_dmp_motion_driver.o(.text)
    dmp_set_shake_reject_timeout             0x08004853   Thumb Code    38  inv_mpu_dmp_motion_driver.o(.text)
    dmp_get_pedometer_step_count             0x08004879   Thumb Code    66  inv_mpu_dmp_motion_driver.o(.text)
    dmp_set_pedometer_step_count             0x080048bb   Thumb Code    42  inv_mpu_dmp_motion_driver.o(.text)
    dmp_get_pedometer_walk_time              0x080048e5   Thumb Code    72  inv_mpu_dmp_motion_driver.o(.text)
    dmp_set_pedometer_walk_time              0x0800492d   Thumb Code    48  inv_mpu_dmp_motion_driver.o(.text)
    dmp_enable_6x_lp_quat                    0x0800495d   Thumb Code    84  inv_mpu_dmp_motion_driver.o(.text)
    dmp_enable_lp_quat                       0x080049b1   Thumb Code    60  inv_mpu_dmp_motion_driver.o(.text)
    dmp_enable_gyro_cal                      0x080049ed   Thumb Code    62  inv_mpu_dmp_motion_driver.o(.text)
    dmp_enable_feature                       0x08004a2b   Thumb Code   530  inv_mpu_dmp_motion_driver.o(.text)
    dmp_get_enabled_features                 0x08004c3d   Thumb Code    12  inv_mpu_dmp_motion_driver.o(.text)
    dmp_set_interrupt_mode                   0x08004ca7   Thumb Code    66  inv_mpu_dmp_motion_driver.o(.text)
    dmp_read_fifo                            0x08004ce9   Thumb Code   514  inv_mpu_dmp_motion_driver.o(.text)
    dmp_register_tap_cb                      0x08004eeb   Thumb Code    10  inv_mpu_dmp_motion_driver.o(.text)
    dmp_register_android_orient_cb           0x08004ef5   Thumb Code    10  inv_mpu_dmp_motion_driver.o(.text)
    Reset_Handler                            0x08004f05   Thumb Code     8  startup_stm32f10x_md.o(.text)
    ADC1_2_IRQHandler                        0x08004f1f   Thumb Code     0  startup_stm32f10x_md.o(.text)
    CAN1_RX1_IRQHandler                      0x08004f1f   Thumb Code     0  startup_stm32f10x_md.o(.text)
    CAN1_SCE_IRQHandler                      0x08004f1f   Thumb Code     0  startup_stm32f10x_md.o(.text)
    DMA1_Channel1_IRQHandler                 0x08004f1f   Thumb Code     0  startup_stm32f10x_md.o(.text)
    DMA1_Channel2_IRQHandler                 0x08004f1f   Thumb Code     0  startup_stm32f10x_md.o(.text)
    DMA1_Channel3_IRQHandler                 0x08004f1f   Thumb Code     0  startup_stm32f10x_md.o(.text)
    DMA1_Channel4_IRQHandler                 0x08004f1f   Thumb Code     0  startup_stm32f10x_md.o(.text)
    DMA1_Channel5_IRQHandler                 0x08004f1f   Thumb Code     0  startup_stm32f10x_md.o(.text)
    DMA1_Channel6_IRQHandler                 0x08004f1f   Thumb Code     0  startup_stm32f10x_md.o(.text)
    DMA1_Channel7_IRQHandler                 0x08004f1f   Thumb Code     0  startup_stm32f10x_md.o(.text)
    EXTI0_IRQHandler                         0x08004f1f   Thumb Code     0  startup_stm32f10x_md.o(.text)
    EXTI15_10_IRQHandler                     0x08004f1f   Thumb Code     0  startup_stm32f10x_md.o(.text)
    EXTI1_IRQHandler                         0x08004f1f   Thumb Code     0  startup_stm32f10x_md.o(.text)
    EXTI2_IRQHandler                         0x08004f1f   Thumb Code     0  startup_stm32f10x_md.o(.text)
    EXTI3_IRQHandler                         0x08004f1f   Thumb Code     0  startup_stm32f10x_md.o(.text)
    EXTI4_IRQHandler                         0x08004f1f   Thumb Code     0  startup_stm32f10x_md.o(.text)
    FLASH_IRQHandler                         0x08004f1f   Thumb Code     0  startup_stm32f10x_md.o(.text)
    I2C1_ER_IRQHandler                       0x08004f1f   Thumb Code     0  startup_stm32f10x_md.o(.text)
    I2C1_EV_IRQHandler                       0x08004f1f   Thumb Code     0  startup_stm32f10x_md.o(.text)
    I2C2_ER_IRQHandler                       0x08004f1f   Thumb Code     0  startup_stm32f10x_md.o(.text)
    I2C2_EV_IRQHandler                       0x08004f1f   Thumb Code     0  startup_stm32f10x_md.o(.text)
    PVD_IRQHandler                           0x08004f1f   Thumb Code     0  startup_stm32f10x_md.o(.text)
    RCC_IRQHandler                           0x08004f1f   Thumb Code     0  startup_stm32f10x_md.o(.text)
    RTCAlarm_IRQHandler                      0x08004f1f   Thumb Code     0  startup_stm32f10x_md.o(.text)
    RTC_IRQHandler                           0x08004f1f   Thumb Code     0  startup_stm32f10x_md.o(.text)
    SPI1_IRQHandler                          0x08004f1f   Thumb Code     0  startup_stm32f10x_md.o(.text)
    SPI2_IRQHandler                          0x08004f1f   Thumb Code     0  startup_stm32f10x_md.o(.text)
    TAMPER_IRQHandler                        0x08004f1f   Thumb Code     0  startup_stm32f10x_md.o(.text)
    TIM1_BRK_IRQHandler                      0x08004f1f   Thumb Code     0  startup_stm32f10x_md.o(.text)
    TIM1_CC_IRQHandler                       0x08004f1f   Thumb Code     0  startup_stm32f10x_md.o(.text)
    TIM1_TRG_COM_IRQHandler                  0x08004f1f   Thumb Code     0  startup_stm32f10x_md.o(.text)
    TIM1_UP_IRQHandler                       0x08004f1f   Thumb Code     0  startup_stm32f10x_md.o(.text)
    TIM3_IRQHandler                          0x08004f1f   Thumb Code     0  startup_stm32f10x_md.o(.text)
    USART2_IRQHandler                        0x08004f1f   Thumb Code     0  startup_stm32f10x_md.o(.text)
    USART3_IRQHandler                        0x08004f1f   Thumb Code     0  startup_stm32f10x_md.o(.text)
    USBWakeUp_IRQHandler                     0x08004f1f   Thumb Code     0  startup_stm32f10x_md.o(.text)
    USB_HP_CAN1_TX_IRQHandler                0x08004f1f   Thumb Code     0  startup_stm32f10x_md.o(.text)
    USB_LP_CAN1_RX0_IRQHandler               0x08004f1f   Thumb Code     0  startup_stm32f10x_md.o(.text)
    WWDG_IRQHandler                          0x08004f1f   Thumb Code     0  startup_stm32f10x_md.o(.text)
    __user_initial_stackheap                 0x08004f21   Thumb Code     0  startup_stm32f10x_md.o(.text)
    NVIC_PriorityGroupConfig                 0x08004f45   Thumb Code    10  misc.o(.text)
    NVIC_Init                                0x08004f4f   Thumb Code   100  misc.o(.text)
    NVIC_SetVectorTable                      0x08004fb3   Thumb Code    14  misc.o(.text)
    NVIC_SystemLPConfig                      0x08004fc1   Thumb Code    34  misc.o(.text)
    SysTick_CLKSourceConfig                  0x08004fe3   Thumb Code    40  misc.o(.text)
    EXTI_DeInit                              0x08005021   Thumb Code    28  stm32f10x_exti.o(.text)
    EXTI_Init                                0x0800503d   Thumb Code   142  stm32f10x_exti.o(.text)
    EXTI_StructInit                          0x080050cb   Thumb Code    16  stm32f10x_exti.o(.text)
    EXTI_GenerateSWInterrupt                 0x080050db   Thumb Code    16  stm32f10x_exti.o(.text)
    EXTI_GetFlagStatus                       0x080050eb   Thumb Code    22  stm32f10x_exti.o(.text)
    EXTI_ClearFlag                           0x08005101   Thumb Code     8  stm32f10x_exti.o(.text)
    EXTI_GetITStatus                         0x08005109   Thumb Code    34  stm32f10x_exti.o(.text)
    EXTI_ClearITPendingBit                   0x0800512b   Thumb Code     8  stm32f10x_exti.o(.text)
    GPIO_DeInit                              0x0800513d   Thumb Code   172  stm32f10x_gpio.o(.text)
    GPIO_AFIODeInit                          0x080051e9   Thumb Code    20  stm32f10x_gpio.o(.text)
    GPIO_Init                                0x080051fd   Thumb Code   278  stm32f10x_gpio.o(.text)
    GPIO_StructInit                          0x08005313   Thumb Code    16  stm32f10x_gpio.o(.text)
    GPIO_ReadInputDataBit                    0x08005323   Thumb Code    18  stm32f10x_gpio.o(.text)
    GPIO_ReadInputData                       0x08005335   Thumb Code     8  stm32f10x_gpio.o(.text)
    GPIO_ReadOutputDataBit                   0x0800533d   Thumb Code    18  stm32f10x_gpio.o(.text)
    GPIO_ReadOutputData                      0x0800534f   Thumb Code     8  stm32f10x_gpio.o(.text)
    GPIO_SetBits                             0x08005357   Thumb Code     4  stm32f10x_gpio.o(.text)
    GPIO_ResetBits                           0x0800535b   Thumb Code     4  stm32f10x_gpio.o(.text)
    GPIO_WriteBit                            0x0800535f   Thumb Code    10  stm32f10x_gpio.o(.text)
    GPIO_Write                               0x08005369   Thumb Code     4  stm32f10x_gpio.o(.text)
    GPIO_PinLockConfig                       0x0800536d   Thumb Code    18  stm32f10x_gpio.o(.text)
    GPIO_EventOutputConfig                   0x0800537f   Thumb Code    26  stm32f10x_gpio.o(.text)
    GPIO_EventOutputCmd                      0x08005399   Thumb Code     6  stm32f10x_gpio.o(.text)
    GPIO_PinRemapConfig                      0x0800539f   Thumb Code   138  stm32f10x_gpio.o(.text)
    GPIO_EXTILineConfig                      0x08005429   Thumb Code    66  stm32f10x_gpio.o(.text)
    GPIO_ETH_MediaInterfaceConfig            0x0800546b   Thumb Code     8  stm32f10x_gpio.o(.text)
    RCC_DeInit                               0x08005499   Thumb Code    64  stm32f10x_rcc.o(.text)
    RCC_HSEConfig                            0x080054d9   Thumb Code    70  stm32f10x_rcc.o(.text)
    RCC_GetFlagStatus                        0x0800551f   Thumb Code    56  stm32f10x_rcc.o(.text)
    RCC_WaitForHSEStartUp                    0x08005557   Thumb Code    56  stm32f10x_rcc.o(.text)
    RCC_AdjustHSICalibrationValue            0x0800558f   Thumb Code    20  stm32f10x_rcc.o(.text)
    RCC_HSICmd                               0x080055a3   Thumb Code     6  stm32f10x_rcc.o(.text)
    RCC_PLLConfig                            0x080055a9   Thumb Code    24  stm32f10x_rcc.o(.text)
    RCC_PLLCmd                               0x080055c1   Thumb Code     6  stm32f10x_rcc.o(.text)
    RCC_SYSCLKConfig                         0x080055c7   Thumb Code    18  stm32f10x_rcc.o(.text)
    RCC_GetSYSCLKSource                      0x080055d9   Thumb Code    10  stm32f10x_rcc.o(.text)
    RCC_HCLKConfig                           0x080055e3   Thumb Code    18  stm32f10x_rcc.o(.text)
    RCC_PCLK1Config                          0x080055f5   Thumb Code    18  stm32f10x_rcc.o(.text)
    RCC_PCLK2Config                          0x08005607   Thumb Code    20  stm32f10x_rcc.o(.text)
    RCC_ITConfig                             0x0800561b   Thumb Code    26  stm32f10x_rcc.o(.text)
    RCC_USBCLKConfig                         0x08005635   Thumb Code     8  stm32f10x_rcc.o(.text)
    RCC_ADCCLKConfig                         0x0800563d   Thumb Code    18  stm32f10x_rcc.o(.text)
    RCC_LSEConfig                            0x0800564f   Thumb Code    50  stm32f10x_rcc.o(.text)
    RCC_LSICmd                               0x08005681   Thumb Code     6  stm32f10x_rcc.o(.text)
    RCC_RTCCLKConfig                         0x08005687   Thumb Code    12  stm32f10x_rcc.o(.text)
    RCC_RTCCLKCmd                            0x08005693   Thumb Code     8  stm32f10x_rcc.o(.text)
    RCC_GetClocksFreq                        0x0800569b   Thumb Code   192  stm32f10x_rcc.o(.text)
    RCC_AHBPeriphClockCmd                    0x0800575b   Thumb Code    26  stm32f10x_rcc.o(.text)
    RCC_APB2PeriphClockCmd                   0x08005775   Thumb Code    26  stm32f10x_rcc.o(.text)
    RCC_APB1PeriphClockCmd                   0x0800578f   Thumb Code    26  stm32f10x_rcc.o(.text)
    RCC_APB2PeriphResetCmd                   0x080057a9   Thumb Code    26  stm32f10x_rcc.o(.text)
    RCC_APB1PeriphResetCmd                   0x080057c3   Thumb Code    26  stm32f10x_rcc.o(.text)
    RCC_BackupResetCmd                       0x080057dd   Thumb Code     8  stm32f10x_rcc.o(.text)
    RCC_ClockSecuritySystemCmd               0x080057e5   Thumb Code     6  stm32f10x_rcc.o(.text)
    RCC_MCOConfig                            0x080057eb   Thumb Code     6  stm32f10x_rcc.o(.text)
    RCC_ClearFlag                            0x080057f1   Thumb Code    14  stm32f10x_rcc.o(.text)
    RCC_GetITStatus                          0x080057ff   Thumb Code    20  stm32f10x_rcc.o(.text)
    RCC_ClearITPendingBit                    0x08005813   Thumb Code     6  stm32f10x_rcc.o(.text)
    TIM_DeInit                               0x0800583d   Thumb Code   424  stm32f10x_tim.o(.text)
    TIM_TimeBaseInit                         0x080059e5   Thumb Code   122  stm32f10x_tim.o(.text)
    TIM_OC1Init                              0x08005a5f   Thumb Code   132  stm32f10x_tim.o(.text)
    TIM_OC2Init                              0x08005ae3   Thumb Code   154  stm32f10x_tim.o(.text)
    TIM_OC3Init                              0x08005b7d   Thumb Code   150  stm32f10x_tim.o(.text)
    TIM_OC4Init                              0x08005c13   Thumb Code   182  stm32f10x_tim.o(.text)
    TIM_SetIC4Prescaler                      0x08005cc9   Thumb Code    26  stm32f10x_tim.o(.text)
    TIM_SetIC3Prescaler                      0x08005d65   Thumb Code    18  stm32f10x_tim.o(.text)
    TIM_SetIC2Prescaler                      0x08005df1   Thumb Code    26  stm32f10x_tim.o(.text)
    TIM_SetIC1Prescaler                      0x08005e8d   Thumb Code    18  stm32f10x_tim.o(.text)
    TIM_ICInit                               0x08005f0b   Thumb Code   150  stm32f10x_tim.o(.text)
    TIM_PWMIConfig                           0x08005fa1   Thumb Code   124  stm32f10x_tim.o(.text)
    TIM_BDTRConfig                           0x0800601d   Thumb Code    32  stm32f10x_tim.o(.text)
    TIM_TimeBaseStructInit                   0x0800603d   Thumb Code    18  stm32f10x_tim.o(.text)
    TIM_OCStructInit                         0x0800604f   Thumb Code    20  stm32f10x_tim.o(.text)
    TIM_ICStructInit                         0x08006063   Thumb Code    18  stm32f10x_tim.o(.text)
    TIM_BDTRStructInit                       0x08006075   Thumb Code    40  stm32f10x_tim.o(.text)
    TIM_Cmd                                  0x0800609d   Thumb Code    24  stm32f10x_tim.o(.text)
    TIM_CtrlPWMOutputs                       0x080060b5   Thumb Code    30  stm32f10x_tim.o(.text)
    TIM_ITConfig                             0x080060d3   Thumb Code    18  stm32f10x_tim.o(.text)
    TIM_GenerateEvent                        0x080060e5   Thumb Code     4  stm32f10x_tim.o(.text)
    TIM_DMAConfig                            0x080060e9   Thumb Code    10  stm32f10x_tim.o(.text)
    TIM_DMACmd                               0x080060f3   Thumb Code    18  stm32f10x_tim.o(.text)
    TIM_InternalClockConfig                  0x08006105   Thumb Code    12  stm32f10x_tim.o(.text)
    TIM_SelectInputTrigger                   0x08006111   Thumb Code    18  stm32f10x_tim.o(.text)
    TIM_ITRxExternalClockConfig              0x08006123   Thumb Code    24  stm32f10x_tim.o(.text)
    TIM_TIxExternalClockConfig               0x0800613b   Thumb Code    62  stm32f10x_tim.o(.text)
    TIM_ETRConfig                            0x08006179   Thumb Code    28  stm32f10x_tim.o(.text)
    TIM_ETRClockMode1Config                  0x08006195   Thumb Code    54  stm32f10x_tim.o(.text)
    TIM_ETRClockMode2Config                  0x080061cb   Thumb Code    32  stm32f10x_tim.o(.text)
    TIM_PrescalerConfig                      0x080061eb   Thumb Code     6  stm32f10x_tim.o(.text)
    TIM_CounterModeConfig                    0x080061f1   Thumb Code    18  stm32f10x_tim.o(.text)
    TIM_EncoderInterfaceConfig               0x08006203   Thumb Code    66  stm32f10x_tim.o(.text)
    TIM_ForcedOC1Config                      0x08006245   Thumb Code    18  stm32f10x_tim.o(.text)
    TIM_ForcedOC2Config                      0x08006257   Thumb Code    26  stm32f10x_tim.o(.text)
    TIM_ForcedOC3Config                      0x08006271   Thumb Code    18  stm32f10x_tim.o(.text)
    TIM_ForcedOC4Config                      0x08006283   Thumb Code    26  stm32f10x_tim.o(.text)
    TIM_ARRPreloadConfig                     0x0800629d   Thumb Code    24  stm32f10x_tim.o(.text)
    TIM_SelectCOM                            0x080062b5   Thumb Code    24  stm32f10x_tim.o(.text)
    TIM_SelectCCDMA                          0x080062cd   Thumb Code    24  stm32f10x_tim.o(.text)
    TIM_CCPreloadControl                     0x080062e5   Thumb Code    24  stm32f10x_tim.o(.text)
    TIM_OC1PreloadConfig                     0x080062fd   Thumb Code    18  stm32f10x_tim.o(.text)
    TIM_OC2PreloadConfig                     0x0800630f   Thumb Code    26  stm32f10x_tim.o(.text)
    TIM_OC3PreloadConfig                     0x08006329   Thumb Code    18  stm32f10x_tim.o(.text)
    TIM_OC4PreloadConfig                     0x0800633b   Thumb Code    26  stm32f10x_tim.o(.text)
    TIM_OC1FastConfig                        0x08006355   Thumb Code    18  stm32f10x_tim.o(.text)
    TIM_OC2FastConfig                        0x08006367   Thumb Code    26  stm32f10x_tim.o(.text)
    TIM_OC3FastConfig                        0x08006381   Thumb Code    18  stm32f10x_tim.o(.text)
    TIM_OC4FastConfig                        0x08006393   Thumb Code    26  stm32f10x_tim.o(.text)
    TIM_ClearOC1Ref                          0x080063ad   Thumb Code    18  stm32f10x_tim.o(.text)
    TIM_ClearOC2Ref                          0x080063bf   Thumb Code    24  stm32f10x_tim.o(.text)
    TIM_ClearOC3Ref                          0x080063d7   Thumb Code    18  stm32f10x_tim.o(.text)
    TIM_ClearOC4Ref                          0x080063e9   Thumb Code    24  stm32f10x_tim.o(.text)
    TIM_OC1PolarityConfig                    0x08006401   Thumb Code    18  stm32f10x_tim.o(.text)
    TIM_OC1NPolarityConfig                   0x08006413   Thumb Code    18  stm32f10x_tim.o(.text)
    TIM_OC2PolarityConfig                    0x08006425   Thumb Code    26  stm32f10x_tim.o(.text)
    TIM_OC2NPolarityConfig                   0x0800643f   Thumb Code    26  stm32f10x_tim.o(.text)
    TIM_OC3PolarityConfig                    0x08006459   Thumb Code    26  stm32f10x_tim.o(.text)
    TIM_OC3NPolarityConfig                   0x08006473   Thumb Code    26  stm32f10x_tim.o(.text)
    TIM_OC4PolarityConfig                    0x0800648d   Thumb Code    26  stm32f10x_tim.o(.text)
    TIM_CCxCmd                               0x080064a7   Thumb Code    30  stm32f10x_tim.o(.text)
    TIM_CCxNCmd                              0x080064c5   Thumb Code    30  stm32f10x_tim.o(.text)
    TIM_SelectOCxM                           0x080064e3   Thumb Code    82  stm32f10x_tim.o(.text)
    TIM_UpdateDisableConfig                  0x08006535   Thumb Code    24  stm32f10x_tim.o(.text)
    TIM_UpdateRequestConfig                  0x0800654d   Thumb Code    24  stm32f10x_tim.o(.text)
    TIM_SelectHallSensor                     0x08006565   Thumb Code    24  stm32f10x_tim.o(.text)
    TIM_SelectOnePulseMode                   0x0800657d   Thumb Code    18  stm32f10x_tim.o(.text)
    TIM_SelectOutputTrigger                  0x0800658f   Thumb Code    18  stm32f10x_tim.o(.text)
    TIM_SelectSlaveMode                      0x080065a1   Thumb Code    18  stm32f10x_tim.o(.text)
    TIM_SelectMasterSlaveMode                0x080065b3   Thumb Code    18  stm32f10x_tim.o(.text)
    TIM_SetCounter                           0x080065c5   Thumb Code     4  stm32f10x_tim.o(.text)
    TIM_SetAutoreload                        0x080065c9   Thumb Code     4  stm32f10x_tim.o(.text)
    TIM_SetCompare1                          0x080065cd   Thumb Code     4  stm32f10x_tim.o(.text)
    TIM_SetCompare2                          0x080065d1   Thumb Code     4  stm32f10x_tim.o(.text)
    TIM_SetCompare3                          0x080065d5   Thumb Code     4  stm32f10x_tim.o(.text)
    TIM_SetCompare4                          0x080065d9   Thumb Code     6  stm32f10x_tim.o(.text)
    TIM_SetClockDivision                     0x080065df   Thumb Code    18  stm32f10x_tim.o(.text)
    TIM_GetCapture1                          0x080065f1   Thumb Code     6  stm32f10x_tim.o(.text)
    TIM_GetCapture2                          0x080065f7   Thumb Code     6  stm32f10x_tim.o(.text)
    TIM_GetCapture3                          0x080065fd   Thumb Code     6  stm32f10x_tim.o(.text)
    TIM_GetCapture4                          0x08006603   Thumb Code     8  stm32f10x_tim.o(.text)
    TIM_GetCounter                           0x0800660b   Thumb Code     6  stm32f10x_tim.o(.text)
    TIM_GetPrescaler                         0x08006611   Thumb Code     6  stm32f10x_tim.o(.text)
    TIM_GetFlagStatus                        0x08006617   Thumb Code    18  stm32f10x_tim.o(.text)
    TIM_ClearFlag                            0x08006629   Thumb Code     6  stm32f10x_tim.o(.text)
    TIM_GetITStatus                          0x0800662f   Thumb Code    34  stm32f10x_tim.o(.text)
    TIM_ClearITPendingBit                    0x08006651   Thumb Code     6  stm32f10x_tim.o(.text)
    USART_DeInit                             0x08006659   Thumb Code   134  stm32f10x_usart.o(.text)
    USART_Init                               0x080066df   Thumb Code   210  stm32f10x_usart.o(.text)
    USART_StructInit                         0x080067b1   Thumb Code    24  stm32f10x_usart.o(.text)
    USART_ClockInit                          0x080067c9   Thumb Code    34  stm32f10x_usart.o(.text)
    USART_ClockStructInit                    0x080067eb   Thumb Code    12  stm32f10x_usart.o(.text)
    USART_Cmd                                0x080067f7   Thumb Code    24  stm32f10x_usart.o(.text)
    USART_ITConfig                           0x0800680f   Thumb Code    74  stm32f10x_usart.o(.text)
    USART_DMACmd                             0x08006859   Thumb Code    18  stm32f10x_usart.o(.text)
    USART_SetAddress                         0x0800686b   Thumb Code    18  stm32f10x_usart.o(.text)
    USART_WakeUpConfig                       0x0800687d   Thumb Code    18  stm32f10x_usart.o(.text)
    USART_ReceiverWakeUpCmd                  0x0800688f   Thumb Code    24  stm32f10x_usart.o(.text)
    USART_LINBreakDetectLengthConfig         0x080068a7   Thumb Code    18  stm32f10x_usart.o(.text)
    USART_LINCmd                             0x080068b9   Thumb Code    24  stm32f10x_usart.o(.text)
    USART_SendData                           0x080068d1   Thumb Code     8  stm32f10x_usart.o(.text)
    USART_ReceiveData                        0x080068d9   Thumb Code    10  stm32f10x_usart.o(.text)
    USART_SendBreak                          0x080068e3   Thumb Code    10  stm32f10x_usart.o(.text)
    USART_SetGuardTime                       0x080068ed   Thumb Code    16  stm32f10x_usart.o(.text)
    USART_SetPrescaler                       0x080068fd   Thumb Code    16  stm32f10x_usart.o(.text)
    USART_SmartCardCmd                       0x0800690d   Thumb Code    24  stm32f10x_usart.o(.text)
    USART_SmartCardNACKCmd                   0x08006925   Thumb Code    24  stm32f10x_usart.o(.text)
    USART_HalfDuplexCmd                      0x0800693d   Thumb Code    24  stm32f10x_usart.o(.text)
    USART_OverSampling8Cmd                   0x08006955   Thumb Code    22  stm32f10x_usart.o(.text)
    USART_OneBitMethodCmd                    0x0800696b   Thumb Code    24  stm32f10x_usart.o(.text)
    USART_IrDAConfig                         0x08006983   Thumb Code    18  stm32f10x_usart.o(.text)
    USART_IrDACmd                            0x08006995   Thumb Code    24  stm32f10x_usart.o(.text)
    USART_GetFlagStatus                      0x080069ad   Thumb Code    26  stm32f10x_usart.o(.text)
    USART_ClearFlag                          0x080069c7   Thumb Code    18  stm32f10x_usart.o(.text)
    USART_GetITStatus                        0x080069d9   Thumb Code    84  stm32f10x_usart.o(.text)
    USART_ClearITPendingBit                  0x08006a2d   Thumb Code    52  stm32f10x_usart.o(.text)
    __use_no_semihosting                     0x08006a61   Thumb Code     2  use_no_semi_2.o(.text)
    __aeabi_ldivmod                          0x08006a63   Thumb Code     0  llsdiv.o(.text)
    _ll_sdiv                                 0x08006a63   Thumb Code    72  llsdiv.o(.text)
    __2printf                                0x08006aad   Thumb Code    20  noretval__2printf.o(.text)
    _printf_pre_padding                      0x08006ac5   Thumb Code    44  _printf_pad.o(.text)
    _printf_post_padding                     0x08006af1   Thumb Code    34  _printf_pad.o(.text)
    _printf_int_dec                          0x08006b15   Thumb Code   104  _printf_dec.o(.text)
    _printf_int_hex                          0x08006b8d   Thumb Code    84  _printf_hex_int.o(.text)
    _printf_longlong_hex                     0x08006b8d   Thumb Code     0  _printf_hex_int.o(.text)
    __printf                                 0x08006be5   Thumb Code   308  __printf_flags_wp.o(.text)
    memcmp                                   0x08006d1d   Thumb Code    88  memcmp.o(.text)
    __aeabi_memset                           0x08006d75   Thumb Code    16  aeabi_memset.o(.text)
    __use_two_region_memory                  0x08006d85   Thumb Code     2  heapauxi.o(.text)
    __rt_heap_escrow$2region                 0x08006d87   Thumb Code     2  heapauxi.o(.text)
    __rt_heap_expand$2region                 0x08006d89   Thumb Code     2  heapauxi.o(.text)
    __I$use$semihosting                      0x08006d8b   Thumb Code     0  use_no_semi.o(.text)
    __use_no_semihosting_swi                 0x08006d8b   Thumb Code     2  use_no_semi.o(.text)
    __aeabi_uldivmod                         0x08006d8d   Thumb Code     0  lludivv7m.o(.text)
    _ll_udiv                                 0x08006d8d   Thumb Code   238  lludivv7m.o(.text)
    __read_errno                             0x08006e7b   Thumb Code    10  _rserrno.o(.text)
    __set_errno                              0x08006e85   Thumb Code    12  _rserrno.o(.text)
    _printf_int_common                       0x08006e91   Thumb Code   178  _printf_intcommon.o(.text)
    _printf_char_file                        0x08006f45   Thumb Code    32  _printf_char_file.o(.text)
    __aeabi_memclr                           0x08006f69   Thumb Code     0  rt_memclr.o(.text)
    __rt_memclr                              0x08006f69   Thumb Code    68  rt_memclr.o(.text)
    _memset                                  0x08006f6d   Thumb Code     0  rt_memclr.o(.text)
    __aeabi_errno_addr                       0x08006fad   Thumb Code     8  rt_errno_addr_intlibspace.o(.text)
    __errno$intlibspace                      0x08006fad   Thumb Code     0  rt_errno_addr_intlibspace.o(.text)
    __rt_errno_addr$intlibspace              0x08006fad   Thumb Code     0  rt_errno_addr_intlibspace.o(.text)
    _printf_char_common                      0x08006fbf   Thumb Code    32  _printf_char_common.o(.text)
    ferror                                   0x08006fe5   Thumb Code     8  ferror.o(.text)
    __aeabi_memclr4                          0x08006fed   Thumb Code     0  rt_memclr_w.o(.text)
    __aeabi_memclr8                          0x08006fed   Thumb Code     0  rt_memclr_w.o(.text)
    __rt_memclr_w                            0x08006fed   Thumb Code    78  rt_memclr_w.o(.text)
    _memset_w                                0x08006ff1   Thumb Code     0  rt_memclr_w.o(.text)
    __user_libspace                          0x0800703d   Thumb Code     8  libspace.o(.text)
    __user_perproc_libspace                  0x0800703d   Thumb Code     0  libspace.o(.text)
    __user_perthread_libspace                0x0800703d   Thumb Code     0  libspace.o(.text)
    __user_setup_stackheap                   0x08007045   Thumb Code    74  sys_stackheap_outer.o(.text)
    exit                                     0x0800708f   Thumb Code    18  exit.o(.text)
    __ARM_fpclassify                         0x080070a1   Thumb Code    40  fpclassify.o(i.__ARM_fpclassify)
    __kernel_poly                            0x080070c9   Thumb Code   170  poly.o(i.__kernel_poly)
    __mathlib_dbl_infnan                     0x08007173   Thumb Code     6  dunder.o(i.__mathlib_dbl_infnan)
    __mathlib_dbl_infnan2                    0x08007179   Thumb Code     4  dunder.o(i.__mathlib_dbl_infnan2)
    __mathlib_dbl_invalid                    0x0800717d   Thumb Code    12  dunder.o(i.__mathlib_dbl_invalid)
    __mathlib_dbl_underflow                  0x08007189   Thumb Code    10  dunder.o(i.__mathlib_dbl_underflow)
    _is_digit                                0x08007199   Thumb Code    14  __printf_wp.o(i._is_digit)
    asin                                     0x080071a9   Thumb Code   572  asin.o(i.asin)
    atan                                     0x08007419   Thumb Code   474  atan.o(i.atan)
    atan2                                    0x08007639   Thumb Code   346  atan2.o(i.atan2)
    sqrt                                     0x080077b9   Thumb Code    76  sqrt.o(i.sqrt)
    __aeabi_d2f                              0x08007805   Thumb Code     0  d2f.o(x$fpl$d2f)
    _d2f                                     0x08007805   Thumb Code    98  d2f.o(x$fpl$d2f)
    __aeabi_dadd                             0x08007869   Thumb Code     0  daddsub_clz.o(x$fpl$dadd)
    _dadd                                    0x08007869   Thumb Code   332  daddsub_clz.o(x$fpl$dadd)
    __fpl_dcheck_NaN1                        0x080079b9   Thumb Code    10  dcheck1.o(x$fpl$dcheck1)
    __fpl_dcmp_Inf                           0x080079c9   Thumb Code    24  dcmpi.o(x$fpl$dcmpinf)
    __aeabi_ddiv                             0x080079e1   Thumb Code     0  ddiv.o(x$fpl$ddiv)
    _ddiv                                    0x080079e1   Thumb Code   552  ddiv.o(x$fpl$ddiv)
    __aeabi_d2iz                             0x08007c91   Thumb Code     0  dfix.o(x$fpl$dfix)
    _dfix                                    0x08007c91   Thumb Code    94  dfix.o(x$fpl$dfix)
    __aeabi_d2uiz                            0x08007cf1   Thumb Code     0  dfixu.o(x$fpl$dfixu)
    _dfixu                                   0x08007cf1   Thumb Code    90  dfixu.o(x$fpl$dfixu)
    __aeabi_i2d                              0x08007d4b   Thumb Code     0  dflt_clz.o(x$fpl$dflt)
    _dflt                                    0x08007d4b   Thumb Code    46  dflt_clz.o(x$fpl$dflt)
    __aeabi_ui2d                             0x08007d79   Thumb Code     0  dflt_clz.o(x$fpl$dfltu)
    _dfltu                                   0x08007d79   Thumb Code    38  dflt_clz.o(x$fpl$dfltu)
    __aeabi_cdcmple                          0x08007da1   Thumb Code     0  dleqf.o(x$fpl$dleqf)
    _dcmple                                  0x08007da1   Thumb Code   120  dleqf.o(x$fpl$dleqf)
    __fpl_dcmple_InfNaN                      0x08007e03   Thumb Code     0  dleqf.o(x$fpl$dleqf)
    __aeabi_dmul                             0x08007e19   Thumb Code     0  dmul.o(x$fpl$dmul)
    _dmul                                    0x08007e19   Thumb Code   332  dmul.o(x$fpl$dmul)
    __fpl_dnaninf                            0x08007f6d   Thumb Code   156  dnaninf.o(x$fpl$dnaninf)
    __fpl_dretinf                            0x08008009   Thumb Code    12  dretinf.o(x$fpl$dretinf)
    __aeabi_drsub                            0x08008015   Thumb Code     0  daddsub_clz.o(x$fpl$drsb)
    _drsb                                    0x08008015   Thumb Code    22  daddsub_clz.o(x$fpl$drsb)
    _dsqrt                                   0x0800802d   Thumb Code   456  dsqrt_noumaal.o(x$fpl$dsqrt)
    __aeabi_dsub                             0x080081f9   Thumb Code     0  daddsub_clz.o(x$fpl$dsub)
    _dsub                                    0x080081f9   Thumb Code   464  daddsub_clz.o(x$fpl$dsub)
    __aeabi_f2d                              0x080083cd   Thumb Code     0  f2d.o(x$fpl$f2d)
    _f2d                                     0x080083cd   Thumb Code    86  f2d.o(x$fpl$f2d)
    __aeabi_fadd                             0x08008425   Thumb Code     0  faddsub_clz.o(x$fpl$fadd)
    _fadd                                    0x08008425   Thumb Code   196  faddsub_clz.o(x$fpl$fadd)
    __fpl_fcmp_Inf                           0x080084e9   Thumb Code    24  fcmpi.o(x$fpl$fcmpinf)
    __aeabi_fdiv                             0x08008501   Thumb Code     0  fdiv.o(x$fpl$fdiv)
    _fdiv                                    0x08008501   Thumb Code   384  fdiv.o(x$fpl$fdiv)
    __aeabi_cfcmpeq                          0x08008685   Thumb Code     0  feqf.o(x$fpl$feqf)
    _fcmpeq                                  0x08008685   Thumb Code   104  feqf.o(x$fpl$feqf)
    __aeabi_f2iz                             0x080086ed   Thumb Code     0  ffix.o(x$fpl$ffix)
    _ffix                                    0x080086ed   Thumb Code    54  ffix.o(x$fpl$ffix)
    __aeabi_f2uiz                            0x08008725   Thumb Code     0  ffixu.o(x$fpl$ffixu)
    _ffixu                                   0x08008725   Thumb Code    62  ffixu.o(x$fpl$ffixu)
    __aeabi_i2f                              0x08008765   Thumb Code     0  fflt_clz.o(x$fpl$fflt)
    _fflt                                    0x08008765   Thumb Code    48  fflt_clz.o(x$fpl$fflt)
    __aeabi_ui2f                             0x08008795   Thumb Code     0  fflt_clz.o(x$fpl$ffltu)
    _ffltu                                   0x08008795   Thumb Code    38  fflt_clz.o(x$fpl$ffltu)
    __aeabi_cfcmple                          0x080087bd   Thumb Code     0  fleqf.o(x$fpl$fleqf)
    _fcmple                                  0x080087bd   Thumb Code   104  fleqf.o(x$fpl$fleqf)
    __fpl_fcmple_InfNaN                      0x0800880f   Thumb Code     0  fleqf.o(x$fpl$fleqf)
    __aeabi_fmul                             0x08008825   Thumb Code     0  fmul.o(x$fpl$fmul)
    _fmul                                    0x08008825   Thumb Code   258  fmul.o(x$fpl$fmul)
    __fpl_fnaninf                            0x08008927   Thumb Code   140  fnaninf.o(x$fpl$fnaninf)
    __fpl_fretinf                            0x080089b3   Thumb Code    10  fretinf.o(x$fpl$fretinf)
    __aeabi_cfrcmple                         0x080089bd   Thumb Code     0  frleqf.o(x$fpl$frleqf)
    _frcmple                                 0x080089bd   Thumb Code    98  frleqf.o(x$fpl$frleqf)
    __aeabi_fsub                             0x08008a21   Thumb Code     0  faddsub_clz.o(x$fpl$fsub)
    _fsub                                    0x08008a21   Thumb Code   234  faddsub_clz.o(x$fpl$fsub)
    __fpl_return_NaN                         0x08008b0b   Thumb Code   100  retnan.o(x$fpl$retnan)
    __ARM_scalbn                             0x08008b6f   Thumb Code    92  scalbn.o(x$fpl$scalbn)
    __fpl_cmpreturn                          0x08008bcb   Thumb Code    48  trapv.o(x$fpl$trapveneer)
    F6x8                                     0x08008bfa   Data         552  oled.o(.constdata)
    __I$use$fp                               0x08008bfa   Number         0  usenofp.o(x$fpl$usenofp)
    F8X16                                    0x08008e22   Data        1520  oled.o(.constdata)
    reg                                      0x08009414   Data          27  inv_mpu.o(.constdata)
    hw                                       0x08009430   Data          12  inv_mpu.o(.constdata)
    test                                     0x0800943c   Data          40  inv_mpu.o(.constdata)
    __mathlib_zero                           0x0800a180   Data           8  qnan.o(.constdata)
    Region$$Table$$Base                      0x0800a1d8   Number         0  anon$$obj.o(Region$$Table)
    Region$$Table$$Limit                     0x0800a1f8   Number         0  anon$$obj.o(Region$$Table)
    pitch                                    0x20000000   Data           4  main.o(.data)
    roll                                     0x20000004   Data           4  main.o(.data)
    yaw                                      0x20000008   Data           4  main.o(.data)
    aacx                                     0x2000000c   Data           2  main.o(.data)
    aacy                                     0x2000000e   Data           2  main.o(.data)
    aacz                                     0x20000010   Data           2  main.o(.data)
    gyrox                                    0x20000012   Data           2  main.o(.data)
    gyroy                                    0x20000014   Data           2  main.o(.data)
    gyroz                                    0x20000016   Data           2  main.o(.data)
    Encoder_Left                             0x20000018   Data           4  main.o(.data)
    Encoder_Right                            0x2000001c   Data           4  main.o(.data)
    Moto1                                    0x20000020   Data           4  main.o(.data)
    Moto2                                    0x20000024   Data           4  main.o(.data)
    SystemCoreClock                          0x20000028   Data           4  system_stm32f10x.o(.data)
    AHBPrescTable                            0x2000002c   Data          16  system_stm32f10x.o(.data)
    __stdout                                 0x20000040   Data           4  usart.o(.data)
    USART_RX_STA                             0x20000044   Data           1  usart.o(.data)
    Balance_Pwm                              0x20000048   Data           4  control.o(.data)
    Velocity_Pwm                             0x2000004c   Data           4  control.o(.data)
    Turn_Pwm                                 0x20000050   Data           4  control.o(.data)
    Mechanical_angle                         0x20000054   Data           4  control.o(.data)
    balance_UP_KP                            0x20000058   Data           4  control.o(.data)
    balance_UP_KD                            0x2000005c   Data           4  control.o(.data)
    velocity_KP                              0x20000060   Data           4  control.o(.data)
    velocity_KI                              0x20000064   Data           4  control.o(.data)
    Hzk                                      0x2000007c   Data         896  oled.o(.data)
    USART_RX_BUF                             0x20000448   Data          64  usart.o(.bss)
    __libspace_start                         0x20000498   Data          96  libspace.o(.bss)
    __temporary_stack_top$libspace           0x200004f8   Data           0  libspace.o(.bss)



==============================================================================

Memory Map of the image

  Image Entry point : 0x080000ed

  Load Region LR_IROM1 (Base: 0x08000000, Size: 0x0000a640, Max: 0x00010000, ABSOLUTE, COMPRESSED[0x0000a39c])

    Execution Region ER_IROM1 (Exec base: 0x08000000, Load base: 0x08000000, Size: 0x0000a1f8, Max: 0x00010000, ABSOLUTE)

    Exec Addr    Load Addr    Size         Type   Attr      Idx    E Section Name        Object

    0x08000000   0x08000000   0x000000ec   Data   RO          753    RESET               startup_stm32f10x_md.o
    0x080000ec   0x080000ec   0x00000008   Code   RO         1378  * !!!main             c_w.l(__main.o)
    0x080000f4   0x080000f4   0x00000034   Code   RO         1713    !!!scatter          c_w.l(__scatter.o)
    0x08000128   0x08000128   0x0000005a   Code   RO         1711    !!dczerorl2         c_w.l(__dczerorl2.o)
    0x08000182   0x08000182   0x00000002   PAD
    0x08000184   0x08000184   0x0000001c   Code   RO         1715    !!handler_zi        c_w.l(__scatter_zi.o)
    0x080001a0   0x080001a0   0x00000000   Code   RO         1371    .ARM.Collect$$_printf_percent$$00000000  c_w.l(_printf_percent.o)
    0x080001a0   0x080001a0   0x00000006   Code   RO         1370    .ARM.Collect$$_printf_percent$$00000009  c_w.l(_printf_d.o)
    0x080001a6   0x080001a6   0x00000006   Code   RO         1369    .ARM.Collect$$_printf_percent$$0000000C  c_w.l(_printf_x.o)
    0x080001ac   0x080001ac   0x00000004   Code   RO         1473    .ARM.Collect$$_printf_percent$$00000017  c_w.l(_printf_percent_end.o)
    0x080001b0   0x080001b0   0x00000002   Code   RO         1580    .ARM.Collect$$libinit$$00000000  c_w.l(libinit.o)
    0x080001b2   0x080001b2   0x00000000   Code   RO         1590    .ARM.Collect$$libinit$$00000002  c_w.l(libinit2.o)
    0x080001b2   0x080001b2   0x00000000   Code   RO         1592    .ARM.Collect$$libinit$$00000004  c_w.l(libinit2.o)
    0x080001b2   0x080001b2   0x00000000   Code   RO         1595    .ARM.Collect$$libinit$$0000000A  c_w.l(libinit2.o)
    0x080001b2   0x080001b2   0x00000000   Code   RO         1597    .ARM.Collect$$libinit$$0000000C  c_w.l(libinit2.o)
    0x080001b2   0x080001b2   0x00000000   Code   RO         1599    .ARM.Collect$$libinit$$0000000E  c_w.l(libinit2.o)
    0x080001b2   0x080001b2   0x00000000   Code   RO         1602    .ARM.Collect$$libinit$$00000011  c_w.l(libinit2.o)
    0x080001b2   0x080001b2   0x00000000   Code   RO         1604    .ARM.Collect$$libinit$$00000013  c_w.l(libinit2.o)
    0x080001b2   0x080001b2   0x00000000   Code   RO         1606    .ARM.Collect$$libinit$$00000015  c_w.l(libinit2.o)
    0x080001b2   0x080001b2   0x00000000   Code   RO         1608    .ARM.Collect$$libinit$$00000017  c_w.l(libinit2.o)
    0x080001b2   0x080001b2   0x00000000   Code   RO         1610    .ARM.Collect$$libinit$$00000019  c_w.l(libinit2.o)
    0x080001b2   0x080001b2   0x00000000   Code   RO         1612    .ARM.Collect$$libinit$$0000001B  c_w.l(libinit2.o)
    0x080001b2   0x080001b2   0x00000000   Code   RO         1614    .ARM.Collect$$libinit$$0000001D  c_w.l(libinit2.o)
    0x080001b2   0x080001b2   0x00000000   Code   RO         1616    .ARM.Collect$$libinit$$0000001F  c_w.l(libinit2.o)
    0x080001b2   0x080001b2   0x00000000   Code   RO         1618    .ARM.Collect$$libinit$$00000021  c_w.l(libinit2.o)
    0x080001b2   0x080001b2   0x00000000   Code   RO         1620    .ARM.Collect$$libinit$$00000023  c_w.l(libinit2.o)
    0x080001b2   0x080001b2   0x00000000   Code   RO         1622    .ARM.Collect$$libinit$$00000025  c_w.l(libinit2.o)
    0x080001b2   0x080001b2   0x00000000   Code   RO         1626    .ARM.Collect$$libinit$$0000002C  c_w.l(libinit2.o)
    0x080001b2   0x080001b2   0x00000000   Code   RO         1628    .ARM.Collect$$libinit$$0000002E  c_w.l(libinit2.o)
    0x080001b2   0x080001b2   0x00000000   Code   RO         1630    .ARM.Collect$$libinit$$00000030  c_w.l(libinit2.o)
    0x080001b2   0x080001b2   0x00000000   Code   RO         1632    .ARM.Collect$$libinit$$00000032  c_w.l(libinit2.o)
    0x080001b2   0x080001b2   0x00000002   Code   RO         1633    .ARM.Collect$$libinit$$00000033  c_w.l(libinit2.o)
    0x080001b4   0x080001b4   0x00000002   Code   RO         1663    .ARM.Collect$$libshutdown$$00000000  c_w.l(libshutdown.o)
    0x080001b6   0x080001b6   0x00000000   Code   RO         1677    .ARM.Collect$$libshutdown$$00000002  c_w.l(libshutdown2.o)
    0x080001b6   0x080001b6   0x00000000   Code   RO         1679    .ARM.Collect$$libshutdown$$00000004  c_w.l(libshutdown2.o)
    0x080001b6   0x080001b6   0x00000000   Code   RO         1682    .ARM.Collect$$libshutdown$$00000007  c_w.l(libshutdown2.o)
    0x080001b6   0x080001b6   0x00000000   Code   RO         1685    .ARM.Collect$$libshutdown$$0000000A  c_w.l(libshutdown2.o)
    0x080001b6   0x080001b6   0x00000000   Code   RO         1687    .ARM.Collect$$libshutdown$$0000000C  c_w.l(libshutdown2.o)
    0x080001b6   0x080001b6   0x00000000   Code   RO         1690    .ARM.Collect$$libshutdown$$0000000F  c_w.l(libshutdown2.o)
    0x080001b6   0x080001b6   0x00000002   Code   RO         1691    .ARM.Collect$$libshutdown$$00000010  c_w.l(libshutdown2.o)
    0x080001b8   0x080001b8   0x00000000   Code   RO         1464    .ARM.Collect$$rtentry$$00000000  c_w.l(__rtentry.o)
    0x080001b8   0x080001b8   0x00000000   Code   RO         1529    .ARM.Collect$$rtentry$$00000002  c_w.l(__rtentry2.o)
    0x080001b8   0x080001b8   0x00000006   Code   RO         1541    .ARM.Collect$$rtentry$$00000004  c_w.l(__rtentry4.o)
    0x080001be   0x080001be   0x00000000   Code   RO         1531    .ARM.Collect$$rtentry$$00000009  c_w.l(__rtentry2.o)
    0x080001be   0x080001be   0x00000004   Code   RO         1532    .ARM.Collect$$rtentry$$0000000A  c_w.l(__rtentry2.o)
    0x080001c2   0x080001c2   0x00000000   Code   RO         1534    .ARM.Collect$$rtentry$$0000000C  c_w.l(__rtentry2.o)
    0x080001c2   0x080001c2   0x00000008   Code   RO         1535    .ARM.Collect$$rtentry$$0000000D  c_w.l(__rtentry2.o)
    0x080001ca   0x080001ca   0x00000002   Code   RO         1583    .ARM.Collect$$rtexit$$00000000  c_w.l(rtexit.o)
    0x080001cc   0x080001cc   0x00000000   Code   RO         1637    .ARM.Collect$$rtexit$$00000002  c_w.l(rtexit2.o)
    0x080001cc   0x080001cc   0x00000004   Code   RO         1638    .ARM.Collect$$rtexit$$00000003  c_w.l(rtexit2.o)
    0x080001d0   0x080001d0   0x00000006   Code   RO         1639    .ARM.Collect$$rtexit$$00000004  c_w.l(rtexit2.o)
    0x080001d6   0x080001d6   0x00000002   PAD
    0x080001d8   0x080001d8   0x000000a8   Code   RO            4    .text               main.o
    0x08000280   0x08000280   0x0000001a   Code   RO          182    .text               stm32f10x_it.o
    0x0800029a   0x0800029a   0x00000002   PAD
    0x0800029c   0x0800029c   0x000001e0   Code   RO          292    .text               system_stm32f10x.o
    0x0800047c   0x0800047c   0x000000d4   Code   RO          322    .text               delay.o
    0x08000550   0x08000550   0x00000098   Code   RO          414    .text               sys.o
    0x080005e8   0x080005e8   0x00000124   Code   RO          438    .text               usart.o
    0x0800070c   0x0800070c   0x00000050   Code   RO          470    .text               exti.o
    0x0800075c   0x0800075c   0x00000264   Code   RO          497    .text               control.o
    0x080009c0   0x080009c0   0x000001b8   Code   RO          524    .text               encoder.o
    0x08000b78   0x08000b78   0x0000012c   Code   RO          548    .text               motor.o
    0x08000ca4   0x08000ca4   0x000000a8   Code   RO          572    .text               pwm.o
    0x08000d4c   0x08000d4c   0x00000c14   Code   RO          596    .text               oled.o
    0x08001960   0x08001960   0x00000368   Code   RO          627    .text               mpu6050.o
    0x08001cc8   0x08001cc8   0x00000244   Code   RO          651    .text               mpuiic.o
    0x08001f0c   0x08001f0c   0x00002288   Code   RO          675    .text               inv_mpu.o
    0x08004194   0x08004194   0x00000d70   Code   RO          711    .text               inv_mpu_dmp_motion_driver.o
    0x08004f04   0x08004f04   0x00000040   Code   RO          754    .text               startup_stm32f10x_md.o
    0x08004f44   0x08004f44   0x000000dc   Code   RO          761    .text               misc.o
    0x08005020   0x08005020   0x0000011c   Code   RO          977    .text               stm32f10x_exti.o
    0x0800513c   0x0800513c   0x0000035c   Code   RO         1049    .text               stm32f10x_gpio.o
    0x08005498   0x08005498   0x000003a4   Code   RO         1145    .text               stm32f10x_rcc.o
    0x0800583c   0x0800583c   0x00000e1a   Code   RO         1243    .text               stm32f10x_tim.o
    0x08006656   0x08006656   0x00000002   PAD
    0x08006658   0x08006658   0x00000408   Code   RO         1267    .text               stm32f10x_usart.o
    0x08006a60   0x08006a60   0x00000002   Code   RO         1314    .text               c_w.l(use_no_semi_2.o)
    0x08006a62   0x08006a62   0x00000048   Code   RO         1316    .text               c_w.l(llsdiv.o)
    0x08006aaa   0x08006aaa   0x00000002   PAD
    0x08006aac   0x08006aac   0x00000018   Code   RO         1320    .text               c_w.l(noretval__2printf.o)
    0x08006ac4   0x08006ac4   0x0000004e   Code   RO         1324    .text               c_w.l(_printf_pad.o)
    0x08006b12   0x08006b12   0x00000002   PAD
    0x08006b14   0x08006b14   0x00000078   Code   RO         1326    .text               c_w.l(_printf_dec.o)
    0x08006b8c   0x08006b8c   0x00000058   Code   RO         1331    .text               c_w.l(_printf_hex_int.o)
    0x08006be4   0x08006be4   0x00000138   Code   RO         1361    .text               c_w.l(__printf_flags_wp.o)
    0x08006d1c   0x08006d1c   0x00000058   Code   RO         1372    .text               c_w.l(memcmp.o)
    0x08006d74   0x08006d74   0x00000010   Code   RO         1374    .text               c_w.l(aeabi_memset.o)
    0x08006d84   0x08006d84   0x00000006   Code   RO         1376    .text               c_w.l(heapauxi.o)
    0x08006d8a   0x08006d8a   0x00000002   Code   RO         1462    .text               c_w.l(use_no_semi.o)
    0x08006d8c   0x08006d8c   0x000000ee   Code   RO         1465    .text               c_w.l(lludivv7m.o)
    0x08006e7a   0x08006e7a   0x00000016   Code   RO         1467    .text               c_w.l(_rserrno.o)
    0x08006e90   0x08006e90   0x000000b2   Code   RO         1469    .text               c_w.l(_printf_intcommon.o)
    0x08006f42   0x08006f42   0x00000002   PAD
    0x08006f44   0x08006f44   0x00000024   Code   RO         1471    .text               c_w.l(_printf_char_file.o)
    0x08006f68   0x08006f68   0x00000044   Code   RO         1474    .text               c_w.l(rt_memclr.o)
    0x08006fac   0x08006fac   0x00000008   Code   RO         1550    .text               c_w.l(rt_errno_addr_intlibspace.o)
    0x08006fb4   0x08006fb4   0x00000030   Code   RO         1552    .text               c_w.l(_printf_char_common.o)
    0x08006fe4   0x08006fe4   0x00000008   Code   RO         1554    .text               c_w.l(ferror.o)
    0x08006fec   0x08006fec   0x0000004e   Code   RO         1558    .text               c_w.l(rt_memclr_w.o)
    0x0800703a   0x0800703a   0x00000002   PAD
    0x0800703c   0x0800703c   0x00000008   Code   RO         1564    .text               c_w.l(libspace.o)
    0x08007044   0x08007044   0x0000004a   Code   RO         1567    .text               c_w.l(sys_stackheap_outer.o)
    0x0800708e   0x0800708e   0x00000012   Code   RO         1573    .text               c_w.l(exit.o)
    0x080070a0   0x080070a0   0x00000028   Code   RO         1515    i.__ARM_fpclassify  m_ws.l(fpclassify.o)
    0x080070c8   0x080070c8   0x000000aa   Code   RO         1517    i.__kernel_poly     m_ws.l(poly.o)
    0x08007172   0x08007172   0x00000006   Code   RO         1502    i.__mathlib_dbl_infnan  m_ws.l(dunder.o)
    0x08007178   0x08007178   0x00000004   Code   RO         1503    i.__mathlib_dbl_infnan2  m_ws.l(dunder.o)
    0x0800717c   0x0800717c   0x0000000c   Code   RO         1504    i.__mathlib_dbl_invalid  m_ws.l(dunder.o)
    0x08007188   0x08007188   0x00000010   Code   RO         1507    i.__mathlib_dbl_underflow  m_ws.l(dunder.o)
    0x08007198   0x08007198   0x0000000e   Code   RO         1359    i._is_digit         c_w.l(__printf_wp.o)
    0x080071a6   0x080071a6   0x00000002   PAD
    0x080071a8   0x080071a8   0x00000270   Code   RO         1445    i.asin              m_ws.l(asin.o)
    0x08007418   0x08007418   0x00000220   Code   RO         1492    i.atan              m_ws.l(atan.o)
    0x08007638   0x08007638   0x00000180   Code   RO         1455    i.atan2             m_ws.l(atan2.o)
    0x080077b8   0x080077b8   0x0000004c   Code   RO         1521    i.sqrt              m_ws.l(sqrt.o)
    0x08007804   0x08007804   0x00000062   Code   RO         1380    x$fpl$d2f           fz_ws.l(d2f.o)
    0x08007866   0x08007866   0x00000002   PAD
    0x08007868   0x08007868   0x00000150   Code   RO         1382    x$fpl$dadd          fz_ws.l(daddsub_clz.o)
    0x080079b8   0x080079b8   0x00000010   Code   RO         1560    x$fpl$dcheck1       fz_ws.l(dcheck1.o)
    0x080079c8   0x080079c8   0x00000018   Code   RO         1476    x$fpl$dcmpinf       fz_ws.l(dcmpi.o)
    0x080079e0   0x080079e0   0x000002b0   Code   RO         1389    x$fpl$ddiv          fz_ws.l(ddiv.o)
    0x08007c90   0x08007c90   0x0000005e   Code   RO         1392    x$fpl$dfix          fz_ws.l(dfix.o)
    0x08007cee   0x08007cee   0x00000002   PAD
    0x08007cf0   0x08007cf0   0x0000005a   Code   RO         1396    x$fpl$dfixu         fz_ws.l(dfixu.o)
    0x08007d4a   0x08007d4a   0x0000002e   Code   RO         1401    x$fpl$dflt          fz_ws.l(dflt_clz.o)
    0x08007d78   0x08007d78   0x00000026   Code   RO         1400    x$fpl$dfltu         fz_ws.l(dflt_clz.o)
    0x08007d9e   0x08007d9e   0x00000002   PAD
    0x08007da0   0x08007da0   0x00000078   Code   RO         1406    x$fpl$dleqf         fz_ws.l(dleqf.o)
    0x08007e18   0x08007e18   0x00000154   Code   RO         1408    x$fpl$dmul          fz_ws.l(dmul.o)
    0x08007f6c   0x08007f6c   0x0000009c   Code   RO         1478    x$fpl$dnaninf       fz_ws.l(dnaninf.o)
    0x08008008   0x08008008   0x0000000c   Code   RO         1480    x$fpl$dretinf       fz_ws.l(dretinf.o)
    0x08008014   0x08008014   0x00000016   Code   RO         1383    x$fpl$drsb          fz_ws.l(daddsub_clz.o)
    0x0800802a   0x0800802a   0x00000002   PAD
    0x0800802c   0x0800802c   0x000001cc   Code   RO         1562    x$fpl$dsqrt         fz_ws.l(dsqrt_noumaal.o)
    0x080081f8   0x080081f8   0x000001d4   Code   RO         1384    x$fpl$dsub          fz_ws.l(daddsub_clz.o)
    0x080083cc   0x080083cc   0x00000056   Code   RO         1410    x$fpl$f2d           fz_ws.l(f2d.o)
    0x08008422   0x08008422   0x00000002   PAD
    0x08008424   0x08008424   0x000000c4   Code   RO         1412    x$fpl$fadd          fz_ws.l(faddsub_clz.o)
    0x080084e8   0x080084e8   0x00000018   Code   RO         1482    x$fpl$fcmpinf       fz_ws.l(fcmpi.o)
    0x08008500   0x08008500   0x00000184   Code   RO         1419    x$fpl$fdiv          fz_ws.l(fdiv.o)
    0x08008684   0x08008684   0x00000068   Code   RO         1422    x$fpl$feqf          fz_ws.l(feqf.o)
    0x080086ec   0x080086ec   0x00000036   Code   RO         1424    x$fpl$ffix          fz_ws.l(ffix.o)
    0x08008722   0x08008722   0x00000002   PAD
    0x08008724   0x08008724   0x0000003e   Code   RO         1428    x$fpl$ffixu         fz_ws.l(ffixu.o)
    0x08008762   0x08008762   0x00000002   PAD
    0x08008764   0x08008764   0x00000030   Code   RO         1433    x$fpl$fflt          fz_ws.l(fflt_clz.o)
    0x08008794   0x08008794   0x00000026   Code   RO         1432    x$fpl$ffltu         fz_ws.l(fflt_clz.o)
    0x080087ba   0x080087ba   0x00000002   PAD
    0x080087bc   0x080087bc   0x00000068   Code   RO         1438    x$fpl$fleqf         fz_ws.l(fleqf.o)
    0x08008824   0x08008824   0x00000102   Code   RO         1440    x$fpl$fmul          fz_ws.l(fmul.o)
    0x08008926   0x08008926   0x0000008c   Code   RO         1484    x$fpl$fnaninf       fz_ws.l(fnaninf.o)
    0x080089b2   0x080089b2   0x0000000a   Code   RO         1486    x$fpl$fretinf       fz_ws.l(fretinf.o)
    0x080089bc   0x080089bc   0x00000062   Code   RO         1442    x$fpl$frleqf        fz_ws.l(frleqf.o)
    0x08008a1e   0x08008a1e   0x00000002   PAD
    0x08008a20   0x08008a20   0x000000ea   Code   RO         1414    x$fpl$fsub          fz_ws.l(faddsub_clz.o)
    0x08008b0a   0x08008b0a   0x00000064   Code   RO         1581    x$fpl$retnan        fz_ws.l(retnan.o)
    0x08008b6e   0x08008b6e   0x0000005c   Code   RO         1488    x$fpl$scalbn        fz_ws.l(scalbn.o)
    0x08008bca   0x08008bca   0x00000030   Code   RO         1634    x$fpl$trapveneer    fz_ws.l(trapv.o)
    0x08008bfa   0x08008bfa   0x00000000   Code   RO         1490    x$fpl$usenofp       fz_ws.l(usenofp.o)
    0x08008bfa   0x08008bfa   0x00000818   Data   RO          597    .constdata          oled.o
    0x08009412   0x08009412   0x00000002   PAD
    0x08009414   0x08009414   0x00000050   Data   RO          676    .constdata          inv_mpu.o
    0x08009464   0x08009464   0x00000bf6   Data   RO          713    .constdata          inv_mpu_dmp_motion_driver.o
    0x0800a05a   0x0800a05a   0x00000028   Data   RO         1332    .constdata          c_w.l(_printf_hex_int.o)
    0x0800a082   0x0800a082   0x00000011   Data   RO         1362    .constdata          c_w.l(__printf_flags_wp.o)
    0x0800a093   0x0800a093   0x00000005   PAD
    0x0800a098   0x0800a098   0x00000050   Data   RO         1446    .constdata          m_ws.l(asin.o)
    0x0800a0e8   0x0800a0e8   0x00000098   Data   RO         1493    .constdata          m_ws.l(atan.o)
    0x0800a180   0x0800a180   0x00000008   Data   RO         1519    .constdata          m_ws.l(qnan.o)
    0x0800a188   0x0800a188   0x0000004d   Data   RO          677    .conststring        inv_mpu.o
    0x0800a1d5   0x0800a1d5   0x00000003   PAD
    0x0800a1d8   0x0800a1d8   0x00000020   Data   RO         1709    Region$$Table       anon$$obj.o


    Execution Region RW_IRAM1 (Exec base: 0x20000000, Load base: 0x0800a1f8, Size: 0x00000af8, Max: 0x00005000, ABSOLUTE, COMPRESSED[0x000001a4])

    Exec Addr    Load Addr    Size         Type   Attr      Idx    E Section Name        Object

    0x20000000   COMPRESSED   0x00000028   Data   RW            5    .data               main.o
    0x20000028   COMPRESSED   0x00000014   Data   RW          293    .data               system_stm32f10x.o
    0x2000003c   COMPRESSED   0x00000004   Data   RW          323    .data               delay.o
    0x20000040   COMPRESSED   0x00000005   Data   RW          440    .data               usart.o
    0x20000045   COMPRESSED   0x00000003   PAD
    0x20000048   COMPRESSED   0x00000034   Data   RW          498    .data               control.o
    0x2000007c   COMPRESSED   0x00000380   Data   RW          598    .data               oled.o
    0x200003fc   COMPRESSED   0x00000035   Data   RW          678    .data               inv_mpu.o
    0x20000431   COMPRESSED   0x00000014   Data   RW         1146    .data               stm32f10x_rcc.o
    0x20000445   COMPRESSED   0x00000003   PAD
    0x20000448        -       0x00000040   Zero   RW          439    .bss                usart.o
    0x20000488        -       0x00000010   Zero   RW          712    .bss                inv_mpu_dmp_motion_driver.o
    0x20000498        -       0x00000060   Zero   RW         1565    .bss                c_w.l(libspace.o)
    0x200004f8        -       0x00000200   Zero   RW          752    HEAP                startup_stm32f10x_md.o
    0x200006f8        -       0x00000400   Zero   RW          751    STACK               startup_stm32f10x_md.o


==============================================================================

Image component sizes


      Code (inc. data)   RO Data    RW Data    ZI Data      Debug   Object Name

       612        126          0         52          0       2002   control.o
       212         18          0          4          0     207019   delay.o
       440         16          0          0          0       1615   encoder.o
        80          4          0          0          0        636   exti.o
      8840        196        157         53          0      24237   inv_mpu.o
      3440        126       3062          0         16      15675   inv_mpu_dmp_motion_driver.o
       168         18          0         40          0       5728   main.o
       220         22          0          0          0       1961   misc.o
       300         38          0          0          0       1379   motor.o
       872         18          0          0          0       4543   mpu6050.o
       580         14          0          0          0       2142   mpuiic.o
      3092         34       2072        896          0      10619   oled.o
       168          8          0          0          0        832   pwm.o
        64         26        236          0       1536        856   startup_stm32f10x_md.o
       284         10          0          0          0       2415   stm32f10x_exti.o
       860         38          0          0          0       5893   stm32f10x_gpio.o
        26          0          0          0          0      45098   stm32f10x_it.o
       932         36          0         20          0       9148   stm32f10x_rcc.o
      3610         88          0          0          0      23000   stm32f10x_tim.o
      1032         22          0          0          0       8616   stm32f10x_usart.o
       152          0          0          0          0        661   sys.o
       480         38          0         20          0       1979   system_stm32f10x.o
       292         16          0          5         64       3323   usart.o

    ----------------------------------------------------------------------
     26760        912       5564       1096       1616     379377   Object Totals
         0          0         32          0          0          0   (incl. Generated)
         4          0          5          6          0          0   (incl. Padding)

    ----------------------------------------------------------------------

      Code (inc. data)   RO Data    RW Data    ZI Data      Debug   Library Member Name

        90          0          0          0          0          0   __dczerorl2.o
         8          0          0          0          0         68   __main.o
       312          4         17          0          0         92   __printf_flags_wp.o
        14          0          0          0          0         68   __printf_wp.o
         0          0          0          0          0          0   __rtentry.o
        12          0          0          0          0          0   __rtentry2.o
         6          0          0          0          0          0   __rtentry4.o
        52          8          0          0          0          0   __scatter.o
        28          0          0          0          0          0   __scatter_zi.o
        48          6          0          0          0         96   _printf_char_common.o
        36          4          0          0          0         80   _printf_char_file.o
         6          0          0          0          0          0   _printf_d.o
       120         16          0          0          0         92   _printf_dec.o
        88          4         40          0          0         88   _printf_hex_int.o
       178          0          0          0          0         88   _printf_intcommon.o
        78          0          0          0          0        108   _printf_pad.o
         0          0          0          0          0          0   _printf_percent.o
         4          0          0          0          0          0   _printf_percent_end.o
         6          0          0          0          0          0   _printf_x.o
        22          0          0          0          0        100   _rserrno.o
        16          0          0          0          0         68   aeabi_memset.o
        18          0          0          0          0         80   exit.o
         8          0          0          0          0         68   ferror.o
         6          0          0          0          0        152   heapauxi.o
         2          0          0          0          0          0   libinit.o
         2          0          0          0          0          0   libinit2.o
         2          0          0          0          0          0   libshutdown.o
         2          0          0          0          0          0   libshutdown2.o
         8          4          0          0         96         68   libspace.o
        72          0          0          0          0         76   llsdiv.o
       238          0          0          0          0        100   lludivv7m.o
        88          0          0          0          0         76   memcmp.o
        24          4          0          0          0         84   noretval__2printf.o
         8          4          0          0          0         68   rt_errno_addr_intlibspace.o
        68          0          0          0          0         68   rt_memclr.o
        78          0          0          0          0         80   rt_memclr_w.o
         2          0          0          0          0          0   rtexit.o
        10          0          0          0          0          0   rtexit2.o
        74          0          0          0          0         80   sys_stackheap_outer.o
         2          0          0          0          0         68   use_no_semi.o
         2          0          0          0          0         68   use_no_semi_2.o
        98          4          0          0          0         92   d2f.o
       826         16          0          0          0        348   daddsub_clz.o
        16          4          0          0          0         68   dcheck1.o
        24          0          0          0          0         68   dcmpi.o
       688        140          0          0          0        208   ddiv.o
        94          4          0          0          0         92   dfix.o
        90          4          0          0          0         92   dfixu.o
        84          0          0          0          0        136   dflt_clz.o
       120          4          0          0          0         92   dleqf.o
       340         12          0          0          0        104   dmul.o
       156          4          0          0          0         92   dnaninf.o
        12          0          0          0          0         68   dretinf.o
       460         56          0          0          0        120   dsqrt_noumaal.o
        86          4          0          0          0         84   f2d.o
       430          8          0          0          0        168   faddsub_clz.o
        24          0          0          0          0         68   fcmpi.o
       388         76          0          0          0         96   fdiv.o
       104          4          0          0          0         84   feqf.o
        54          4          0          0          0         84   ffix.o
        62          4          0          0          0         84   ffixu.o
        86          0          0          0          0        136   fflt_clz.o
       104          4          0          0          0         84   fleqf.o
       258          4          0          0          0         84   fmul.o
       140          4          0          0          0         84   fnaninf.o
        10          0          0          0          0         68   fretinf.o
        98          0          0          0          0         68   frleqf.o
       100          0          0          0          0         68   retnan.o
        92          0          0          0          0         68   scalbn.o
        48          0          0          0          0         68   trapv.o
         0          0          0          0          0          0   usenofp.o
       624         52         80          0          0        168   asin.o
       544         70        152          0          0        124   atan.o
       384         38          0          0          0        144   atan2.o
        38          6          0          0          0        272   dunder.o
        40          0          0          0          0         68   fpclassify.o
       170          0          0          0          0         96   poly.o
         0          0          8          0          0          0   qnan.o
        76          0          0          0          0         84   sqrt.o

    ----------------------------------------------------------------------
      8838        580        302          0         96       6016   Library Totals
        32          0          5          0          0          0   (incl. Padding)

    ----------------------------------------------------------------------

      Code (inc. data)   RO Data    RW Data    ZI Data      Debug   Library Name

      1838         54         57          0         96       2084   c_w.l
      5092        360          0          0          0       2976   fz_ws.l
      1876        166        240          0          0        956   m_ws.l

    ----------------------------------------------------------------------
      8838        580        302          0         96       6016   Library Totals

    ----------------------------------------------------------------------

==============================================================================


      Code (inc. data)   RO Data    RW Data    ZI Data      Debug   

     35598       1492       5866       1096       1712     380085   Grand Totals
     35598       1492       5866        420       1712     380085   ELF Image Totals (compressed)
     35598       1492       5866        420          0          0   ROM Totals

==============================================================================

    Total RO  Size (Code + RO Data)                41464 (  40.49kB)
    Total RW  Size (RW Data + ZI Data)              2808 (   2.74kB)
    Total ROM Size (Code + RO Data + RW Data)      41884 (  40.90kB)

==============================================================================

